Archive member included because of file (symbol)

/arm/opt/gcc-arm/bin/../lib/gcc/arm-none-eabi/4.9.3/../../../../arm-none-eabi/lib/armv6-m/libc_nano.a(lib_a-exit.o)
                              /arm/opt/gcc-arm/bin/../lib/gcc/arm-none-eabi/4.9.3/../../../../arm-none-eabi/lib/armv6-m/crt0.o (exit)
/arm/opt/gcc-arm/bin/../lib/gcc/arm-none-eabi/4.9.3/../../../../arm-none-eabi/lib/armv6-m/libc_nano.a(lib_a-impure.o)
                              /arm/opt/gcc-arm/bin/../lib/gcc/arm-none-eabi/4.9.3/../../../../arm-none-eabi/lib/armv6-m/libc_nano.a(lib_a-exit.o) (_global_impure_ptr)
/arm/opt/gcc-arm/bin/../lib/gcc/arm-none-eabi/4.9.3/../../../../arm-none-eabi/lib/armv6-m/libc_nano.a(lib_a-init.o)
                              /arm/opt/gcc-arm/bin/../lib/gcc/arm-none-eabi/4.9.3/../../../../arm-none-eabi/lib/armv6-m/crt0.o (__libc_init_array)
/arm/opt/gcc-arm/bin/../lib/gcc/arm-none-eabi/4.9.3/../../../../arm-none-eabi/lib/armv6-m/libc_nano.a(lib_a-memset.o)
                              /arm/opt/gcc-arm/bin/../lib/gcc/arm-none-eabi/4.9.3/../../../../arm-none-eabi/lib/armv6-m/crt0.o (memset)
/arm/opt/gcc-arm/bin/../lib/gcc/arm-none-eabi/4.9.3/../../../../arm-none-eabi/lib/armv6-m/libnosys.a(_exit.o)
                              /arm/opt/gcc-arm/bin/../lib/gcc/arm-none-eabi/4.9.3/../../../../arm-none-eabi/lib/armv6-m/libc_nano.a(lib_a-exit.o) (_exit)
/arm/opt/gcc-arm/bin/../lib/gcc/arm-none-eabi/4.9.3/armv6-m/libgcc.a(_udivsi3.o)
                              _build/pstorage.o (__aeabi_uidiv)
/arm/opt/gcc-arm/bin/../lib/gcc/arm-none-eabi/4.9.3/armv6-m/libgcc.a(_divsi3.o)
                              _build/pstorage.o (__aeabi_idiv)
/arm/opt/gcc-arm/bin/../lib/gcc/arm-none-eabi/4.9.3/armv6-m/libgcc.a(_dvmd_tls.o)
                              /arm/opt/gcc-arm/bin/../lib/gcc/arm-none-eabi/4.9.3/armv6-m/libgcc.a(_udivsi3.o) (__aeabi_idiv0)
/arm/opt/gcc-arm/bin/../lib/gcc/arm-none-eabi/4.9.3/../../../../arm-none-eabi/lib/armv6-m/libc_nano.a(lib_a-memcmp.o)
                              _build/device_manager_central.o (memcmp)
/arm/opt/gcc-arm/bin/../lib/gcc/arm-none-eabi/4.9.3/../../../../arm-none-eabi/lib/armv6-m/libc_nano.a(lib_a-memcpy.o)
                              _build/pstorage.o (memcpy)
/arm/opt/gcc-arm/bin/../lib/gcc/arm-none-eabi/4.9.3/../../../../arm-none-eabi/lib/armv6-m/libc_nano.a(lib_a-printf.o)
                              _build/bsp.o (printf)
/arm/opt/gcc-arm/bin/../lib/gcc/arm-none-eabi/4.9.3/../../../../arm-none-eabi/lib/armv6-m/libc_nano.a(lib_a-strlen.o)
                              _build/ble_srv_common.o (strlen)
/arm/opt/gcc-arm/bin/../lib/gcc/arm-none-eabi/4.9.3/../../../../arm-none-eabi/lib/armv6-m/libc_nano.a(lib_a-findfp.o)
                              /arm/opt/gcc-arm/bin/../lib/gcc/arm-none-eabi/4.9.3/../../../../arm-none-eabi/lib/armv6-m/libc_nano.a(lib_a-printf.o) (__sinit)
/arm/opt/gcc-arm/bin/../lib/gcc/arm-none-eabi/4.9.3/../../../../arm-none-eabi/lib/armv6-m/libc_nano.a(lib_a-fwalk.o)
                              /arm/opt/gcc-arm/bin/../lib/gcc/arm-none-eabi/4.9.3/../../../../arm-none-eabi/lib/armv6-m/libc_nano.a(lib_a-findfp.o) (_fwalk)
/arm/opt/gcc-arm/bin/../lib/gcc/arm-none-eabi/4.9.3/../../../../arm-none-eabi/lib/armv6-m/libc_nano.a(lib_a-nano-mallocr.o)
                              /arm/opt/gcc-arm/bin/../lib/gcc/arm-none-eabi/4.9.3/../../../../arm-none-eabi/lib/armv6-m/libc_nano.a(lib_a-findfp.o) (_malloc_r)
/arm/opt/gcc-arm/bin/../lib/gcc/arm-none-eabi/4.9.3/../../../../arm-none-eabi/lib/armv6-m/libc_nano.a(lib_a-nano-vfprintf.o)
                              /arm/opt/gcc-arm/bin/../lib/gcc/arm-none-eabi/4.9.3/../../../../arm-none-eabi/lib/armv6-m/libc_nano.a(lib_a-printf.o) (_vfprintf_r)
/arm/opt/gcc-arm/bin/../lib/gcc/arm-none-eabi/4.9.3/../../../../arm-none-eabi/lib/armv6-m/libc_nano.a(lib_a-nano-vfprintf_i.o)
                              /arm/opt/gcc-arm/bin/../lib/gcc/arm-none-eabi/4.9.3/../../../../arm-none-eabi/lib/armv6-m/libc_nano.a(lib_a-nano-vfprintf.o) (_printf_i)
/arm/opt/gcc-arm/bin/../lib/gcc/arm-none-eabi/4.9.3/../../../../arm-none-eabi/lib/armv6-m/libc_nano.a(lib_a-sbrkr.o)
                              /arm/opt/gcc-arm/bin/../lib/gcc/arm-none-eabi/4.9.3/../../../../arm-none-eabi/lib/armv6-m/libc_nano.a(lib_a-nano-mallocr.o) (_sbrk_r)
/arm/opt/gcc-arm/bin/../lib/gcc/arm-none-eabi/4.9.3/../../../../arm-none-eabi/lib/armv6-m/libc_nano.a(lib_a-stdio.o)
                              /arm/opt/gcc-arm/bin/../lib/gcc/arm-none-eabi/4.9.3/../../../../arm-none-eabi/lib/armv6-m/libc_nano.a(lib_a-findfp.o) (__sread)
/arm/opt/gcc-arm/bin/../lib/gcc/arm-none-eabi/4.9.3/../../../../arm-none-eabi/lib/armv6-m/libc_nano.a(lib_a-wbuf.o)
                              /arm/opt/gcc-arm/bin/../lib/gcc/arm-none-eabi/4.9.3/../../../../arm-none-eabi/lib/armv6-m/libc_nano.a(lib_a-nano-vfprintf.o) (__swbuf_r)
/arm/opt/gcc-arm/bin/../lib/gcc/arm-none-eabi/4.9.3/../../../../arm-none-eabi/lib/armv6-m/libc_nano.a(lib_a-writer.o)
[...]
Memory Configuration

Name             Origin             Length             Attributes
FLASH            0x0001d000         0x00023000         xr
RAM              0x20002800         0x00001800         xrw
*default*        0x00000000         0xffffffff

Linker script and memory map

LOAD /arm/opt/gcc-arm/bin/../lib/gcc/arm-none-eabi/4.9.3/armv6-m/crti.o
LOAD /arm/opt/gcc-arm/bin/../lib/gcc/arm-none-eabi/4.9.3/armv6-m/crtbegin.o
LOAD /arm/opt/gcc-arm/bin/../lib/gcc/arm-none-eabi/4.9.3/../../../../arm-none-eabi/lib/armv6-m/crt0.o
LOAD /arm/opt/gcc-arm/bin/../lib/gcc/arm-none-eabi/4.9.3/../../../../arm-none-eabi/lib/armv6-m/libc_nano.a
LOAD /arm/opt/gcc-arm/bin/../lib/gcc/arm-none-eabi/4.9.3/../../../../arm-none-eabi/lib/armv6-m/libnosys.a
LOAD _build/app_button.o
LOAD _build/app_error.o
LOAD _build/app_fifo.o
LOAD _build/app_timer.o
LOAD _build/app_trace.o
LOAD _build/nrf_assert.o
LOAD _build/retarget.o
LOAD _build/app_uart_fifo.o
LOAD _build/nrf_delay.o
LOAD _build/nrf_drv_common.o
LOAD _build/nrf_drv_gpiote.o
LOAD _build/nrf_drv_uart.o
LOAD _build/pstorage.o
LOAD _build/bsp.o
LOAD _build/bsp_btn_ble.o
LOAD _build/main.o
LOAD _build/ble_advdata.o
LOAD _build/ble_bas_c.o
LOAD _build/ble_db_discovery.o
LOAD _build/ble_hrs_c.o
LOAD _build/ble_srv_common.o
LOAD _build/device_manager_central.o
LOAD _build/system_nrf51.o
LOAD _build/softdevice_handler.o
LOAD _build/gcc_startup_nrf51.o
START GROUP
LOAD /arm/opt/gcc-arm/bin/../lib/gcc/arm-none-eabi/4.9.3/armv6-m/libgcc.a
LOAD /arm/opt/gcc-arm/bin/../lib/gcc/arm-none-eabi/4.9.3/../../../../arm-none-eabi/lib/armv6-m/libc_nano.a
END GROUP
START GROUP
LOAD /arm/opt/gcc-arm/bin/../lib/gcc/arm-none-eabi/4.9.3/armv6-m/libgcc.a
LOAD /arm/opt/gcc-arm/bin/../lib/gcc/arm-none-eabi/4.9.3/../../../../arm-none-eabi/lib/armv6-m/libc_nano.a
END GROUP
LOAD /arm/opt/gcc-arm/bin/../lib/gcc/arm-none-eabi/4.9.3/armv6-m/crtend.o
LOAD /arm/opt/gcc-arm/bin/../lib/gcc/arm-none-eabi/4.9.3/armv6-m/crtn.o
START GROUP
LOAD /arm/opt/gcc-arm/bin/../lib/gcc/arm-none-eabi/4.9.3/armv6-m/libgcc.a
LOAD /arm/opt/gcc-arm/bin/../lib/gcc/arm-none-eabi/4.9.3/../../../../arm-none-eabi/lib/armv6-m/libc.a
LOAD /arm/opt/gcc-arm/bin/../lib/gcc/arm-none-eabi/4.9.3/../../../../arm-none-eabi/lib/armv6-m/libnosys.a
END GROUP

.fs_data_out    0x00000000        0x0
                0x00000000                PROVIDE (__start_fs_data, .)
 *(fs_data)
                0x00000000                PROVIDE (__stop_fs_data, .)

.text           0x0001d000     0x65a0
 *(.Vectors)
 .Vectors       0x0001d000       0xc0 _build/gcc_startup_nrf51.o
                0x0001d000                __Vectors
 *(.text*)
 .text          0x0001d0c0       0x60 /arm/opt/gcc-arm/bin/../lib/gcc/arm-none-eabi/4.9.3/armv6-m/crtbegin.o
 .text          0x0001d120       0x78 /arm/opt/gcc-arm/bin/../lib/gcc/arm-none-eabi/4.9.3/../../../../arm-none-eabi/lib/armv6-m/crt0.o
                0x0001d120                _mainCRTStartup
                0x0001d120                _start
 .text.exit     0x0001d198       0x2c /arm/opt/gcc-arm/bin/../lib/gcc/arm-none-eabi/4.9.3/../../../../arm-none-eabi/lib/armv6-m/libc_nano.a(lib_a-exit.o)
                0x0001d198                exit
 .text.__libc_init_array
                0x0001d1c4       0x4c /arm/opt/gcc-arm/bin/../lib/gcc/arm-none-eabi/4.9.3/../../../../arm-none-eabi/lib/armv6-m/libc_nano.a(lib_a-init.o)
                0x0001d1c4                __libc_init_array
 .text.memset   0x0001d210       0x10 /arm/opt/gcc-arm/bin/../lib/gcc/arm-none-eabi/4.9.3/../../../../arm-none-eabi/lib/armv6-m/libc_nano.a(lib_a-memset.o)
                0x0001d210                memset
 .text._exit    0x0001d220        0x4 /arm/opt/gcc-arm/bin/../lib/gcc/arm-none-eabi/4.9.3/../../../../arm-none-eabi/lib/armv6-m/libnosys.a(_exit.o)
                0x0001d220                _exit
 .text.app_error_handler
                0x0001d224       0x18 _build/app_error.o
                0x0001d224                app_error_handler
 .text.app_fifo_init
                0x0001d23c       0x28 _build/app_fifo.o
                0x0001d23c                app_fifo_init
 .text.app_fifo_put
                0x0001d264       0x28 _build/app_fifo.o
                0x0001d264                app_fifo_put
 .text.app_fifo_get
                0x0001d28c       0x24 _build/app_fifo.o
                0x0001d28c                app_fifo_get
 .text.rtc1_stop
                0x0001d2b0       0x78 _build/app_timer.o
 .text.RTC1_IRQHandler
                0x0001d328       0xe0 _build/app_timer.o
                0x0001d328                RTC1_IRQHandler
 .text.SWI0_IRQHandler
                0x0001d408      0x448 _build/app_timer.o
                0x0001d408                SWI0_IRQHandler
 .text.app_timer_init
                0x0001d850       0xe4 _build/app_timer.o
                0x0001d850                app_timer_init
 .text.app_timer_create
                0x0001d934       0x34 _build/app_timer.o
                0x0001d934                app_timer_create
 .text.app_timer_start
                0x0001d968       0xfc _build/app_timer.o
                0x0001d968                app_timer_start
 .text._write   0x0001da64       0x1c _build/retarget.o
                0x0001da64                _write
 .text._read    0x0001da80       0x14 _build/retarget.o
                0x0001da80                _read
 .text.uart_event_handler
                0x0001da94       0xc0 _build/app_uart_fifo.o
 .text.app_uart_init
                0x0001db54       0xa4 _build/app_uart_fifo.o
                0x0001db54                app_uart_init
 .text.app_uart_get
                0x0001dbf8       0x34 _build/app_uart_fifo.o
                0x0001dbf8                app_uart_get
 .text.app_uart_put
                0x0001dc2c       0x28 _build/app_uart_fifo.o
                0x0001dc2c                app_uart_put
 .text.nrf_delay_ms
                0x0001dc54       0x3c _build/nrf_delay.o
                0x0001dc54                nrf_delay_ms
 .text.nrf_drv_common_irq_enable
                0x0001dc90       0x80 _build/nrf_drv_common.o
                0x0001dc90                nrf_drv_common_irq_enable
 .text.nrf_drv_gpiote_init
                0x0001dd10       0x68 _build/nrf_drv_gpiote.o
                0x0001dd10                nrf_drv_gpiote_init
 .text.nrf_drv_gpiote_is_init
                0x0001dd78       0x14 _build/nrf_drv_gpiote.o
                0x0001dd78                nrf_drv_gpiote_is_init
 .text.nrf_drv_gpiote_in_init
                0x0001dd8c      0x15c _build/nrf_drv_gpiote.o
                0x0001dd8c                nrf_drv_gpiote_in_init
 .text.nrf_drv_gpiote_in_event_enable
                0x0001dee8       0xa8 _build/nrf_drv_gpiote.o
                0x0001dee8                nrf_drv_gpiote_in_event_enable
 .text.nrf_drv_gpiote_in_uninit
                0x0001df90       0xa8 _build/nrf_drv_gpiote.o
                0x0001df90                nrf_drv_gpiote_in_uninit
 .text.GPIOTE_IRQHandler
                0x0001e038      0x3bc _build/nrf_drv_gpiote.o
                0x0001e038                GPIOTE_IRQHandler
 .text.nrf_drv_uart_init
                0x0001e3f4      0x110 _build/nrf_drv_uart.o
                0x0001e3f4                nrf_drv_uart_init
 .text.nrf_drv_uart_tx
                0x0001e504       0xb4 _build/nrf_drv_uart.o
                0x0001e504                nrf_drv_uart_tx
 .text.nrf_drv_uart_rx
                0x0001e5b8      0x108 _build/nrf_drv_uart.o
                0x0001e5b8                nrf_drv_uart_rx
 .text.nrf_drv_uart_rx_enable
                0x0001e6c0       0x2c _build/nrf_drv_uart.o
                0x0001e6c0                nrf_drv_uart_rx_enable
 .text.UART0_IRQHandler
                0x0001e6ec      0x16c _build/nrf_drv_uart.o
                0x0001e6ec                UART0_IRQHandler
 .text.sd_flash_write
                0x0001e858        0x4 _build/pstorage.o
 .text.sd_flash_page_erase
                0x0001e85c        0x4 _build/pstorage.o
 .text.flash_api_err_code_process
                0x0001e860       0x60 _build/pstorage.o
 .text.state_entry_action_run
                0x0001e8c0      0x1b4 _build/pstorage.o
 .text.clear_operation_execute
                0x0001ea74      0x194 _build/pstorage.o
 .text.unlikely.cmd_queue_enqueue
                0x0001ec08       0x8c _build/pstorage.o
 .text.tail_restore_state_run
                0x0001ec94       0xb4 _build/pstorage.o
 .text.state_write_data_swap_entry_run
                0x0001ed48       0xb0 _build/pstorage.o
 .text.state_restore_head_entry_run
                0x0001edf8       0xb0 _build/pstorage.o
 .text.data_to_swap_write_state_run
                0x0001eea8       0xa0 _build/pstorage.o
 .text.state_restore_tail_entry_run
                0x0001ef48       0xc0 _build/pstorage.o
 .text.state_erase_data_page_entry_run
                0x0001f008       0x70 _build/pstorage.o
 .text.swap_erase_state_run
                0x0001f078       0xd4 _build/pstorage.o
 .text.state_swap_erase_entry_run
                0x0001f14c       0xa4 _build/pstorage.o
 .text.store_cmd_flash_write_execute
                0x0001f1f0      0x120 _build/pstorage.o
 .text.head_restore_state_run
                0x0001f310      0x21c _build/pstorage.o
 .text.data_page_erase_state_run
                0x0001f52c      0x26c _build/pstorage.o
 .text.command_end_procedure_run
                0x0001f798       0xb8 _build/pstorage.o
 .text.pstorage_sys_event_handler
                0x0001f850      0x1cc _build/pstorage.o
                0x0001f850                pstorage_sys_event_handler
 .text.pstorage_init
                0x0001fa1c      0x14c _build/pstorage.o
                0x0001fa1c                pstorage_init
 .text.pstorage_register
                0x0001fb68       0xf0 _build/pstorage.o
                0x0001fb68                pstorage_register
 .text.pstorage_block_identifier_get
                0x0001fc58       0x50 _build/pstorage.o
                0x0001fc58                pstorage_block_identifier_get
 .text.pstorage_store
                0x0001fca8       0x88 _build/pstorage.o
                0x0001fca8                pstorage_store
 .text.pstorage_update
                0x0001fd30       0x88 _build/pstorage.o
                0x0001fd30                pstorage_update
 .text.pstorage_load
                0x0001fdb8       0xa8 _build/pstorage.o
                0x0001fdb8                pstorage_load
 .text.pstorage_clear
                0x0001fe60       0x94 _build/pstorage.o
                0x0001fe60                pstorage_clear
 .text.pstorage_access_status_get
                0x0001fef4       0x28 _build/pstorage.o
                0x0001fef4                pstorage_access_status_get
 .text.sd_app_evt_wait
                0x0001ff1c        0x4 _build/main.o
 .text.sd_softdevice_is_enabled
                0x0001ff20        0x4 _build/main.o
 .text.sd_ble_gap_conn_param_update
                0x0001ff24        0x4 _build/main.o
 .text.sd_ble_gap_scan_start
                0x0001ff28        0x4 _build/main.o
 .text.sd_ble_gap_scan_stop
                0x0001ff2c        0x4 _build/main.o
 .text.sd_ble_gap_connect
                0x0001ff30        0x4 _build/main.o
 .text.sd_ble_gattc_read
                0x0001ff34        0x4 _build/main.o
 .text.sd_ble_enable
                0x0001ff38        0x4 _build/main.o
 .text.sd_ble_uuid_vs_add
                0x0001ff3c        0x4 _build/main.o
 .text.gpioteHandler
                0x0001ff40        0x4 _build/main.o
 .text.timer_handler
                0x0001ff44       0x38 _build/main.o
 .text.db_discover_evt_handler
                0x0001ff7c       0xa8 _build/main.o
 .text.uart_error_handler
                0x00020024       0x1c _build/main.o
 .text.scan_start
                0x00020040       0x84 _build/main.o
 .text.sys_evt_dispatch
                0x000200c4       0x28 _build/main.o
 .text.ble_evt_dispatch
                0x000200ec      0x240 _build/main.o
 .text.device_manager_event_handler
                0x0002032c       0xf8 _build/main.o
 .text.startup.main
                0x00020424      0x2a4 _build/main.o
                0x00020424                main
 .text.sd_ble_gattc_primary_services_discover
                0x000206c8        0x4 _build/ble_db_discovery.o
 .text.sd_ble_gattc_characteristics_discover
                0x000206cc        0x4 _build/ble_db_discovery.o
 .text.sd_ble_gattc_descriptors_discover
                0x000206d0        0x4 _build/ble_db_discovery.o
 .text.discovery_complete_evt_trigger
                0x000206d4       0xfc _build/ble_db_discovery.o
 .text.descriptors_discover
                0x000207d0       0xb4 _build/ble_db_discovery.o
 .text.on_srv_disc_completion
                0x00020884      0x12c _build/ble_db_discovery.o
 .text.ble_db_discovery_init
                0x000209b0       0x20 _build/ble_db_discovery.o
                0x000209b0                ble_db_discovery_init
 .text.ble_db_discovery_evt_register
                0x000209d0       0x54 _build/ble_db_discovery.o
                0x000209d0                ble_db_discovery_evt_register
 .text.ble_db_discovery_start
                0x00020a24       0x6c _build/ble_db_discovery.o
                0x00020a24                ble_db_discovery_start
 .text.ble_db_discovery_on_ble_evt
                0x00020a90      0x640 _build/ble_db_discovery.o
                0x00020a90                ble_db_discovery_on_ble_evt
 .text.sd_ble_gap_authenticate
                0x000210d0        0x4 _build/device_manager_central.o
 .text.sd_ble_gap_sec_params_reply
                0x000210d4        0x4 _build/device_manager_central.o
 .text.sd_ble_gap_encrypt
                0x000210d8        0x4 _build/device_manager_central.o
 .text.sd_ble_gatts_sys_attr_set
                0x000210dc        0x4 _build/device_manager_central.o
 .text.sd_ble_gatts_sys_attr_get
                0x000210e0        0x4 _build/device_manager_central.o
 .text.storage_operation_dummy_handler
                0x000210e4        0x4 _build/device_manager_central.o
 .text.no_service_context_store
                0x000210e8        0x4 _build/device_manager_central.o
 .text.gattc_context_store
                0x000210ec        0x4 _build/device_manager_central.o
 .text.no_service_context_load
                0x000210f0        0x4 _build/device_manager_central.o
 .text.gattc_context_load
                0x000210f4        0x4 _build/device_manager_central.o
 .text.no_service_context_apply
                0x000210f8        0x4 _build/device_manager_central.o
 .text.gatts_context_apply
                0x000210fc       0x58 _build/device_manager_central.o
 .text.gattc_context_apply
                0x00021154        0x4 _build/device_manager_central.o
 .text.gatts_context_store
                0x00021158       0xbc _build/device_manager_central.o
 .text.gatts_context_load
                0x00021214       0x38 _build/device_manager_central.o
 .text.dm_pstorage_cb_handler
                0x0002124c      0x164 _build/device_manager_central.o
 .text.gattsc_context_load
                0x000213b0       0x38 _build/device_manager_central.o
 .text.gattsc_context_apply
                0x000213e8       0x58 _build/device_manager_central.o
 .text.gattsc_context_store
                0x00021440       0xbc _build/device_manager_central.o
 .text.initiate_security_request
                0x000214fc       0x68 _build/device_manager_central.o
                0x000214fc                initiate_security_request
 .text.dm_init  0x00021564      0x134 _build/device_manager_central.o
                0x00021564                dm_init
 .text.dm_register
                0x00021698       0x5c _build/device_manager_central.o
                0x00021698                dm_register
 .text.dm_security_setup_req
                0x000216f4      0x13c _build/device_manager_central.o
                0x000216f4                dm_security_setup_req
 .text.dm_whitelist_create
                0x00021830       0xd0 _build/device_manager_central.o
                0x00021830                dm_whitelist_create
 .text.dm_ble_evt_handler
                0x00021900      0x508 _build/device_manager_central.o
                0x00021900                dm_ble_evt_handler
 .text.SystemInit
                0x00021e08       0x9c _build/system_nrf51.o
                0x00021e08                SystemInit
 .text.sd_nvic_EnableIRQ
                0x00021ea4        0x4 _build/softdevice_handler.o
 .text.sd_evt_get
                0x00021ea8        0x4 _build/softdevice_handler.o
 .text.sd_softdevice_enable
                0x00021eac        0x4 _build/softdevice_handler.o
 .text.sd_ble_evt_get
                0x00021eb0        0x4 _build/softdevice_handler.o
 .text.softdevice_assertion_handler
                0x00021eb4        0xc _build/softdevice_handler.o
                0x00021eb4                softdevice_assertion_handler
 .text.intern_softdevice_events_execute.part.0
                0x00021ec0       0xe0 _build/softdevice_handler.o
 .text.softdevice_handler_init
                0x00021fa0       0x4c _build/softdevice_handler.o
                0x00021fa0                softdevice_handler_init
 .text.softdevice_ble_evt_handler_set
                0x00021fec       0x14 _build/softdevice_handler.o
                0x00021fec                softdevice_ble_evt_handler_set
 .text.softdevice_sys_evt_handler_set
                0x00022000       0x14 _build/softdevice_handler.o
                0x00022000                softdevice_sys_evt_handler_set
 .text.SWI2_IRQHandler
                0x00022014       0x34 _build/softdevice_handler.o
                0x00022014                SWI2_IRQHandler
 .text          0x00022048       0x54 _build/gcc_startup_nrf51.o
                0x00022048                Reset_Handler
                0x00022090                NMI_Handler
                0x00022092                HardFault_Handler
                0x00022094                SVC_Handler
                0x00022096                PendSV_Handler
                0x00022098                SysTick_Handler
                0x0002209a                TIMER2_IRQHandler
                0x0002209a                SPI0_TWI0_IRQHandler
                0x0002209a                RTC0_IRQHandler
                0x0002209a                POWER_CLOCK_IRQHandler
                0x0002209a                RADIO_IRQHandler
                0x0002209a                LPCOMP_IRQHandler
                0x0002209a                SWI4_IRQHandler
                0x0002209a                TEMP_IRQHandler
                0x0002209a                QDEC_IRQHandler
                0x0002209a                SWI5_IRQHandler
                0x0002209a                TIMER0_IRQHandler
                0x0002209a                TIMER1_IRQHandler
                0x0002209a                ECB_IRQHandler
                0x0002209a                Default_Handler
                0x0002209a                ADC_IRQHandler
                0x0002209a                SWI3_IRQHandler
                0x0002209a                CCM_AAR_IRQHandler
                0x0002209a                WDT_IRQHandler
                0x0002209a                RNG_IRQHandler
                0x0002209a                SPI1_TWI1_IRQHandler
                0x0002209a                SWI1_IRQHandler
 .text          0x0002209c      0x120 /arm/opt/gcc-arm/bin/../lib/gcc/arm-none-eabi/4.9.3/armv6-m/libgcc.a(_udivsi3.o)
                0x0002209c                __udivsi3
                0x0002209c                __aeabi_uidiv
                0x000221a8                __aeabi_uidivmod
 .text          0x000221bc      0x1e0 /arm/opt/gcc-arm/bin/../lib/gcc/arm-none-eabi/4.9.3/armv6-m/libgcc.a(_divsi3.o)
                0x000221bc                __aeabi_idiv
                0x000221bc                __divsi3
                0x00022388                __aeabi_idivmod
 .text          0x0002239c        0x4 /arm/opt/gcc-arm/bin/../lib/gcc/arm-none-eabi/4.9.3/armv6-m/libgcc.a(_dvmd_tls.o)
                0x0002239c                __aeabi_ldiv0
                0x0002239c                __aeabi_idiv0
 .text.memcmp   0x000223a0       0x1e /arm/opt/gcc-arm/bin/../lib/gcc/arm-none-eabi/4.9.3/../../../../arm-none-eabi/lib/armv6-m/libc_nano.a(lib_a-memcmp.o)
                0x000223a0                memcmp
 .text.memcpy   0x000223be       0x12 /arm/opt/gcc-arm/bin/../lib/gcc/arm-none-eabi/4.9.3/../../../../arm-none-eabi/lib/armv6-m/libc_nano.a(lib_a-memcpy.o)
                0x000223be                memcpy
 .text.printf   0x000223d0       0x34 /arm/opt/gcc-arm/bin/../lib/gcc/arm-none-eabi/4.9.3/../../../../arm-none-eabi/lib/armv6-m/libc_nano.a(lib_a-printf.o)
                0x000223d0                printf
                0x000223d0                iprintf
 .text._cleanup_r
                0x00022404       0x10 /arm/opt/gcc-arm/bin/../lib/gcc/arm-none-eabi/4.9.3/../../../../arm-none-eabi/lib/armv6-m/libc_nano.a(lib_a-findfp.o)
                0x00022404                _cleanup_r
 .text.std.isra.0
                0x00022414       0x48 /arm/opt/gcc-arm/bin/../lib/gcc/arm-none-eabi/4.9.3/../../../../arm-none-eabi/lib/armv6-m/libc_nano.a(lib_a-findfp.o)
 .text.__sfmoreglue
                0x0002245c       0x2c /arm/opt/gcc-arm/bin/../lib/gcc/arm-none-eabi/4.9.3/../../../../arm-none-eabi/lib/armv6-m/libc_nano.a(lib_a-findfp.o)
                0x0002245c                __sfmoreglue
 .text.__sinit  0x00022488       0x64 /arm/opt/gcc-arm/bin/../lib/gcc/arm-none-eabi/4.9.3/../../../../arm-none-eabi/lib/armv6-m/libc_nano.a(lib_a-findfp.o)
                0x00022488                __sinit
 .text.__sfp    0x000224ec       0x7c /arm/opt/gcc-arm/bin/../lib/gcc/arm-none-eabi/4.9.3/../../../../arm-none-eabi/lib/armv6-m/libc_nano.a(lib_a-findfp.o)
                0x000224ec                __sfp
 .text._fwalk_reent
                0x00022568       0x42 /arm/opt/gcc-arm/bin/../lib/gcc/arm-none-eabi/4.9.3/../../../../arm-none-eabi/lib/armv6-m/libc_nano.a(lib_a-fwalk.o)
                0x00022568                _fwalk_reent
 *fill*         0x000225aa        0x2 
 .text._malloc_r
                0x000225ac       0xb0 /arm/opt/gcc-arm/bin/../lib/gcc/arm-none-eabi/4.9.3/../../../../arm-none-eabi/lib/armv6-m/libc_nano.a(lib_a-nano-mallocr.o)
                0x000225ac                _malloc_r
 .text.__sfputc_r
                0x0002265c       0x2a /arm/opt/gcc-arm/bin/../lib/gcc/arm-none-eabi/4.9.3/../../../../arm-none-eabi/lib/armv6-m/libc_nano.a(lib_a-nano-vfprintf.o)
 .text.__sfputs_r
                0x00022686       0x24 /arm/opt/gcc-arm/bin/../lib/gcc/arm-none-eabi/4.9.3/../../../../arm-none-eabi/lib/armv6-m/libc_nano.a(lib_a-nano-vfprintf.o)
                0x00022686                __sfputs_r
 *fill*         0x000226aa        0x2 
 .text._vfprintf_r
                0x000226ac      0x220 /arm/opt/gcc-arm/bin/../lib/gcc/arm-none-eabi/4.9.3/../../../../arm-none-eabi/lib/armv6-m/libc_nano.a(lib_a-nano-vfprintf.o)
                0x000226ac                _vfiprintf_r
                0x000226ac                _vfprintf_r
 .text._printf_common
                0x000228cc       0xdc /arm/opt/gcc-arm/bin/../lib/gcc/arm-none-eabi/4.9.3/../../../../arm-none-eabi/lib/armv6-m/libc_nano.a(lib_a-nano-vfprintf_i.o)
                0x000228cc                _printf_common
 .text._printf_i
                0x000229a8      0x230 /arm/opt/gcc-arm/bin/../lib/gcc/arm-none-eabi/4.9.3/../../../../arm-none-eabi/lib/armv6-m/libc_nano.a(lib_a-nano-vfprintf_i.o)
                0x000229a8                _printf_i
 .text._sbrk_r  0x00022bd8       0x24 /arm/opt/gcc-arm/bin/../lib/gcc/arm-none-eabi/4.9.3/../../../../arm-none-eabi/lib/armv6-m/libc_nano.a(lib_a-sbrkr.o)
                0x00022bd8                _sbrk_r
 .text.__sread  0x00022bfc       0x28 /arm/opt/gcc-arm/bin/../lib/gcc/arm-none-eabi/4.9.3/../../../../arm-none-eabi/lib/armv6-m/libc_nano.a(lib_a-stdio.o)
                0x00022bfc                __sread
 .text.__swrite
                0x00022c24       0x38 /arm/opt/gcc-arm/bin/../lib/gcc/arm-none-eabi/4.9.3/../../../../arm-none-eabi/lib/armv6-m/libc_nano.a(lib_a-stdio.o)
                0x00022c24                __swrite
 .text.__sseek  0x00022c5c       0x2c /arm/opt/gcc-arm/bin/../lib/gcc/arm-none-eabi/4.9.3/../../../../arm-none-eabi/lib/armv6-m/libc_nano.a(lib_a-stdio.o)
                0x00022c5c                __sseek
 .text.__sclose
                0x00022c88        0xc /arm/opt/gcc-arm/bin/../lib/gcc/arm-none-eabi/4.9.3/../../../../arm-none-eabi/lib/armv6-m/libc_nano.a(lib_a-stdio.o)
                0x00022c88                __sclose
 .text.__swbuf_r
                0x00022c94       0xb0 /arm/opt/gcc-arm/bin/../lib/gcc/arm-none-eabi/4.9.3/../../../../arm-none-eabi/lib/armv6-m/libc_nano.a(lib_a-wbuf.o)
                0x00022c94                __swbuf_r
 .text._write_r
                0x00022d44       0x28 /arm/opt/gcc-arm/bin/../lib/gcc/arm-none-eabi/4.9.3/../../../../arm-none-eabi/lib/armv6-m/libc_nano.a(lib_a-writer.o)
                0x00022d44                _write_r
 .text.__swsetup_r
                0x00022d6c       0xe8 /arm/opt/gcc-arm/bin/../lib/gcc/arm-none-eabi/4.9.3/../../../../arm-none-eabi/lib/armv6-m/libc_nano.a(lib_a-wsetup.o)
                0x00022d6c                __swsetup_r
 .text._close_r
                0x00022e54       0x24 /arm/opt/gcc-arm/bin/../lib/gcc/arm-none-eabi/4.9.3/../../../../arm-none-eabi/lib/armv6-m/libc_nano.a(lib_a-closer.o)
                0x00022e54                _close_r
 .text.__sflush_r
                0x00022e78      0x112 /arm/opt/gcc-arm/bin/../lib/gcc/arm-none-eabi/4.9.3/../../../../arm-none-eabi/lib/armv6-m/libc_nano.a(lib_a-fflush.o)
                0x00022e78                __sflush_r
 *fill*         0x00022f8a        0x2 
 .text._fflush_r
                0x00022f8c       0x58 /arm/opt/gcc-arm/bin/../lib/gcc/arm-none-eabi/4.9.3/../../../../arm-none-eabi/lib/armv6-m/libc_nano.a(lib_a-fflush.o)
                0x00022f8c                _fflush_r
 .text._lseek_r
                0x00022fe4       0x28 /arm/opt/gcc-arm/bin/../lib/gcc/arm-none-eabi/4.9.3/../../../../arm-none-eabi/lib/armv6-m/libc_nano.a(lib_a-lseekr.o)
                0x00022fe4                _lseek_r
 .text.__smakebuf_r
                0x0002300c       0xb0 /arm/opt/gcc-arm/bin/../lib/gcc/arm-none-eabi/4.9.3/../../../../arm-none-eabi/lib/armv6-m/libc_nano.a(lib_a-makebuf.o)
                0x0002300c                __smakebuf_r
 .text.memchr   0x000230bc       0x16 /arm/opt/gcc-arm/bin/../lib/gcc/arm-none-eabi/4.9.3/../../../../arm-none-eabi/lib/armv6-m/libc_nano.a(lib_a-memchr.o)
                0x000230bc                memchr
 *fill*         0x000230d2        0x2 
 .text._free_r  0x000230d4       0x8c /arm/opt/gcc-arm/bin/../lib/gcc/arm-none-eabi/4.9.3/../../../../arm-none-eabi/lib/armv6-m/libc_nano.a(lib_a-nano-freer.o)
                0x000230d4                _free_r
 .text._read_r  0x00023160       0x28 /arm/opt/gcc-arm/bin/../lib/gcc/arm-none-eabi/4.9.3/../../../../arm-none-eabi/lib/armv6-m/libc_nano.a(lib_a-readr.o)
                0x00023160                _read_r
 .text._fstat_r
                0x00023188       0x24 /arm/opt/gcc-arm/bin/../lib/gcc/arm-none-eabi/4.9.3/../../../../arm-none-eabi/lib/armv6-m/libc_nano.a(lib_a-fstatr.o)
                0x00023188                _fstat_r
 .text._isatty_r
                0x000231ac       0x24 /arm/opt/gcc-arm/bin/../lib/gcc/arm-none-eabi/4.9.3/../../../../arm-none-eabi/lib/armv6-m/libc_nano.a(lib_a-isattyr.o)
                0x000231ac                _isatty_r
 .text._close   0x000231d0       0x10 /arm/opt/gcc-arm/bin/../lib/gcc/arm-none-eabi/4.9.3/../../../../arm-none-eabi/lib/armv6-m/libnosys.a(close.o)
                0x000231d0                _close
 .text._fstat   0x000231e0       0x10 /arm/opt/gcc-arm/bin/../lib/gcc/arm-none-eabi/4.9.3/../../../../arm-none-eabi/lib/armv6-m/libnosys.a(fstat.o)
                0x000231e0                _fstat
 .text._isatty  0x000231f0       0x10 /arm/opt/gcc-arm/bin/../lib/gcc/arm-none-eabi/4.9.3/../../../../arm-none-eabi/lib/armv6-m/libnosys.a(isatty.o)
                0x000231f0                _isatty
 .text._lseek   0x00023200       0x10 /arm/opt/gcc-arm/bin/../lib/gcc/arm-none-eabi/4.9.3/../../../../arm-none-eabi/lib/armv6-m/libnosys.a(lseek.o)
                0x00023200                _lseek
 .text._sbrk    0x00023210       0x1c /arm/opt/gcc-arm/bin/../lib/gcc/arm-none-eabi/4.9.3/../../../../arm-none-eabi/lib/armv6-m/libnosys.a(sbrk.o)
                0x00023210                _sbrk
 *(.init)
 .init          0x0002322c        0x4 /arm/opt/gcc-arm/bin/../lib/gcc/arm-none-eabi/4.9.3/armv6-m/crti.o
                0x0002322c                _init
 .init          0x00023230        0x8 /arm/opt/gcc-arm/bin/../lib/gcc/arm-none-eabi/4.9.3/armv6-m/crtn.o
 *(.fini)
 .fini          0x00023238        0x4 /arm/opt/gcc-arm/bin/../lib/gcc/arm-none-eabi/4.9.3/armv6-m/crti.o
                0x00023238                _fini
 .fini          0x0002323c        0x8 /arm/opt/gcc-arm/bin/../lib/gcc/arm-none-eabi/4.9.3/armv6-m/crtn.o
 *crtbegin.o(.ctors)
 *crtbegin?.o(.ctors)
 *(EXCLUDE_FILE(*crtend.o *crtend?.o) .ctors)
 *(SORT(.ctors.*))
 *(.ctors)
 *crtbegin.o(.dtors)
 *crtbegin?.o(.dtors)
 *(EXCLUDE_FILE(*crtend.o *crtend?.o) .dtors)
 *(SORT(.dtors.*))
 *(.dtors)
 *(.rodata*)
 .rodata.str1.1
                0x00023244        0x2 /arm/opt/gcc-arm/bin/../lib/gcc/arm-none-eabi/4.9.3/../../../../arm-none-eabi/lib/armv6-m/libc_nano.a(lib_a-impure.o)
 *fill*         0x00023246        0x2 
 .rodata._global_impure_ptr
                0x00023248        0x4 /arm/opt/gcc-arm/bin/../lib/gcc/arm-none-eabi/4.9.3/../../../../arm-none-eabi/lib/armv6-m/libc_nano.a(lib_a-impure.o)
                0x00023248                _global_impure_ptr
 .rodata        0x0002324c       0x20 _build/app_uart_fifo.o
 .rodata.m_default_config
                0x0002326c       0x20 _build/nrf_drv_uart.o
 .rodata.swap_sub_state_sm_lut.5962
                0x0002328c       0x14 _build/pstorage.o
 .rodata.swap_sub_state_sm_lut.5887
                0x000232a0       0x14 _build/pstorage.o
 .rodata.device_manager_event_handler
                0x000232b4       0x4c _build/main.o
 .rodata        0x00023300       0x20 _build/main.o
 .rodata.m_connection_param
                0x00023320        0x8 _build/main.o
 .rodata.timer_id
                0x00023328        0x4 _build/main.o
 .rodata.str1.4
                0x0002332c      0x11c _build/main.o
                                0x120 (size before relaxing)
 .rodata.ble_db_discovery_on_ble_evt
                0x00023448       0x90 _build/ble_db_discovery.o
 .rodata.m_service_context_store
                0x000234d8       0x10 _build/device_manager_central.o
                0x000234d8                m_service_context_store
 .rodata.m_service_context_load
                0x000234e8       0x10 _build/device_manager_central.o
                0x000234e8                m_service_context_load
 .rodata.m_service_context_apply
                0x000234f8       0x10 _build/device_manager_central.o
                0x000234f8                m_service_context_apply
 .rodata.m_context_init_len
                0x00023508        0x4 _build/device_manager_central.o
                0x00023508                m_context_init_len
 .rodata.__sf_fake_stdin
                0x0002350c       0x20 /arm/opt/gcc-arm/bin/../lib/gcc/arm-none-eabi/4.9.3/../../../../arm-none-eabi/lib/armv6-m/libc_nano.a(lib_a-findfp.o)
                0x0002350c                __sf_fake_stdin
 .rodata.__sf_fake_stdout
                0x0002352c       0x20 /arm/opt/gcc-arm/bin/../lib/gcc/arm-none-eabi/4.9.3/../../../../arm-none-eabi/lib/armv6-m/libc_nano.a(lib_a-findfp.o)
                0x0002352c                __sf_fake_stdout
 .rodata.__sf_fake_stderr
                0x0002354c       0x20 /arm/opt/gcc-arm/bin/../lib/gcc/arm-none-eabi/4.9.3/../../../../arm-none-eabi/lib/armv6-m/libc_nano.a(lib_a-findfp.o)
                0x0002354c                __sf_fake_stderr
 .rodata.str1.1
                0x0002356c       0x11 /arm/opt/gcc-arm/bin/../lib/gcc/arm-none-eabi/4.9.3/../../../../arm-none-eabi/lib/armv6-m/libc_nano.a(lib_a-nano-vfprintf.o)
 .rodata.str1.1
                0x0002357d       0x22 /arm/opt/gcc-arm/bin/../lib/gcc/arm-none-eabi/4.9.3/../../../../arm-none-eabi/lib/armv6-m/libc_nano.a(lib_a-nano-vfprintf_i.o)
 *(.eh_frame*)
 *fill*         0x0002359f        0x1 
 .eh_frame      0x000235a0        0x0 /arm/opt/gcc-arm/bin/../lib/gcc/arm-none-eabi/4.9.3/armv6-m/crtbegin.o
                0x000235a0                . = ALIGN (0x4)

.glue_7         0x000235a0        0x0
 .glue_7        0x00000000        0x0 linker stubs

.glue_7t        0x000235a0        0x0
 .glue_7t       0x00000000        0x0 linker stubs

.vfp11_veneer   0x000235a0        0x0
 .vfp11_veneer  0x00000000        0x0 linker stubs

.v4_bx          0x000235a0        0x0
 .v4_bx         0x00000000        0x0 linker stubs

.iplt           0x000235a0        0x0
 .iplt          0x00000000        0x0 /arm/opt/gcc-arm/bin/../lib/gcc/arm-none-eabi/4.9.3/armv6-m/crtbegin.o

.ARM.extab      0x000235a0        0x0
 *(.ARM.extab* .gnu.linkonce.armextab.*)
                0x000235a0                . = ALIGN (0x4)
                0x000235a0                __exidx_start = .

.ARM.exidx      0x000235a0        0x8
 *(.ARM.exidx* .gnu.linkonce.armexidx.*)
 .ARM.exidx     0x000235a0        0x8 /arm/opt/gcc-arm/bin/../lib/gcc/arm-none-eabi/4.9.3/../../../../arm-none-eabi/lib/armv6-m/crt0.o
 .ARM.exidx     0x000235a8        0x0 _build/gcc_startup_nrf51.o
                                  0x8 (size before relaxing)
                0x000235a8                . = ALIGN (0x4)
                0x000235a8                __exidx_end = .
                0x000235a8                __etext = .

.rel.dyn        0x000235a8        0x0
 .rel.iplt      0x00000000        0x0 /arm/opt/gcc-arm/bin/../lib/gcc/arm-none-eabi/4.9.3/armv6-m/crtbegin.o

.data           0x20002800       0x70 load address 0x000235a8
                0x20002800                __data_start__ = .
 *(vtable)
 *(.data*)
 .data.impure_data
                0x20002800       0x60 /arm/opt/gcc-arm/bin/../lib/gcc/arm-none-eabi/4.9.3/../../../../arm-none-eabi/lib/armv6-m/libc_nano.a(lib_a-impure.o)
 .data._impure_ptr
                0x20002860        0x4 /arm/opt/gcc-arm/bin/../lib/gcc/arm-none-eabi/4.9.3/../../../../arm-none-eabi/lib/armv6-m/libc_nano.a(lib_a-impure.o)
                0x20002860                _impure_ptr
 .data.m_conn_handle
                0x20002864        0x2 _build/main.o
                0x20002868                . = ALIGN (0x4)
 *fill*         0x20002866        0x2 
                0x20002868                PROVIDE (__preinit_array_start, .)
 *(.preinit_array)
                0x20002868                PROVIDE (__preinit_array_end, .)
                0x20002868                . = ALIGN (0x4)
                0x20002868                PROVIDE (__init_array_start, .)
 *(SORT(.init_array.*))
 *(.init_array)
 .init_array    0x20002868        0x4 /arm/opt/gcc-arm/bin/../lib/gcc/arm-none-eabi/4.9.3/armv6-m/crtbegin.o
                0x2000286c                PROVIDE (__init_array_end, .)
                0x2000286c                . = ALIGN (0x4)
                0x2000286c                PROVIDE (__fini_array_start, .)
 *(SORT(.fini_array.*))
 *(.fini_array)
 .fini_array    0x2000286c        0x4 /arm/opt/gcc-arm/bin/../lib/gcc/arm-none-eabi/4.9.3/armv6-m/crtbegin.o
                0x20002870                PROVIDE (__fini_array_end, .)
 *(.jcr)
 .jcr           0x20002870        0x0 /arm/opt/gcc-arm/bin/../lib/gcc/arm-none-eabi/4.9.3/armv6-m/crtbegin.o
                0x20002870                . = ALIGN (0x4)
                0x20002870                __data_end__ = .

.igot.plt       0x20002870        0x0 load address 0x00023618
 .igot.plt      0x00000000        0x0 /arm/opt/gcc-arm/bin/../lib/gcc/arm-none-eabi/4.9.3/armv6-m/crtbegin.o

.bss            0x20002870      0x700 load address 0x00023618
                0x20002870                . = ALIGN (0x4)
                0x20002870                __bss_start__ = .
 *(.bss*)
 .bss           0x20002870       0x1c /arm/opt/gcc-arm/bin/../lib/gcc/arm-none-eabi/4.9.3/armv6-m/crtbegin.o
 .bss.m_ticks_latest
                0x2000288c        0x4 _build/app_timer.o
 .bss.mp_timer_id_head
                0x20002890        0x4 _build/app_timer.o
 .bss.m_evt_schedule_func
                0x20002894        0x4 _build/app_timer.o
 .bss.m_user_array_size
                0x20002898        0x1 _build/app_timer.o
 *fill*         0x20002899        0x3 
 .bss.mp_users  0x2000289c        0x4 _build/app_timer.o
 .bss.m_ticks_elapsed_q_read_ind
                0x200028a0        0x1 _build/app_timer.o
 .bss.m_ticks_elapsed_q_write_ind
                0x200028a1        0x1 _build/app_timer.o
 .bss.m_rtc1_reset
                0x200028a2        0x1 _build/app_timer.o
 *fill*         0x200028a3        0x1 
 .bss.m_ticks_elapsed
                0x200028a4        0x8 _build/app_timer.o
 .bss.m_rtc1_running
                0x200028ac        0x1 _build/app_timer.o
 *fill*         0x200028ad        0x3 
 .bss.tx_buffer
                0x200028b0        0x4 _build/app_uart_fifo.o
 .bss.m_event_handler
                0x200028b4        0x4 _build/app_uart_fifo.o
 .bss.rx_buffer
                0x200028b8        0x4 _build/app_uart_fifo.o
 .bss.m_tx_fifo
                0x200028bc       0x10 _build/app_uart_fifo.o
 .bss.m_rx_fifo
                0x200028cc       0x10 _build/app_uart_fifo.o
 .bss.tx_tmp    0x200028dc        0x1 _build/app_uart_fifo.o
 *fill*         0x200028dd        0x3 
 .bss.m_cb      0x200028e0       0x48 _build/nrf_drv_gpiote.o
 .bss.m_cb      0x20002928       0x18 _build/nrf_drv_uart.o
 .bss.m_cmd_queue
                0x20002940       0xcc _build/pstorage.o
 .bss.m_num_of_bytes_written
                0x20002a0c        0x4 _build/pstorage.o
 .bss.m_tail_word_size
                0x20002a10        0x4 _build/pstorage.o
 .bss.m_app_table
                0x20002a14        0xc _build/pstorage.o
 .bss.m_next_app_instance
                0x20002a20        0x2 _build/pstorage.o
 *fill*         0x20002a22        0x2 
 .bss.m_next_page_addr
                0x20002a24        0x4 _build/pstorage.o
 .bss.m_flags   0x20002a28        0x4 _build/pstorage.o
 .bss.m_swap_sub_state
                0x20002a2c        0x1 _build/pstorage.o
 .bss.m_state   0x20002a2d        0x1 _build/pstorage.o
 *fill*         0x20002a2e        0x2 
 .bss.m_app_data_size
                0x20002a30        0x4 _build/pstorage.o
 .bss.m_num_of_command_retries
                0x20002a34        0x4 _build/pstorage.o
 .bss.m_head_word_size
                0x20002a38        0x4 _build/pstorage.o
 .bss.m_current_page_id
                0x20002a3c        0x4 _build/pstorage.o
 .bss.BLE_EVT_BUFFER.8651
                0x20002a40       0x48 _build/main.o
 .bss.m_whitelist_temporarily_disabled
                0x20002a88        0x1 _build/main.o
 .bss.m_dm_app_id
                0x20002a89        0x1 _build/main.o
 *fill*         0x20002a8a        0x2 
 .bss.m_clock   0x20002a8c        0xc _build/main.o
 .bss.m_peer_count
                0x20002a98        0x1 _build/main.o
 *fill*         0x20002a99        0x3 
 .bss.APP_TIMER_BUF.8637
                0x20002a9c      0x138 _build/main.o
 .bss.timer_id_data
                0x20002bd4       0x20 _build/main.o
 .bss.m_scan_param
                0x20002bf4       0x10 _build/main.o
 .bss.m_memory_access_in_progress
                0x20002c04        0x1 _build/main.o
 *fill*         0x20002c05        0x3 
 .bss.m_ble_db_discovery
                0x20002c08       0x7c _build/main.o
 .bss.m_dm_device_handle
                0x20002c84        0x4 _build/main.o
 .bss.rx_buf.8627
                0x20002c88        0x4 _build/main.o
 .bss.tx_buf.8628
                0x20002c8c      0x100 _build/main.o
 .bss.m_pending_user_evts
                0x20002d8c       0x88 _build/ble_db_discovery.o
 .bss.m_pending_usr_evt_index
                0x20002e14        0x4 _build/ble_db_discovery.o
 .bss.m_registered_handlers
                0x20002e18       0x10 _build/ble_db_discovery.o
 .bss.m_initialized
                0x20002e28        0x1 _build/ble_db_discovery.o
 *fill*         0x20002e29        0x3 
 .bss.m_num_of_handlers_reg
                0x20002e2c        0x4 _build/ble_db_discovery.o
 .bss.m_app_context_table
                0x20002e30       0x1c _build/device_manager_central.o
 .bss.m_module_initialized
                0x20002e4c        0x1 _build/device_manager_central.o
 *fill*         0x20002e4d        0x3 
 .bss.m_connection_table
                0x20002e50        0xc _build/device_manager_central.o
 .bss.m_peer_table
                0x20002e5c       0xa8 _build/device_manager_central.o
 .bss.m_storage_handle
                0x20002f04        0x8 _build/device_manager_central.o
 .bss.m_bond_table
                0x20002f0c       0x1c _build/device_manager_central.o
 .bss.m_gatts_table
                0x20002f28        0xc _build/device_manager_central.o
 .bss.m_peer_addr_update
                0x20002f34        0x4 _build/device_manager_central.o
 .bss.m_application_table
                0x20002f38        0xc _build/device_manager_central.o
 .bss.m_softdevice_enabled
                0x20002f44        0x1 _build/softdevice_handler.o
 *fill*         0x20002f45        0x1 
 .bss.m_ble_evt_buffer_size
                0x20002f46        0x2 _build/softdevice_handler.o
 .bss.mp_ble_evt_buffer
                0x20002f48        0x4 _build/softdevice_handler.o
 .bss.m_sys_evt_handler
                0x20002f4c        0x4 _build/softdevice_handler.o
 .bss.m_ble_evt_handler
                0x20002f50        0x4 _build/softdevice_handler.o
 .bss.m_evt_schedule_func
                0x20002f54        0x4 _build/softdevice_handler.o
 .bss.__malloc_sbrk_start
                0x20002f58        0x4 /arm/opt/gcc-arm/bin/../lib/gcc/arm-none-eabi/4.9.3/../../../../arm-none-eabi/lib/armv6-m/libc_nano.a(lib_a-nano-mallocr.o)
                0x20002f58                __malloc_sbrk_start
 .bss.__malloc_free_list
                0x20002f5c        0x4 /arm/opt/gcc-arm/bin/../lib/gcc/arm-none-eabi/4.9.3/../../../../arm-none-eabi/lib/armv6-m/libc_nano.a(lib_a-nano-mallocr.o)
                0x20002f5c                __malloc_free_list
 .bss.heap_end.4079
                0x20002f60        0x4 /arm/opt/gcc-arm/bin/../lib/gcc/arm-none-eabi/4.9.3/../../../../arm-none-eabi/lib/armv6-m/libnosys.a(sbrk.o)
 *(COMMON)
 COMMON         0x20002f64        0x8 _build/main.o
                0x20002f64                setclock
                0x20002f68                clock
 COMMON         0x20002f6c        0x4 /arm/opt/gcc-arm/bin/../lib/gcc/arm-none-eabi/4.9.3/../../../../arm-none-eabi/lib/armv6-m/libc_nano.a(lib_a-reent.o)
                0x20002f6c                errno
                0x20002f70                . = ALIGN (0x4)
                0x20002f70                __bss_end__ = .

.heap           0x20002f70        0x0
                0x20002f70                __end__ = .
                0x20002f70                end = __end__
 *(.heap*)
 .heap          0x20002f70        0x0 _build/gcc_startup_nrf51.o
                0x20002f70                __HeapLimit = .

.stack_dummy    0x20002f70      0x800
 *(.stack*)
 .stack         0x20002f70      0x800 _build/gcc_startup_nrf51.o
                0x20004000                __StackTop = (ORIGIN (RAM) + 0x1800)
                0x20003800                __StackLimit = (__StackTop - SIZEOF (.stack_dummy))
                0x20004000                PROVIDE (__stack, __StackTop)
                0x00000001                ASSERT ((__StackLimit >= __HeapLimit), region RAM overflowed with stack)
OUTPUT(_build/nrf51422_xxaa_s120.out elf32-littlearm)

.ARM.attributes
                0x00000000       0x28
 .ARM.attributes
                0x00000000       0x1e /arm/opt/gcc-arm/bin/../lib/gcc/arm-none-eabi/4.9.3/armv6-m/crti.o
 .ARM.attributes
                0x0000001e       0x2c /arm/opt/gcc-arm/bin/../lib/gcc/arm-none-eabi/4.9.3/armv6-m/crtbegin.o
 .ARM.attributes
                0x0000004a       0x1b /arm/opt/gcc-arm/bin/../lib/gcc/arm-none-eabi/4.9.3/../../../../arm-none-eabi/lib/armv6-m/crt0.o
 .ARM.attributes
                0x00000065       0x2c /arm/opt/gcc-arm/bin/../lib/gcc/arm-none-eabi/4.9.3/../../../../arm-none-eabi/lib/armv6-m/libc_nano.a(lib_a-exit.o)
 .ARM.attributes
                0x00000091       0x2c /arm/opt/gcc-arm/bin/../lib/gcc/arm-none-eabi/4.9.3/../../../../arm-none-eabi/lib/armv6-m/libc_nano.a(lib_a-impure.o)
 .ARM.attributes
                0x000000bd       0x2c /arm/opt/gcc-arm/bin/../lib/gcc/arm-none-eabi/4.9.3/../../../../arm-none-eabi/lib/armv6-m/libc_nano.a(lib_a-init.o)
 .ARM.attributes
                0x000000e9       0x2c /arm/opt/gcc-arm/bin/../lib/gcc/arm-none-eabi/4.9.3/../../../../arm-none-eabi/lib/armv6-m/libc_nano.a(lib_a-memset.o)
 .ARM.attributes
                0x00000115       0x2c /arm/opt/gcc-arm/bin/../lib/gcc/arm-none-eabi/4.9.3/../../../../arm-none-eabi/lib/armv6-m/libnosys.a(_exit.o)
 .ARM.attributes
                0x00000141       0x31 _build/app_error.o
 .ARM.attributes
                0x00000172       0x31 _build/app_fifo.o
 .ARM.attributes
                0x000001a3       0x31 _build/app_timer.o
 .ARM.attributes
                0x000001d4       0x31 _build/retarget.o
 .ARM.attributes
                0x00000205       0x31 _build/app_uart_fifo.o
 .ARM.attributes
                0x00000236       0x31 _build/nrf_delay.o
 .ARM.attributes
                0x00000267       0x31 _build/nrf_drv_common.o
 .ARM.attributes
                0x00000298       0x31 _build/nrf_drv_gpiote.o
 .ARM.attributes
                0x000002c9       0x31 _build/nrf_drv_uart.o
 .ARM.attributes
                0x000002fa       0x31 _build/pstorage.o
 .ARM.attributes
                0x0000032b       0x31 _build/main.o
 .ARM.attributes
                0x0000035c       0x31 _build/ble_db_discovery.o
 .ARM.attributes
                0x0000038d       0x31 _build/device_manager_central.o
 .ARM.attributes
                0x000003be       0x31 _build/system_nrf51.o
 .ARM.attributes
                0x000003ef       0x31 _build/softdevice_handler.o
 .ARM.attributes
                0x00000420       0x1b _build/gcc_startup_nrf51.o
 .ARM.attributes
                0x0000043b       0x1e /arm/opt/gcc-arm/bin/../lib/gcc/arm-none-eabi/4.9.3/armv6-m/libgcc.a(_udivsi3.o)
 .ARM.attributes
                0x00000459       0x1e /arm/opt/gcc-arm/bin/../lib/gcc/arm-none-eabi/4.9.3/armv6-m/libgcc.a(_divsi3.o)
 .ARM.attributes
                0x00000477       0x1e /arm/opt/gcc-arm/bin/../lib/gcc/arm-none-eabi/4.9.3/armv6-m/libgcc.a(_dvmd_tls.o)
 .ARM.attributes
                0x00000495       0x2c /arm/opt/gcc-arm/bin/../lib/gcc/arm-none-eabi/4.9.3/../../../../arm-none-eabi/lib/armv6-m/libc_nano.a(lib_a-memcmp.o)
 .ARM.attributes
                0x000004c1       0x2c /arm/opt/gcc-arm/bin/../lib/gcc/arm-none-eabi/4.9.3/../../../../arm-none-eabi/lib/armv6-m/libc_nano.a(lib_a-memcpy.o)
 .ARM.attributes
                0x000004ed       0x2c /arm/opt/gcc-arm/bin/../lib/gcc/arm-none-eabi/4.9.3/../../../../arm-none-eabi/lib/armv6-m/libc_nano.a(lib_a-printf.o)
 .ARM.attributes
                0x00000519       0x2c /arm/opt/gcc-arm/bin/../lib/gcc/arm-none-eabi/4.9.3/../../../../arm-none-eabi/lib/armv6-m/libc_nano.a(lib_a-findfp.o)
 .ARM.attributes
                0x00000545       0x2c /arm/opt/gcc-arm/bin/../lib/gcc/arm-none-eabi/4.9.3/../../../../arm-none-eabi/lib/armv6-m/libc_nano.a(lib_a-fwalk.o)
 .ARM.attributes
                0x00000571       0x2c /arm/opt/gcc-arm/bin/../lib/gcc/arm-none-eabi/4.9.3/../../../../arm-none-eabi/lib/armv6-m/libc_nano.a(lib_a-nano-mallocr.o)
 .ARM.attributes
                0x0000059d       0x2c /arm/opt/gcc-arm/bin/../lib/gcc/arm-none-eabi/4.9.3/../../../../arm-none-eabi/lib/armv6-m/libc_nano.a(lib_a-nano-vfprintf.o)
 .ARM.attributes
                0x000005c9       0x2c /arm/opt/gcc-arm/bin/../lib/gcc/arm-none-eabi/4.9.3/../../../../arm-none-eabi/lib/armv6-m/libc_nano.a(lib_a-nano-vfprintf_i.o)
 .ARM.attributes
                0x000005f5       0x2c /arm/opt/gcc-arm/bin/../lib/gcc/arm-none-eabi/4.9.3/../../../../arm-none-eabi/lib/armv6-m/libc_nano.a(lib_a-sbrkr.o)
 .ARM.attributes
                0x00000621       0x2c /arm/opt/gcc-arm/bin/../lib/gcc/arm-none-eabi/4.9.3/../../../../arm-none-eabi/lib/armv6-m/libc_nano.a(lib_a-stdio.o)
 .ARM.attributes
                0x0000064d       0x2c /arm/opt/gcc-arm/bin/../lib/gcc/arm-none-eabi/4.9.3/../../../../arm-none-eabi/lib/armv6-m/libc_nano.a(lib_a-wbuf.o)
 .ARM.attributes
                0x00000679       0x2c /arm/opt/gcc-arm/bin/../lib/gcc/arm-none-eabi/4.9.3/../../../../arm-none-eabi/lib/armv6-m/libc_nano.a(lib_a-writer.o)
 .ARM.attributes
                0x000006a5       0x2c /arm/opt/gcc-arm/bin/../lib/gcc/arm-none-eabi/4.9.3/../../../../arm-none-eabi/lib/armv6-m/libc_nano.a(lib_a-wsetup.o)
 .ARM.attributes
                0x000006d1       0x2c /arm/opt/gcc-arm/bin/../lib/gcc/arm-none-eabi/4.9.3/../../../../arm-none-eabi/lib/armv6-m/libc_nano.a(lib_a-closer.o)
 .ARM.attributes
                0x000006fd       0x2c /arm/opt/gcc-arm/bin/../lib/gcc/arm-none-eabi/4.9.3/../../../../arm-none-eabi/lib/armv6-m/libc_nano.a(lib_a-fflush.o)
 .ARM.attributes
                0x00000729       0x2c /arm/opt/gcc-arm/bin/../lib/gcc/arm-none-eabi/4.9.3/../../../../arm-none-eabi/lib/armv6-m/libc_nano.a(lib_a-lseekr.o)
 .ARM.attributes
                0x00000755       0x2c /arm/opt/gcc-arm/bin/../lib/gcc/arm-none-eabi/4.9.3/../../../../arm-none-eabi/lib/armv6-m/libc_nano.a(lib_a-makebuf.o)
 .ARM.attributes
                0x00000781       0x2c /arm/opt/gcc-arm/bin/../lib/gcc/arm-none-eabi/4.9.3/../../../../arm-none-eabi/lib/armv6-m/libc_nano.a(lib_a-memchr.o)
 .ARM.attributes
                0x000007ad       0x2c /arm/opt/gcc-arm/bin/../lib/gcc/arm-none-eabi/4.9.3/../../../../arm-none-eabi/lib/armv6-m/libc_nano.a(lib_a-nano-freer.o)
 .ARM.attributes
                0x000007d9       0x2c /arm/opt/gcc-arm/bin/../lib/gcc/arm-none-eabi/4.9.3/../../../../arm-none-eabi/lib/armv6-m/libc_nano.a(lib_a-readr.o)
 .ARM.attributes
                0x00000805       0x2c /arm/opt/gcc-arm/bin/../lib/gcc/arm-none-eabi/4.9.3/../../../../arm-none-eabi/lib/armv6-m/libc_nano.a(lib_a-reent.o)
 .ARM.attributes
                0x00000831       0x2c /arm/opt/gcc-arm/bin/../lib/gcc/arm-none-eabi/4.9.3/../../../../arm-none-eabi/lib/armv6-m/libc_nano.a(lib_a-fstatr.o)
 .ARM.attributes
                0x0000085d       0x2c /arm/opt/gcc-arm/bin/../lib/gcc/arm-none-eabi/4.9.3/../../../../arm-none-eabi/lib/armv6-m/libc_nano.a(lib_a-isattyr.o)
 .ARM.attributes
                0x00000889       0x1e /arm/opt/gcc-arm/bin/../lib/gcc/arm-none-eabi/4.9.3/armv6-m/crtn.o
 .ARM.attributes
                0x000008a7       0x2c /arm/opt/gcc-arm/bin/../lib/gcc/arm-none-eabi/4.9.3/../../../../arm-none-eabi/lib/armv6-m/libnosys.a(close.o)
 .ARM.attributes
                0x000008d3       0x2c /arm/opt/gcc-arm/bin/../lib/gcc/arm-none-eabi/4.9.3/../../../../arm-none-eabi/lib/armv6-m/libnosys.a(fstat.o)
 .ARM.attributes
                0x000008ff       0x2c /arm/opt/gcc-arm/bin/../lib/gcc/arm-none-eabi/4.9.3/../../../../arm-none-eabi/lib/armv6-m/libnosys.a(isatty.o)
 .ARM.attributes
                0x0000092b       0x2c /arm/opt/gcc-arm/bin/../lib/gcc/arm-none-eabi/4.9.3/../../../../arm-none-eabi/lib/armv6-m/libnosys.a(lseek.o)
 .ARM.attributes
                0x00000957       0x2c /arm/opt/gcc-arm/bin/../lib/gcc/arm-none-eabi/4.9.3/../../../../arm-none-eabi/lib/armv6-m/libnosys.a(sbrk.o)

.comment        0x00000000       0x70
 .comment       0x00000000       0x70 _build/app_error.o
                                 0x71 (size before relaxing)
 .comment       0x00000000       0x71 _build/app_fifo.o
 .comment       0x00000000       0x71 _build/app_timer.o
 .comment       0x00000000       0x71 _build/retarget.o
 .comment       0x00000000       0x71 _build/app_uart_fifo.o
 .comment       0x00000000       0x71 _build/nrf_delay.o
 .comment       0x00000000       0x71 _build/nrf_drv_common.o
 .comment       0x00000000       0x71 _build/nrf_drv_gpiote.o
 .comment       0x00000000       0x71 _build/nrf_drv_uart.o
 .comment       0x00000000       0x71 _build/pstorage.o
 .comment       0x00000000       0x71 _build/main.o
 .comment       0x00000000       0x71 _build/ble_db_discovery.o
 .comment       0x00000000       0x71 _build/device_manager_central.o
 .comment       0x00000000       0x71 _build/system_nrf51.o
 .comment       0x00000000       0x71 _build/softdevice_handler.o

.debug_frame    0x00000000      0x830
 .debug_frame   0x00000000       0x28 /arm/opt/gcc-arm/bin/../lib/gcc/arm-none-eabi/4.9.3/../../../../arm-none-eabi/lib/armv6-m/libc_nano.a(lib_a-exit.o)
 .debug_frame   0x00000028       0x2c /arm/opt/gcc-arm/bin/../lib/gcc/arm-none-eabi/4.9.3/../../../../arm-none-eabi/lib/armv6-m/libc_nano.a(lib_a-init.o)
 .debug_frame   0x00000054       0x20 /arm/opt/gcc-arm/bin/../lib/gcc/arm-none-eabi/4.9.3/../../../../arm-none-eabi/lib/armv6-m/libc_nano.a(lib_a-memset.o)
 .debug_frame   0x00000074       0x20 /arm/opt/gcc-arm/bin/../lib/gcc/arm-none-eabi/4.9.3/../../../../arm-none-eabi/lib/armv6-m/libnosys.a(_exit.o)
 .debug_frame   0x00000094       0x20 /arm/opt/gcc-arm/bin/../lib/gcc/arm-none-eabi/4.9.3/armv6-m/libgcc.a(_udivsi3.o)
 .debug_frame   0x000000b4       0x20 /arm/opt/gcc-arm/bin/../lib/gcc/arm-none-eabi/4.9.3/armv6-m/libgcc.a(_divsi3.o)
 .debug_frame   0x000000d4       0x2c /arm/opt/gcc-arm/bin/../lib/gcc/arm-none-eabi/4.9.3/../../../../arm-none-eabi/lib/armv6-m/libc_nano.a(lib_a-memcmp.o)
 .debug_frame   0x00000100       0x28 /arm/opt/gcc-arm/bin/../lib/gcc/arm-none-eabi/4.9.3/../../../../arm-none-eabi/lib/armv6-m/libc_nano.a(lib_a-memcpy.o)
 .debug_frame   0x00000128       0x50 /arm/opt/gcc-arm/bin/../lib/gcc/arm-none-eabi/4.9.3/../../../../arm-none-eabi/lib/armv6-m/libc_nano.a(lib_a-printf.o)
 .debug_frame   0x00000178      0x140 /arm/opt/gcc-arm/bin/../lib/gcc/arm-none-eabi/4.9.3/../../../../arm-none-eabi/lib/armv6-m/libc_nano.a(lib_a-findfp.o)
 .debug_frame   0x000002b8       0x58 /arm/opt/gcc-arm/bin/../lib/gcc/arm-none-eabi/4.9.3/../../../../arm-none-eabi/lib/armv6-m/libc_nano.a(lib_a-fwalk.o)
 .debug_frame   0x00000310       0x2c /arm/opt/gcc-arm/bin/../lib/gcc/arm-none-eabi/4.9.3/../../../../arm-none-eabi/lib/armv6-m/libc_nano.a(lib_a-nano-mallocr.o)
 .debug_frame   0x0000033c       0xa0 /arm/opt/gcc-arm/bin/../lib/gcc/arm-none-eabi/4.9.3/../../../../arm-none-eabi/lib/armv6-m/libc_nano.a(lib_a-nano-vfprintf.o)
 .debug_frame   0x000003dc       0x54 /arm/opt/gcc-arm/bin/../lib/gcc/arm-none-eabi/4.9.3/../../../../arm-none-eabi/lib/armv6-m/libc_nano.a(lib_a-nano-vfprintf_i.o)
 .debug_frame   0x00000430       0x2c /arm/opt/gcc-arm/bin/../lib/gcc/arm-none-eabi/4.9.3/../../../../arm-none-eabi/lib/armv6-m/libc_nano.a(lib_a-sbrkr.o)
 .debug_frame   0x0000045c       0x90 /arm/opt/gcc-arm/bin/../lib/gcc/arm-none-eabi/4.9.3/../../../../arm-none-eabi/lib/armv6-m/libc_nano.a(lib_a-stdio.o)
 .debug_frame   0x000004ec       0x44 /arm/opt/gcc-arm/bin/../lib/gcc/arm-none-eabi/4.9.3/../../../../arm-none-eabi/lib/armv6-m/libc_nano.a(lib_a-wbuf.o)
 .debug_frame   0x00000530       0x2c /arm/opt/gcc-arm/bin/../lib/gcc/arm-none-eabi/4.9.3/../../../../arm-none-eabi/lib/armv6-m/libc_nano.a(lib_a-writer.o)
 .debug_frame   0x0000055c       0x2c /arm/opt/gcc-arm/bin/../lib/gcc/arm-none-eabi/4.9.3/../../../../arm-none-eabi/lib/armv6-m/libc_nano.a(lib_a-wsetup.o)
 .debug_frame   0x00000588       0x2c /arm/opt/gcc-arm/bin/../lib/gcc/arm-none-eabi/4.9.3/../../../../arm-none-eabi/lib/armv6-m/libc_nano.a(lib_a-closer.o)
 .debug_frame   0x000005b4       0x68 /arm/opt/gcc-arm/bin/../lib/gcc/arm-none-eabi/4.9.3/../../../../arm-none-eabi/lib/armv6-m/libc_nano.a(lib_a-fflush.o)
 .debug_frame   0x0000061c       0x2c /arm/opt/gcc-arm/bin/../lib/gcc/arm-none-eabi/4.9.3/../../../../arm-none-eabi/lib/armv6-m/libc_nano.a(lib_a-lseekr.o)
 .debug_frame   0x00000648       0x30 /arm/opt/gcc-arm/bin/../lib/gcc/arm-none-eabi/4.9.3/../../../../arm-none-eabi/lib/armv6-m/libc_nano.a(lib_a-makebuf.o)
 .debug_frame   0x00000678       0x20 /arm/opt/gcc-arm/bin/../lib/gcc/arm-none-eabi/4.9.3/../../../../arm-none-eabi/lib/armv6-m/libc_nano.a(lib_a-memchr.o)
 .debug_frame   0x00000698       0x2c /arm/opt/gcc-arm/bin/../lib/gcc/arm-none-eabi/4.9.3/../../../../arm-none-eabi/lib/armv6-m/libc_nano.a(lib_a-nano-freer.o)
 .debug_frame   0x000006c4       0x2c /arm/opt/gcc-arm/bin/../lib/gcc/arm-none-eabi/4.9.3/../../../../arm-none-eabi/lib/armv6-m/libc_nano.a(lib_a-readr.o)
 .debug_frame   0x000006f0       0x48 /arm/opt/gcc-arm/bin/../lib/gcc/arm-none-eabi/4.9.3/../../../../arm-none-eabi/lib/armv6-m/libc_nano.a(lib_a-reent.o)
 .debug_frame   0x00000738       0x2c /arm/opt/gcc-arm/bin/../lib/gcc/arm-none-eabi/4.9.3/../../../../arm-none-eabi/lib/armv6-m/libc_nano.a(lib_a-fstatr.o)
 .debug_frame   0x00000764       0x2c /arm/opt/gcc-arm/bin/../lib/gcc/arm-none-eabi/4.9.3/../../../../arm-none-eabi/lib/armv6-m/libc_nano.a(lib_a-isattyr.o)
 .debug_frame   0x00000790       0x20 /arm/opt/gcc-arm/bin/../lib/gcc/arm-none-eabi/4.9.3/../../../../arm-none-eabi/lib/armv6-m/libnosys.a(close.o)
 .debug_frame   0x000007b0       0x20 /arm/opt/gcc-arm/bin/../lib/gcc/arm-none-eabi/4.9.3/../../../../arm-none-eabi/lib/armv6-m/libnosys.a(fstat.o)
 .debug_frame   0x000007d0       0x20 /arm/opt/gcc-arm/bin/../lib/gcc/arm-none-eabi/4.9.3/../../../../arm-none-eabi/lib/armv6-m/libnosys.a(isatty.o)
 .debug_frame   0x000007f0       0x20 /arm/opt/gcc-arm/bin/../lib/gcc/arm-none-eabi/4.9.3/../../../../arm-none-eabi/lib/armv6-m/libnosys.a(lseek.o)
 .debug_frame   0x00000810       0x20 /arm/opt/gcc-arm/bin/../lib/gcc/arm-none-eabi/4.9.3/../../../../arm-none-eabi/lib/armv6-m/libnosys.a(sbrk.o)

.stab           0x00000000       0x6c
 .stab          0x00000000       0x24 /arm/opt/gcc-arm/bin/../lib/gcc/arm-none-eabi/4.9.3/../../../../arm-none-eabi/lib/armv6-m/libnosys.a(close.o)
 .stab          0x00000024       0x18 /arm/opt/gcc-arm/bin/../lib/gcc/arm-none-eabi/4.9.3/../../../../arm-none-eabi/lib/armv6-m/libnosys.a(fstat.o)
                                 0x24 (size before relaxing)
 .stab          0x0000003c       0x18 /arm/opt/gcc-arm/bin/../lib/gcc/arm-none-eabi/4.9.3/../../../../arm-none-eabi/lib/armv6-m/libnosys.a(isatty.o)
                                 0x24 (size before relaxing)
 .stab          0x00000054       0x18 /arm/opt/gcc-arm/bin/../lib/gcc/arm-none-eabi/4.9.3/../../../../arm-none-eabi/lib/armv6-m/libnosys.a(lseek.o)
                                 0x24 (size before relaxing)

.stabstr        0x00000000       0xe3
 .stabstr       0x00000000       0xe3 /arm/opt/gcc-arm/bin/../lib/gcc/arm-none-eabi/4.9.3/../../../../arm-none-eabi/lib/armv6-m/libnosys.a(close.o)
