Archive member included because of file (symbol)

/arm/opt/gcc-arm/bin/../lib/gcc/arm-none-eabi/4.9.3/../../../../arm-none-eabi/lib/armv6-m/libc_nano.a(lib_a-exit.o)
                              /arm/opt/gcc-arm/bin/../lib/gcc/arm-none-eabi/4.9.3/../../../../arm-none-eabi/lib/armv6-m/crt0.o (exit)
/arm/opt/gcc-arm/bin/../lib/gcc/arm-none-eabi/4.9.3/../../../../arm-none-eabi/lib/armv6-m/libc_nano.a(lib_a-impure.o)
                              /arm/opt/gcc-arm/bin/../lib/gcc/arm-none-eabi/4.9.3/../../../../arm-none-eabi/lib/armv6-m/libc_nano.a(lib_a-exit.o) (_global_impure_ptr)
/arm/opt/gcc-arm/bin/../lib/gcc/arm-none-eabi/4.9.3/../../../../arm-none-eabi/lib/armv6-m/libc_nano.a(lib_a-init.o)
                              /arm/opt/gcc-arm/bin/../lib/gcc/arm-none-eabi/4.9.3/../../../../arm-none-eabi/lib/armv6-m/crt0.o (__libc_init_array)
/arm/opt/gcc-arm/bin/../lib/gcc/arm-none-eabi/4.9.3/../../../../arm-none-eabi/lib/armv6-m/libc_nano.a(lib_a-memset.o)
                              /arm/opt/gcc-arm/bin/../lib/gcc/arm-none-eabi/4.9.3/../../../../arm-none-eabi/lib/armv6-m/crt0.o (memset)
/arm/opt/gcc-arm/bin/../lib/gcc/arm-none-eabi/4.9.3/../../../../arm-none-eabi/lib/armv6-m/libnosys.a(_exit.o)
                              /arm/opt/gcc-arm/bin/../lib/gcc/arm-none-eabi/4.9.3/../../../../arm-none-eabi/lib/armv6-m/libc_nano.a(lib_a-exit.o) (_exit)
/arm/opt/gcc-arm/bin/../lib/gcc/arm-none-eabi/4.9.3/armv6-m/libgcc.a(_udivsi3.o)
                              _build/pstorage.o (__aeabi_uidiv)
/arm/opt/gcc-arm/bin/../lib/gcc/arm-none-eabi/4.9.3/armv6-m/libgcc.a(_divsi3.o)
                              _build/pstorage.o (__aeabi_idiv)
/arm/opt/gcc-arm/bin/../lib/gcc/arm-none-eabi/4.9.3/armv6-m/libgcc.a(_dvmd_tls.o)
                              /arm/opt/gcc-arm/bin/../lib/gcc/arm-none-eabi/4.9.3/armv6-m/libgcc.a(_udivsi3.o) (__aeabi_idiv0)
/arm/opt/gcc-arm/bin/../lib/gcc/arm-none-eabi/4.9.3/../../../../arm-none-eabi/lib/armv6-m/libc_nano.a(lib_a-memcmp.o)
                              _build/device_manager_peripheral.o (memcmp)
/arm/opt/gcc-arm/bin/../lib/gcc/arm-none-eabi/4.9.3/../../../../arm-none-eabi/lib/armv6-m/libc_nano.a(lib_a-memcpy.o)
                              _build/main.o (memcpy)
/arm/opt/gcc-arm/bin/../lib/gcc/arm-none-eabi/4.9.3/../../../../arm-none-eabi/lib/armv6-m/libc_nano.a(lib_a-memmove.o)
                              _build/ble_hrs.o (memmove)
/arm/opt/gcc-arm/bin/../lib/gcc/arm-none-eabi/4.9.3/../../../../arm-none-eabi/lib/armv6-m/libc_nano.a(lib_a-strlen.o)
                              _build/main.o (strlen)

Allocating common symbols
Common symbol       size              file

__stdin             0x68              _build/retarget.o
__stdout            0x68              _build/retarget.o

Discarded input sections

 .text          0x00000000        0x0 /arm/opt/gcc-arm/bin/../lib/gcc/arm-none-eabi/4.9.3/armv6-m/crti.o
 .data          0x00000000        0x0 /arm/opt/gcc-arm/bin/../lib/gcc/arm-none-eabi/4.9.3/armv6-m/crti.o
 .bss           0x00000000        0x0 /arm/opt/gcc-arm/bin/../lib/gcc/arm-none-eabi/4.9.3/armv6-m/crti.o
 .data          0x00000000        0x4 /arm/opt/gcc-arm/bin/../lib/gcc/arm-none-eabi/4.9.3/armv6-m/crtbegin.o
 .data          0x00000000        0x0 /arm/opt/gcc-arm/bin/../lib/gcc/arm-none-eabi/4.9.3/../../../../arm-none-eabi/lib/armv6-m/crt0.o
 .bss           0x00000000        0x0 /arm/opt/gcc-arm/bin/../lib/gcc/arm-none-eabi/4.9.3/../../../../arm-none-eabi/lib/armv6-m/crt0.o
 .ARM.extab     0x00000000        0x0 /arm/opt/gcc-arm/bin/../lib/gcc/arm-none-eabi/4.9.3/../../../../arm-none-eabi/lib/armv6-m/crt0.o
 .text          0x00000000        0x0 /arm/opt/gcc-arm/bin/../lib/gcc/arm-none-eabi/4.9.3/../../../../arm-none-eabi/lib/armv6-m/libc_nano.a(lib_a-exit.o)
 .data          0x00000000        0x0 /arm/opt/gcc-arm/bin/../lib/gcc/arm-none-eabi/4.9.3/../../../../arm-none-eabi/lib/armv6-m/libc_nano.a(lib_a-exit.o)
 .bss           0x00000000        0x0 /arm/opt/gcc-arm/bin/../lib/gcc/arm-none-eabi/4.9.3/../../../../arm-none-eabi/lib/armv6-m/libc_nano.a(lib_a-exit.o)
 .text          0x00000000        0x0 /arm/opt/gcc-arm/bin/../lib/gcc/arm-none-eabi/4.9.3/../../../../arm-none-eabi/lib/armv6-m/libc_nano.a(lib_a-impure.o)
 .data          0x00000000        0x0 /arm/opt/gcc-arm/bin/../lib/gcc/arm-none-eabi/4.9.3/../../../../arm-none-eabi/lib/armv6-m/libc_nano.a(lib_a-impure.o)
 .bss           0x00000000        0x0 /arm/opt/gcc-arm/bin/../lib/gcc/arm-none-eabi/4.9.3/../../../../arm-none-eabi/lib/armv6-m/libc_nano.a(lib_a-impure.o)
 .data._impure_ptr
                0x00000000        0x4 /arm/opt/gcc-arm/bin/../lib/gcc/arm-none-eabi/4.9.3/../../../../arm-none-eabi/lib/armv6-m/libc_nano.a(lib_a-impure.o)
 .text          0x00000000        0x0 /arm/opt/gcc-arm/bin/../lib/gcc/arm-none-eabi/4.9.3/../../../../arm-none-eabi/lib/armv6-m/libc_nano.a(lib_a-init.o)
 .data          0x00000000        0x0 /arm/opt/gcc-arm/bin/../lib/gcc/arm-none-eabi/4.9.3/../../../../arm-none-eabi/lib/armv6-m/libc_nano.a(lib_a-init.o)
 .bss           0x00000000        0x0 /arm/opt/gcc-arm/bin/../lib/gcc/arm-none-eabi/4.9.3/../../../../arm-none-eabi/lib/armv6-m/libc_nano.a(lib_a-init.o)
 .text          0x00000000        0x0 /arm/opt/gcc-arm/bin/../lib/gcc/arm-none-eabi/4.9.3/../../../../arm-none-eabi/lib/armv6-m/libc_nano.a(lib_a-memset.o)
 .data          0x00000000        0x0 /arm/opt/gcc-arm/bin/../lib/gcc/arm-none-eabi/4.9.3/../../../../arm-none-eabi/lib/armv6-m/libc_nano.a(lib_a-memset.o)
 .bss           0x00000000        0x0 /arm/opt/gcc-arm/bin/../lib/gcc/arm-none-eabi/4.9.3/../../../../arm-none-eabi/lib/armv6-m/libc_nano.a(lib_a-memset.o)
 .text          0x00000000        0x0 /arm/opt/gcc-arm/bin/../lib/gcc/arm-none-eabi/4.9.3/../../../../arm-none-eabi/lib/armv6-m/libnosys.a(_exit.o)
 .data          0x00000000        0x0 /arm/opt/gcc-arm/bin/../lib/gcc/arm-none-eabi/4.9.3/../../../../arm-none-eabi/lib/armv6-m/libnosys.a(_exit.o)
 .bss           0x00000000        0x0 /arm/opt/gcc-arm/bin/../lib/gcc/arm-none-eabi/4.9.3/../../../../arm-none-eabi/lib/armv6-m/libnosys.a(_exit.o)
 .text          0x00000000        0x0 _build/app_button.o
 .data          0x00000000        0x0 _build/app_button.o
 .bss           0x00000000        0x0 _build/app_button.o
 .text.detection_delay_timeout_handler
                0x00000000       0xa8 _build/app_button.o
 .text.gpiote_event_handler
                0x00000000       0x5c _build/app_button.o
 .text.app_button_init
                0x00000000       0xb4 _build/app_button.o
 .text.app_button_enable
                0x00000000       0x30 _build/app_button.o
 .text.app_button_disable
                0x00000000       0x34 _build/app_button.o
 .text.app_button_is_pushed
                0x00000000       0x2c _build/app_button.o
 .bss.m_detection_delay
                0x00000000        0x4 _build/app_button.o
 .bss.mp_buttons
                0x00000000        0x4 _build/app_button.o
 .bss.m_button_count
                0x00000000        0x1 _build/app_button.o
 .bss.m_detection_delay_timer_id_data
                0x00000000       0x20 _build/app_button.o
 .bss.m_pin_state
                0x00000000        0x4 _build/app_button.o
 .rodata.m_detection_delay_timer_id
                0x00000000        0x4 _build/app_button.o
 .bss.m_pin_transition
                0x00000000        0x4 _build/app_button.o
 .comment       0x00000000       0x71 _build/app_button.o
 .ARM.attributes
                0x00000000       0x31 _build/app_button.o
 .text          0x00000000        0x0 _build/app_error.o
 .data          0x00000000        0x0 _build/app_error.o
 .bss           0x00000000        0x0 _build/app_error.o
 .text          0x00000000        0x0 _build/app_timer.o
 .data          0x00000000        0x0 _build/app_timer.o
 .bss           0x00000000        0x0 _build/app_timer.o
 .text.app_timer_stop_all
                0x00000000       0xbc _build/app_timer.o
 .text.app_timer_cnt_get
                0x00000000       0x14 _build/app_timer.o
 .text.app_timer_cnt_diff_compute
                0x00000000        0xc _build/app_timer.o
 .text          0x00000000        0x0 _build/app_trace.o
 .data          0x00000000        0x0 _build/app_trace.o
 .bss           0x00000000        0x0 _build/app_trace.o
 .comment       0x00000000       0x71 _build/app_trace.o
 .ARM.attributes
                0x00000000       0x31 _build/app_trace.o
 .text          0x00000000        0x0 _build/nrf_assert.o
 .data          0x00000000        0x0 _build/nrf_assert.o
 .bss           0x00000000        0x0 _build/nrf_assert.o
 .comment       0x00000000       0x71 _build/nrf_assert.o
 .ARM.attributes
                0x00000000       0x31 _build/nrf_assert.o
 .text          0x00000000        0x0 _build/retarget.o
 .data          0x00000000        0x0 _build/retarget.o
 .bss           0x00000000        0x0 _build/retarget.o
 .text._write   0x00000000       0x1c _build/retarget.o
 .text._read    0x00000000       0x14 _build/retarget.o
 .comment       0x00000000       0x71 _build/retarget.o
 .ARM.attributes
                0x00000000       0x31 _build/retarget.o
 COMMON         0x00000000       0xd0 _build/retarget.o
 .text          0x00000000        0x0 _build/app_uart.o
 .data          0x00000000        0x0 _build/app_uart.o
 .bss           0x00000000        0x0 _build/app_uart.o
 .text.uart_event_handler
                0x00000000       0x70 _build/app_uart.o
 .text.app_uart_init
                0x00000000       0x8c _build/app_uart.o
 .text.app_uart_get
                0x00000000       0x20 _build/app_uart.o
 .text.app_uart_put
                0x00000000       0x28 _build/app_uart.o
 .text.app_uart_flush
                0x00000000        0x4 _build/app_uart.o
 .text.app_uart_close
                0x00000000        0xc _build/app_uart.o
 .rodata        0x00000000       0x20 _build/app_uart.o
 .bss.tx_buffer
                0x00000000        0x4 _build/app_uart.o
 .bss.m_event_handler
                0x00000000        0x4 _build/app_uart.o
 .bss.rx_buffer
                0x00000000        0x4 _build/app_uart.o
 .bss.rx_done   0x00000000        0x1 _build/app_uart.o
 .comment       0x00000000       0x71 _build/app_uart.o
 .ARM.attributes
                0x00000000       0x31 _build/app_uart.o
 .text          0x00000000        0x0 _build/nrf_delay.o
 .data          0x00000000        0x0 _build/nrf_delay.o
 .bss           0x00000000        0x0 _build/nrf_delay.o
 .text.nrf_delay_ms
                0x00000000       0x3c _build/nrf_delay.o
 .comment       0x00000000       0x71 _build/nrf_delay.o
 .ARM.attributes
                0x00000000       0x31 _build/nrf_delay.o
 .text          0x00000000        0x0 _build/nrf_drv_common.o
 .data          0x00000000        0x0 _build/nrf_drv_common.o
 .bss           0x00000000        0x0 _build/nrf_drv_common.o
 .text          0x00000000        0x0 _build/nrf_drv_gpiote.o
 .data          0x00000000        0x0 _build/nrf_drv_gpiote.o
 .bss           0x00000000        0x0 _build/nrf_drv_gpiote.o
 .text.nrf_drv_gpiote_uninit
                0x00000000       0xec _build/nrf_drv_gpiote.o
 .text.nrf_drv_gpiote_out_init
                0x00000000       0xdc _build/nrf_drv_gpiote.o
 .text.nrf_drv_gpiote_out_uninit
                0x00000000       0x48 _build/nrf_drv_gpiote.o
 .text.nrf_drv_gpiote_out_set
                0x00000000       0x14 _build/nrf_drv_gpiote.o
 .text.nrf_drv_gpiote_out_clear
                0x00000000       0x14 _build/nrf_drv_gpiote.o
 .text.nrf_drv_gpiote_out_toggle
                0x00000000       0x2c _build/nrf_drv_gpiote.o
 .text.nrf_drv_gpiote_out_task_enable
                0x00000000       0x38 _build/nrf_drv_gpiote.o
 .text.nrf_drv_gpiote_out_task_disable
                0x00000000       0x28 _build/nrf_drv_gpiote.o
 .text.nrf_drv_gpiote_out_task_addr_get
                0x00000000       0x20 _build/nrf_drv_gpiote.o
 .text.nrf_drv_gpiote_out_task_force
                0x00000000       0x38 _build/nrf_drv_gpiote.o
 .text.nrf_drv_gpiote_out_task_trigger
                0x00000000       0x20 _build/nrf_drv_gpiote.o
 .text.nrf_drv_gpiote_in_event_disable
                0x00000000       0x60 _build/nrf_drv_gpiote.o
 .text.nrf_drv_gpiote_in_is_set
                0x00000000       0x14 _build/nrf_drv_gpiote.o
 .text.nrf_drv_gpiote_in_event_addr_get
                0x00000000       0x20 _build/nrf_drv_gpiote.o
 .text          0x00000000        0x0 _build/nrf_drv_uart.o
 .data          0x00000000        0x0 _build/nrf_drv_uart.o
 .bss           0x00000000        0x0 _build/nrf_drv_uart.o
 .text.nrf_drv_uart_init
                0x00000000      0x110 _build/nrf_drv_uart.o
 .text.nrf_drv_uart_uninit
                0x00000000       0xbc _build/nrf_drv_uart.o
 .text.nrf_drv_uart_tx
                0x00000000       0xb4 _build/nrf_drv_uart.o
 .text.nrf_drv_uart_rx
                0x00000000      0x108 _build/nrf_drv_uart.o
 .text.nrf_drv_uart_rx_enable
                0x00000000       0x2c _build/nrf_drv_uart.o
 .text.nrf_drv_uart_rx_disable
                0x00000000       0x18 _build/nrf_drv_uart.o
 .text.nrf_drv_uart_errorsrc_get
                0x00000000       0x1c _build/nrf_drv_uart.o
 .text.nrf_drv_uart_tx_abort
                0x00000000       0x3c _build/nrf_drv_uart.o
 .text.nrf_drv_uart_rx_abort
                0x00000000       0x1c _build/nrf_drv_uart.o
 .rodata.m_default_config
                0x00000000       0x20 _build/nrf_drv_uart.o
 .text          0x00000000        0x0 _build/main.o
 .data          0x00000000        0x0 _build/main.o
 .bss           0x00000000        0x0 _build/main.o
 .rodata.leds_list
                0x00000000        0x8 _build/main.o
 .text          0x00000000        0x0 _build/ble_advdata.o
 .data          0x00000000        0x0 _build/ble_advdata.o
 .bss           0x00000000        0x0 _build/ble_advdata.o
 .text          0x00000000        0x0 _build/ble_advertising.o
 .data          0x00000000        0x0 _build/ble_advertising.o
 .bss           0x00000000        0x0 _build/ble_advertising.o
 .text.sd_ble_gap_adv_stop
                0x00000000        0x4 _build/ble_advertising.o
 .text.ble_advertising_peer_addr_reply
                0x00000000       0x3c _build/ble_advertising.o
 .text.ble_advertising_whitelist_reply
                0x00000000       0xd8 _build/ble_advertising.o
 .text.ble_advertising_restart_without_whitelist
                0x00000000      0x324 _build/ble_advertising.o
 .text          0x00000000        0x0 _build/ble_bas.o
 .data          0x00000000        0x0 _build/ble_bas.o
 .bss           0x00000000        0x0 _build/ble_bas.o
 .text.sd_ble_gatts_service_add
                0x00000000        0x4 _build/ble_bas.o
 .text.sd_ble_gatts_characteristic_add
                0x00000000        0x4 _build/ble_bas.o
 .text.sd_ble_gatts_descriptor_add
                0x00000000        0x4 _build/ble_bas.o
 .text.sd_ble_gatts_value_set
                0x00000000        0x4 _build/ble_bas.o
 .text.sd_ble_gatts_hvx
                0x00000000        0x4 _build/ble_bas.o
 .text.ble_bas_on_ble_evt
                0x00000000       0x64 _build/ble_bas.o
 .text.ble_bas_init
                0x00000000      0x1dc _build/ble_bas.o
 .text.ble_bas_battery_level_update
                0x00000000       0x8c _build/ble_bas.o
 .comment       0x00000000       0x71 _build/ble_bas.o
 .ARM.attributes
                0x00000000       0x31 _build/ble_bas.o
 .text          0x00000000        0x0 _build/ble_dis.o
 .data          0x00000000        0x0 _build/ble_dis.o
 .bss           0x00000000        0x0 _build/ble_dis.o
 .text          0x00000000        0x0 _build/ble_hrs.o
 .data          0x00000000        0x0 _build/ble_hrs.o
 .bss           0x00000000        0x0 _build/ble_hrs.o
 .text.sd_ble_gatts_service_add
                0x00000000        0x4 _build/ble_hrs.o
 .text.sd_ble_gatts_characteristic_add
                0x00000000        0x4 _build/ble_hrs.o
 .text.sd_ble_gatts_value_set
                0x00000000        0x4 _build/ble_hrs.o
 .text.sd_ble_gatts_hvx
                0x00000000        0x4 _build/ble_hrs.o
 .text.ble_hrs_on_ble_evt
                0x00000000       0x54 _build/ble_hrs.o
 .text.ble_hrs_init
                0x00000000      0x2d4 _build/ble_hrs.o
 .text.ble_hrs_heart_rate_measurement_send
                0x00000000      0x118 _build/ble_hrs.o
 .text.ble_hrs_rr_interval_add
                0x00000000       0x34 _build/ble_hrs.o
 .text.ble_hrs_rr_interval_buffer_is_full
                0x00000000       0x10 _build/ble_hrs.o
 .text.ble_hrs_sensor_contact_supported_set
                0x00000000       0x1c _build/ble_hrs.o
 .text.ble_hrs_sensor_contact_detected_update
                0x00000000        0x8 _build/ble_hrs.o
 .text.ble_hrs_body_sensor_location_set
                0x00000000       0x30 _build/ble_hrs.o
 .comment       0x00000000       0x71 _build/ble_hrs.o
 .ARM.attributes
                0x00000000       0x31 _build/ble_hrs.o
 .text          0x00000000        0x0 _build/ble_conn_params.o
 .data          0x00000000        0x0 _build/ble_conn_params.o
 .bss           0x00000000        0x0 _build/ble_conn_params.o
 .text.ble_conn_params_stop
                0x00000000       0x10 _build/ble_conn_params.o
 .text.ble_conn_params_change_conn_params
                0x00000000       0x70 _build/ble_conn_params.o
 .text          0x00000000        0x0 _build/ble_srv_common.o
 .data          0x00000000        0x0 _build/ble_srv_common.o
 .bss           0x00000000        0x0 _build/ble_srv_common.o
 .text.sd_ble_gatts_characteristic_add
                0x00000000        0x4 _build/ble_srv_common.o
 .text.sd_ble_gatts_descriptor_add
                0x00000000        0x4 _build/ble_srv_common.o
 .text.ble_srv_report_ref_encode
                0x00000000        0xc _build/ble_srv_common.o
 .text.characteristic_add
                0x00000000      0x368 _build/ble_srv_common.o
 .rodata.characteristic_add
                0x00000000       0x78 _build/ble_srv_common.o
 .text.descriptor_add
                0x00000000      0x15c _build/ble_srv_common.o
 .rodata.descriptor_add
                0x00000000       0x30 _build/ble_srv_common.o
 .text          0x00000000        0x0 _build/device_manager_peripheral.o
 .data          0x00000000        0x0 _build/device_manager_peripheral.o
 .bss           0x00000000        0x0 _build/device_manager_peripheral.o
 .text.sd_ble_gap_authenticate
                0x00000000        0x4 _build/device_manager_peripheral.o
 .text.dm_security_setup_req
                0x00000000       0x5c _build/device_manager_peripheral.o
 .text.dm_security_status_req
                0x00000000       0x74 _build/device_manager_peripheral.o
 .text.dm_whitelist_create
                0x00000000       0xe0 _build/device_manager_peripheral.o
 .text.dm_device_add
                0x00000000        0x8 _build/device_manager_peripheral.o
 .text.dm_device_delete
                0x00000000       0xd4 _build/device_manager_peripheral.o
 .text.dm_device_delete_all
                0x00000000       0xcc _build/device_manager_peripheral.o
 .text.dm_service_context_set
                0x00000000       0xbc _build/device_manager_peripheral.o
 .text.dm_service_context_get
                0x00000000       0xd8 _build/device_manager_peripheral.o
 .text.dm_service_context_delete
                0x00000000       0x5c _build/device_manager_peripheral.o
 .text.dm_application_context_set
                0x00000000       0xec _build/device_manager_peripheral.o
 .text.dm_application_context_get
                0x00000000       0xc0 _build/device_manager_peripheral.o
 .text.dm_application_context_delete
                0x00000000       0xa4 _build/device_manager_peripheral.o
 .text.dm_application_instance_set
                0x00000000       0x3c _build/device_manager_peripheral.o
 .text.dm_handle_initialize
                0x00000000       0x1c _build/device_manager_peripheral.o
 .text.dm_peer_addr_set
                0x00000000       0xb8 _build/device_manager_peripheral.o
 .text.dm_peer_addr_get
                0x00000000       0x84 _build/device_manager_peripheral.o
 .text.dm_distributed_keys_get
                0x00000000       0xbc _build/device_manager_peripheral.o
 .text.dm_handle_get
                0x00000000       0x48 _build/device_manager_peripheral.o
 .bss.m_local_id_info
                0x00000000       0x18 _build/device_manager_peripheral.o
 .text          0x00000000        0x0 _build/system_nrf51.o
 .data          0x00000000        0x0 _build/system_nrf51.o
 .bss           0x00000000        0x0 _build/system_nrf51.o
 .text.SystemCoreClockUpdate
                0x00000000       0x10 _build/system_nrf51.o
 .data.SystemCoreClock
                0x00000000        0x4 _build/system_nrf51.o
 .text          0x00000000        0x0 _build/softdevice_handler.o
 .data          0x00000000        0x0 _build/softdevice_handler.o
 .bss           0x00000000        0x0 _build/softdevice_handler.o
 .text.sd_softdevice_disable
                0x00000000        0x4 _build/softdevice_handler.o
 .text.intern_softdevice_events_execute
                0x00000000       0x14 _build/softdevice_handler.o
 .text.softdevice_handler_isEnabled
                0x00000000        0xc _build/softdevice_handler.o
 .text.softdevice_handler_sd_disable
                0x00000000       0x18 _build/softdevice_handler.o
 .text          0x00000000        0x0 _build/pstorage.o
 .data          0x00000000        0x0 _build/pstorage.o
 .bss           0x00000000        0x0 _build/pstorage.o
 .data          0x00000000        0x0 _build/gcc_startup_nrf51.o
 .bss           0x00000000        0x0 _build/gcc_startup_nrf51.o
 .ARM.extab     0x00000000        0x0 _build/gcc_startup_nrf51.o
 .data          0x00000000        0x0 /arm/opt/gcc-arm/bin/../lib/gcc/arm-none-eabi/4.9.3/armv6-m/libgcc.a(_udivsi3.o)
 .bss           0x00000000        0x0 /arm/opt/gcc-arm/bin/../lib/gcc/arm-none-eabi/4.9.3/armv6-m/libgcc.a(_udivsi3.o)
 .data          0x00000000        0x0 /arm/opt/gcc-arm/bin/../lib/gcc/arm-none-eabi/4.9.3/armv6-m/libgcc.a(_divsi3.o)
 .bss           0x00000000        0x0 /arm/opt/gcc-arm/bin/../lib/gcc/arm-none-eabi/4.9.3/armv6-m/libgcc.a(_divsi3.o)
 .data          0x00000000        0x0 /arm/opt/gcc-arm/bin/../lib/gcc/arm-none-eabi/4.9.3/armv6-m/libgcc.a(_dvmd_tls.o)
 .bss           0x00000000        0x0 /arm/opt/gcc-arm/bin/../lib/gcc/arm-none-eabi/4.9.3/armv6-m/libgcc.a(_dvmd_tls.o)
 .text          0x00000000        0x0 /arm/opt/gcc-arm/bin/../lib/gcc/arm-none-eabi/4.9.3/../../../../arm-none-eabi/lib/armv6-m/libc_nano.a(lib_a-memcmp.o)
 .data          0x00000000        0x0 /arm/opt/gcc-arm/bin/../lib/gcc/arm-none-eabi/4.9.3/../../../../arm-none-eabi/lib/armv6-m/libc_nano.a(lib_a-memcmp.o)
 .bss           0x00000000        0x0 /arm/opt/gcc-arm/bin/../lib/gcc/arm-none-eabi/4.9.3/../../../../arm-none-eabi/lib/armv6-m/libc_nano.a(lib_a-memcmp.o)
 .text          0x00000000        0x0 /arm/opt/gcc-arm/bin/../lib/gcc/arm-none-eabi/4.9.3/../../../../arm-none-eabi/lib/armv6-m/libc_nano.a(lib_a-memcpy.o)
 .data          0x00000000        0x0 /arm/opt/gcc-arm/bin/../lib/gcc/arm-none-eabi/4.9.3/../../../../arm-none-eabi/lib/armv6-m/libc_nano.a(lib_a-memcpy.o)
 .bss           0x00000000        0x0 /arm/opt/gcc-arm/bin/../lib/gcc/arm-none-eabi/4.9.3/../../../../arm-none-eabi/lib/armv6-m/libc_nano.a(lib_a-memcpy.o)
 .text          0x00000000        0x0 /arm/opt/gcc-arm/bin/../lib/gcc/arm-none-eabi/4.9.3/../../../../arm-none-eabi/lib/armv6-m/libc_nano.a(lib_a-memmove.o)
 .data          0x00000000        0x0 /arm/opt/gcc-arm/bin/../lib/gcc/arm-none-eabi/4.9.3/../../../../arm-none-eabi/lib/armv6-m/libc_nano.a(lib_a-memmove.o)
 .bss           0x00000000        0x0 /arm/opt/gcc-arm/bin/../lib/gcc/arm-none-eabi/4.9.3/../../../../arm-none-eabi/lib/armv6-m/libc_nano.a(lib_a-memmove.o)
 .text.memmove  0x00000000       0x28 /arm/opt/gcc-arm/bin/../lib/gcc/arm-none-eabi/4.9.3/../../../../arm-none-eabi/lib/armv6-m/libc_nano.a(lib_a-memmove.o)
 .debug_frame   0x00000000       0x28 /arm/opt/gcc-arm/bin/../lib/gcc/arm-none-eabi/4.9.3/../../../../arm-none-eabi/lib/armv6-m/libc_nano.a(lib_a-memmove.o)
 .ARM.attributes
                0x00000000       0x2c /arm/opt/gcc-arm/bin/../lib/gcc/arm-none-eabi/4.9.3/../../../../arm-none-eabi/lib/armv6-m/libc_nano.a(lib_a-memmove.o)
 .text          0x00000000        0x0 /arm/opt/gcc-arm/bin/../lib/gcc/arm-none-eabi/4.9.3/../../../../arm-none-eabi/lib/armv6-m/libc_nano.a(lib_a-strlen.o)
 .data          0x00000000        0x0 /arm/opt/gcc-arm/bin/../lib/gcc/arm-none-eabi/4.9.3/../../../../arm-none-eabi/lib/armv6-m/libc_nano.a(lib_a-strlen.o)
 .bss           0x00000000        0x0 /arm/opt/gcc-arm/bin/../lib/gcc/arm-none-eabi/4.9.3/../../../../arm-none-eabi/lib/armv6-m/libc_nano.a(lib_a-strlen.o)
 .text          0x00000000        0x0 /arm/opt/gcc-arm/bin/../lib/gcc/arm-none-eabi/4.9.3/armv6-m/crtend.o
 .data          0x00000000        0x0 /arm/opt/gcc-arm/bin/../lib/gcc/arm-none-eabi/4.9.3/armv6-m/crtend.o
 .bss           0x00000000        0x0 /arm/opt/gcc-arm/bin/../lib/gcc/arm-none-eabi/4.9.3/armv6-m/crtend.o
 .eh_frame      0x00000000        0x4 /arm/opt/gcc-arm/bin/../lib/gcc/arm-none-eabi/4.9.3/armv6-m/crtend.o
 .jcr           0x00000000        0x4 /arm/opt/gcc-arm/bin/../lib/gcc/arm-none-eabi/4.9.3/armv6-m/crtend.o
 .ARM.attributes
                0x00000000       0x2c /arm/opt/gcc-arm/bin/../lib/gcc/arm-none-eabi/4.9.3/armv6-m/crtend.o
 .text          0x00000000        0x0 /arm/opt/gcc-arm/bin/../lib/gcc/arm-none-eabi/4.9.3/armv6-m/crtn.o
 .data          0x00000000        0x0 /arm/opt/gcc-arm/bin/../lib/gcc/arm-none-eabi/4.9.3/armv6-m/crtn.o
 .bss           0x00000000        0x0 /arm/opt/gcc-arm/bin/../lib/gcc/arm-none-eabi/4.9.3/armv6-m/crtn.o

Memory Configuration

Name             Origin             Length             Attributes
FLASH            0x00018000         0x00028000         xr
RAM              0x20002000         0x00002000         xrw
*default*        0x00000000         0xffffffff

Linker script and memory map

LOAD /arm/opt/gcc-arm/bin/../lib/gcc/arm-none-eabi/4.9.3/armv6-m/crti.o
LOAD /arm/opt/gcc-arm/bin/../lib/gcc/arm-none-eabi/4.9.3/armv6-m/crtbegin.o
LOAD /arm/opt/gcc-arm/bin/../lib/gcc/arm-none-eabi/4.9.3/../../../../arm-none-eabi/lib/armv6-m/crt0.o
LOAD /arm/opt/gcc-arm/bin/../lib/gcc/arm-none-eabi/4.9.3/../../../../arm-none-eabi/lib/armv6-m/libc_nano.a
LOAD /arm/opt/gcc-arm/bin/../lib/gcc/arm-none-eabi/4.9.3/../../../../arm-none-eabi/lib/armv6-m/libnosys.a
LOAD _build/app_button.o
LOAD _build/app_error.o
LOAD _build/app_timer.o
LOAD _build/app_trace.o
LOAD _build/nrf_assert.o
LOAD _build/retarget.o
LOAD _build/app_uart.o
LOAD _build/nrf_delay.o
LOAD _build/nrf_drv_common.o
LOAD _build/nrf_drv_gpiote.o
LOAD _build/nrf_drv_uart.o
LOAD _build/main.o
LOAD _build/ble_advdata.o
LOAD _build/ble_advertising.o
LOAD _build/ble_bas.o
LOAD _build/ble_dis.o
LOAD _build/ble_hrs.o
LOAD _build/ble_conn_params.o
LOAD _build/ble_srv_common.o
LOAD _build/device_manager_peripheral.o
LOAD _build/system_nrf51.o
LOAD _build/softdevice_handler.o
LOAD _build/pstorage.o
LOAD _build/gcc_startup_nrf51.o
START GROUP
LOAD /arm/opt/gcc-arm/bin/../lib/gcc/arm-none-eabi/4.9.3/armv6-m/libgcc.a
LOAD /arm/opt/gcc-arm/bin/../lib/gcc/arm-none-eabi/4.9.3/../../../../arm-none-eabi/lib/armv6-m/libc_nano.a
END GROUP
START GROUP
LOAD /arm/opt/gcc-arm/bin/../lib/gcc/arm-none-eabi/4.9.3/armv6-m/libgcc.a
LOAD /arm/opt/gcc-arm/bin/../lib/gcc/arm-none-eabi/4.9.3/../../../../arm-none-eabi/lib/armv6-m/libc_nano.a
END GROUP
LOAD /arm/opt/gcc-arm/bin/../lib/gcc/arm-none-eabi/4.9.3/armv6-m/crtend.o
LOAD /arm/opt/gcc-arm/bin/../lib/gcc/arm-none-eabi/4.9.3/armv6-m/crtn.o
START GROUP
LOAD /arm/opt/gcc-arm/bin/../lib/gcc/arm-none-eabi/4.9.3/armv6-m/libgcc.a
LOAD /arm/opt/gcc-arm/bin/../lib/gcc/arm-none-eabi/4.9.3/../../../../arm-none-eabi/lib/armv6-m/libc.a
LOAD /arm/opt/gcc-arm/bin/../lib/gcc/arm-none-eabi/4.9.3/../../../../arm-none-eabi/lib/armv6-m/libnosys.a
END GROUP

.fs_data_out    0x00000000        0x0
                0x00000000                PROVIDE (__start_fs_data, .)
 *(fs_data)
                0x00000000                PROVIDE (__stop_fs_data, .)

.text           0x00018000     0x6094
 *(.Vectors)
 .Vectors       0x00018000       0xc0 _build/gcc_startup_nrf51.o
                0x00018000                __Vectors
 *(.text*)
 .text          0x000180c0       0x60 /arm/opt/gcc-arm/bin/../lib/gcc/arm-none-eabi/4.9.3/armv6-m/crtbegin.o
 .text          0x00018120       0x78 /arm/opt/gcc-arm/bin/../lib/gcc/arm-none-eabi/4.9.3/../../../../arm-none-eabi/lib/armv6-m/crt0.o
                0x00018120                _mainCRTStartup
                0x00018120                _start
 .text.exit     0x00018198       0x2c /arm/opt/gcc-arm/bin/../lib/gcc/arm-none-eabi/4.9.3/../../../../arm-none-eabi/lib/armv6-m/libc_nano.a(lib_a-exit.o)
                0x00018198                exit
 .text.__libc_init_array
                0x000181c4       0x4c /arm/opt/gcc-arm/bin/../lib/gcc/arm-none-eabi/4.9.3/../../../../arm-none-eabi/lib/armv6-m/libc_nano.a(lib_a-init.o)
                0x000181c4                __libc_init_array
 .text.memset   0x00018210       0x10 /arm/opt/gcc-arm/bin/../lib/gcc/arm-none-eabi/4.9.3/../../../../arm-none-eabi/lib/armv6-m/libc_nano.a(lib_a-memset.o)
                0x00018210                memset
 .text._exit    0x00018220        0x4 /arm/opt/gcc-arm/bin/../lib/gcc/arm-none-eabi/4.9.3/../../../../arm-none-eabi/lib/armv6-m/libnosys.a(_exit.o)
                0x00018220                _exit
 .text.app_error_handler
                0x00018224       0x18 _build/app_error.o
                0x00018224                app_error_handler
 .text.rtc1_stop
                0x0001823c       0x78 _build/app_timer.o
 .text.RTC1_IRQHandler
                0x000182b4       0xe0 _build/app_timer.o
                0x000182b4                RTC1_IRQHandler
 .text.SWI0_IRQHandler
                0x00018394      0x448 _build/app_timer.o
                0x00018394                SWI0_IRQHandler
 .text.app_timer_init
                0x000187dc       0xe4 _build/app_timer.o
                0x000187dc                app_timer_init
 .text.app_timer_create
                0x000188c0       0x34 _build/app_timer.o
                0x000188c0                app_timer_create
 .text.app_timer_start
                0x000188f4       0xfc _build/app_timer.o
                0x000188f4                app_timer_start
 .text.app_timer_stop
                0x000189f0       0xc8 _build/app_timer.o
                0x000189f0                app_timer_stop
 .text.nrf_drv_common_irq_enable
                0x00018ab8       0x80 _build/nrf_drv_common.o
                0x00018ab8                nrf_drv_common_irq_enable
 .text.nrf_drv_gpiote_init
                0x00018b38       0x68 _build/nrf_drv_gpiote.o
                0x00018b38                nrf_drv_gpiote_init
 .text.nrf_drv_gpiote_is_init
                0x00018ba0       0x14 _build/nrf_drv_gpiote.o
                0x00018ba0                nrf_drv_gpiote_is_init
 .text.nrf_drv_gpiote_in_init
                0x00018bb4      0x15c _build/nrf_drv_gpiote.o
                0x00018bb4                nrf_drv_gpiote_in_init
 .text.nrf_drv_gpiote_in_event_enable
                0x00018d10       0xa8 _build/nrf_drv_gpiote.o
                0x00018d10                nrf_drv_gpiote_in_event_enable
 .text.nrf_drv_gpiote_in_uninit
                0x00018db8       0xa8 _build/nrf_drv_gpiote.o
                0x00018db8                nrf_drv_gpiote_in_uninit
 .text.GPIOTE_IRQHandler
                0x00018e60      0x3bc _build/nrf_drv_gpiote.o
                0x00018e60                GPIOTE_IRQHandler
 .text.UART0_IRQHandler
                0x0001921c      0x16c _build/nrf_drv_uart.o
                0x0001921c                UART0_IRQHandler
 .text.sd_ble_gap_disconnect
                0x00019388        0x4 _build/main.o
 .text.sd_ble_gap_appearance_set
                0x0001938c        0x4 _build/main.o
 .text.sd_ble_gap_ppcp_set
                0x00019390        0x4 _build/main.o
 .text.sd_ble_gap_device_name_set
                0x00019394        0x4 _build/main.o
 .text.sd_ble_gatts_service_add
                0x00019398        0x4 _build/main.o
 .text.sd_ble_gatts_characteristic_add
                0x0001939c        0x4 _build/main.o
 .text.sd_ble_gatts_value_get
                0x000193a0        0x4 _build/main.o
 .text.sd_ble_gatts_hvx
                0x000193a4        0x4 _build/main.o
 .text.sd_ble_enable
                0x000193a8        0x4 _build/main.o
 .text.sd_ble_uuid_vs_add
                0x000193ac        0x4 _build/main.o
 .text.sd_power_system_off
                0x000193b0        0x4 _build/main.o
 .text.sd_app_evt_wait
                0x000193b4        0x4 _build/main.o
 .text.sd_softdevice_is_enabled
                0x000193b8        0x4 _build/main.o
 .text.device_manager_evt_handler
                0x000193bc        0x4 _build/main.o
 .text.conn_params_error_handler
                0x000193c0        0xc _build/main.o
 .text.sys_evt_dispatch
                0x000193cc       0x10 _build/main.o
 .text.on_conn_params_evt
                0x000193dc       0x18 _build/main.o
 .text.on_adv_evt
                0x000193f4       0x30 _build/main.o
 .text.ble_evt_dispatch
                0x00019424       0xc4 _build/main.o
 .text.timer_handler
                0x000194e8       0x78 _build/main.o
 .text.init_all
                0x00019560      0x3ec _build/main.o
 .text.gpioteHandler
                0x0001994c       0xbc _build/main.o
 .text.startup.main
                0x00019a08        0xc _build/main.o
                0x00019a08                main
 .text.sd_ble_gap_address_get
                0x00019a14        0x4 _build/ble_advdata.o
 .text.sd_ble_gap_adv_data_set
                0x00019a18        0x4 _build/ble_advdata.o
 .text.sd_ble_gap_appearance_get
                0x00019a1c        0x4 _build/ble_advdata.o
 .text.sd_ble_gap_device_name_get
                0x00019a20        0x4 _build/ble_advdata.o
 .text.sd_ble_uuid_encode
                0x00019a24        0x4 _build/ble_advdata.o
 .text.name_encode
                0x00019a28       0x8c _build/ble_advdata.o
 .text.uuid_list_sized_encode
                0x00019ab4       0xe8 _build/ble_advdata.o
 .text.adv_data_encode
                0x00019b9c      0x550 _build/ble_advdata.o
                0x00019b9c                adv_data_encode
 .text.ble_advdata_set
                0x0001a0ec      0x508 _build/ble_advdata.o
                0x0001a0ec                ble_advdata_set
 .text.sd_ble_gap_adv_start
                0x0001a5f4        0x4 _build/ble_advertising.o
 .text.ble_advertising_init
                0x0001a5f8      0x148 _build/ble_advertising.o
                0x0001a5f8                ble_advertising_init
 .text.ble_advertising_start
                0x0001a740      0x2c0 _build/ble_advertising.o
                0x0001a740                ble_advertising_start
 .text.ble_advertising_on_ble_evt
                0x0001aa00       0xb0 _build/ble_advertising.o
                0x0001aa00                ble_advertising_on_ble_evt
 .text.ble_advertising_on_sys_evt
                0x0001aab0      0x2e0 _build/ble_advertising.o
                0x0001aab0                ble_advertising_on_sys_evt
 .text.sd_ble_gatts_service_add
                0x0001ad90        0x4 _build/ble_dis.o
 .text.sd_ble_gatts_characteristic_add
                0x0001ad94        0x4 _build/ble_dis.o
 .text.char_add
                0x0001ad98       0xd0 _build/ble_dis.o
 .text.ble_dis_init
                0x0001ae68      0x2ec _build/ble_dis.o
                0x0001ae68                ble_dis_init
 .text.sd_ble_gap_conn_param_update
                0x0001b154        0x4 _build/ble_conn_params.o
 .text.sd_ble_gap_disconnect
                0x0001b158        0x4 _build/ble_conn_params.o
 .text.sd_ble_gap_ppcp_set
                0x0001b15c        0x4 _build/ble_conn_params.o
 .text.sd_ble_gap_ppcp_get
                0x0001b160        0x4 _build/ble_conn_params.o
 .text.update_timeout_handler
                0x0001b164       0x78 _build/ble_conn_params.o
 .text.conn_params_negotiation
                0x0001b1dc       0x88 _build/ble_conn_params.o
 .text.ble_conn_params_init
                0x0001b264       0x78 _build/ble_conn_params.o
                0x0001b264                ble_conn_params_init
 .text.ble_conn_params_on_ble_evt
                0x0001b2dc       0xac _build/ble_conn_params.o
                0x0001b2dc                ble_conn_params_on_ble_evt
 .text.ble_srv_ascii_to_utf8
                0x0001b388       0x14 _build/ble_srv_common.o
                0x0001b388                ble_srv_ascii_to_utf8
 .text.sd_ble_gap_sec_params_reply
                0x0001b39c        0x4 _build/device_manager_peripheral.o
 .text.sd_ble_gap_sec_info_reply
                0x0001b3a0        0x4 _build/device_manager_peripheral.o
 .text.sd_ble_gatts_service_changed
                0x0001b3a4        0x4 _build/device_manager_peripheral.o
 .text.sd_ble_gatts_sys_attr_set
                0x0001b3a8        0x4 _build/device_manager_peripheral.o
 .text.sd_ble_gatts_sys_attr_get
                0x0001b3ac        0x4 _build/device_manager_peripheral.o
 .text.storage_operation_dummy_handler
                0x0001b3b0        0x4 _build/device_manager_peripheral.o
 .text.no_service_context_store
                0x0001b3b4        0x4 _build/device_manager_peripheral.o
 .text.gattc_context_store
                0x0001b3b8        0x4 _build/device_manager_peripheral.o
 .text.no_service_context_load
                0x0001b3bc        0x4 _build/device_manager_peripheral.o
 .text.gattc_context_load
                0x0001b3c0        0x4 _build/device_manager_peripheral.o
 .text.no_service_context_apply
                0x0001b3c4        0x4 _build/device_manager_peripheral.o
 .text.gattc_context_apply
                0x0001b3c8        0x4 _build/device_manager_peripheral.o
 .text.gatts_context_apply
                0x0001b3cc       0xec _build/device_manager_peripheral.o
 .text.gatts_context_store
                0x0001b4b8       0xd4 _build/device_manager_peripheral.o
 .text.gatts_context_load
                0x0001b58c       0x3c _build/device_manager_peripheral.o
 .text.dm_pstorage_cb_handler
                0x0001b5c8      0x164 _build/device_manager_peripheral.o
 .text.gattsc_context_load
                0x0001b72c       0x3c _build/device_manager_peripheral.o
 .text.gattsc_context_apply
                0x0001b768       0xe4 _build/device_manager_peripheral.o
 .text.gattsc_context_store
                0x0001b84c       0xd4 _build/device_manager_peripheral.o
 .text.dm_init  0x0001b920      0x14c _build/device_manager_peripheral.o
                0x0001b920                dm_init
 .text.dm_register
                0x0001ba6c       0x7c _build/device_manager_peripheral.o
                0x0001ba6c                dm_register
 .text.bond_data_load
                0x0001bae8       0x50 _build/device_manager_peripheral.o
                0x0001bae8                bond_data_load
 .text.dm_ble_evt_handler
                0x0001bb38      0x6d0 _build/device_manager_peripheral.o
                0x0001bb38                dm_ble_evt_handler
 .text.SystemInit
                0x0001c208       0x9c _build/system_nrf51.o
                0x0001c208                SystemInit
 .text.sd_nvic_EnableIRQ
                0x0001c2a4        0x4 _build/softdevice_handler.o
 .text.sd_evt_get
                0x0001c2a8        0x4 _build/softdevice_handler.o
 .text.sd_softdevice_enable
                0x0001c2ac        0x4 _build/softdevice_handler.o
 .text.sd_ble_evt_get
                0x0001c2b0        0x4 _build/softdevice_handler.o
 .text.softdevice_assertion_handler
                0x0001c2b4        0xc _build/softdevice_handler.o
                0x0001c2b4                softdevice_assertion_handler
 .text.intern_softdevice_events_execute.part.0
                0x0001c2c0       0xe0 _build/softdevice_handler.o
 .text.softdevice_handler_init
                0x0001c3a0       0x4c _build/softdevice_handler.o
                0x0001c3a0                softdevice_handler_init
 .text.softdevice_ble_evt_handler_set
                0x0001c3ec       0x14 _build/softdevice_handler.o
                0x0001c3ec                softdevice_ble_evt_handler_set
 .text.softdevice_sys_evt_handler_set
                0x0001c400       0x14 _build/softdevice_handler.o
                0x0001c400                softdevice_sys_evt_handler_set
 .text.SWI2_IRQHandler
                0x0001c414       0x34 _build/softdevice_handler.o
                0x0001c414                SWI2_IRQHandler
 .text.sd_flash_write
                0x0001c448        0x4 _build/pstorage.o
 .text.sd_flash_page_erase
                0x0001c44c        0x4 _build/pstorage.o
 .text.flash_api_err_code_process
                0x0001c450       0x60 _build/pstorage.o
 .text.state_entry_action_run
                0x0001c4b0      0x1b4 _build/pstorage.o
 .text.clear_operation_execute
                0x0001c664      0x194 _build/pstorage.o
 .text.unlikely.cmd_queue_enqueue
                0x0001c7f8       0x8c _build/pstorage.o
 .text.tail_restore_state_run
                0x0001c884       0xb4 _build/pstorage.o
 .text.state_write_data_swap_entry_run
                0x0001c938       0xb0 _build/pstorage.o
 .text.state_restore_head_entry_run
                0x0001c9e8       0xb0 _build/pstorage.o
 .text.data_to_swap_write_state_run
                0x0001ca98       0xa0 _build/pstorage.o
 .text.state_restore_tail_entry_run
                0x0001cb38       0xc0 _build/pstorage.o
 .text.state_erase_data_page_entry_run
                0x0001cbf8       0x70 _build/pstorage.o
 .text.swap_erase_state_run
                0x0001cc68       0xd4 _build/pstorage.o
 .text.state_swap_erase_entry_run
                0x0001cd3c       0xa4 _build/pstorage.o
 .text.store_cmd_flash_write_execute
                0x0001cde0      0x120 _build/pstorage.o
 .text.head_restore_state_run
                0x0001cf00      0x21c _build/pstorage.o
 .text.data_page_erase_state_run
                0x0001d11c      0x26c _build/pstorage.o
 .text.command_end_procedure_run
                0x0001d388       0xb8 _build/pstorage.o
 .text.pstorage_sys_event_handler
                0x0001d440      0x1d8 _build/pstorage.o
                0x0001d440                pstorage_sys_event_handler
 .text.pstorage_init
                0x0001d618      0x154 _build/pstorage.o
                0x0001d618                pstorage_init
 .text.pstorage_register
                0x0001d76c       0xf0 _build/pstorage.o
                0x0001d76c                pstorage_register
 .text.pstorage_block_identifier_get
                0x0001d85c       0x58 _build/pstorage.o
                0x0001d85c                pstorage_block_identifier_get
 .text.pstorage_store
                0x0001d8b4       0x90 _build/pstorage.o
                0x0001d8b4                pstorage_store
 .text.pstorage_update
                0x0001d944       0x90 _build/pstorage.o
                0x0001d944                pstorage_update
 .text.pstorage_load
                0x0001d9d4       0xb4 _build/pstorage.o
                0x0001d9d4                pstorage_load
 .text.pstorage_clear
                0x0001da88       0x9c _build/pstorage.o
                0x0001da88                pstorage_clear
 .text.pstorage_access_status_get
                0x0001db24       0x28 _build/pstorage.o
                0x0001db24                pstorage_access_status_get
 .text          0x0001db4c       0x54 _build/gcc_startup_nrf51.o
                0x0001db4c                Reset_Handler
                0x0001db94                NMI_Handler
                0x0001db96                HardFault_Handler
                0x0001db98                SVC_Handler
                0x0001db9a                PendSV_Handler
                0x0001db9c                SysTick_Handler
                0x0001db9e                TIMER2_IRQHandler
                0x0001db9e                SPI0_TWI0_IRQHandler
                0x0001db9e                RTC0_IRQHandler
                0x0001db9e                POWER_CLOCK_IRQHandler
                0x0001db9e                RADIO_IRQHandler
                0x0001db9e                LPCOMP_IRQHandler
                0x0001db9e                SWI4_IRQHandler
                0x0001db9e                TEMP_IRQHandler
                0x0001db9e                QDEC_IRQHandler
                0x0001db9e                SWI5_IRQHandler
                0x0001db9e                TIMER0_IRQHandler
                0x0001db9e                TIMER1_IRQHandler
                0x0001db9e                ECB_IRQHandler
                0x0001db9e                Default_Handler
                0x0001db9e                ADC_IRQHandler
                0x0001db9e                SWI3_IRQHandler
                0x0001db9e                CCM_AAR_IRQHandler
                0x0001db9e                WDT_IRQHandler
                0x0001db9e                RNG_IRQHandler
                0x0001db9e                SPI1_TWI1_IRQHandler
                0x0001db9e                SWI1_IRQHandler
 .text          0x0001dba0      0x120 /arm/opt/gcc-arm/bin/../lib/gcc/arm-none-eabi/4.9.3/armv6-m/libgcc.a(_udivsi3.o)
                0x0001dba0                __udivsi3
                0x0001dba0                __aeabi_uidiv
                0x0001dcac                __aeabi_uidivmod
 .text          0x0001dcc0      0x1e0 /arm/opt/gcc-arm/bin/../lib/gcc/arm-none-eabi/4.9.3/armv6-m/libgcc.a(_divsi3.o)
                0x0001dcc0                __aeabi_idiv
                0x0001dcc0                __divsi3
                0x0001de8c                __aeabi_idivmod
 .text          0x0001dea0        0x4 /arm/opt/gcc-arm/bin/../lib/gcc/arm-none-eabi/4.9.3/armv6-m/libgcc.a(_dvmd_tls.o)
                0x0001dea0                __aeabi_ldiv0
                0x0001dea0                __aeabi_idiv0
 .text.memcmp   0x0001dea4       0x1e /arm/opt/gcc-arm/bin/../lib/gcc/arm-none-eabi/4.9.3/../../../../arm-none-eabi/lib/armv6-m/libc_nano.a(lib_a-memcmp.o)
                0x0001dea4                memcmp
 .text.memcpy   0x0001dec2       0x12 /arm/opt/gcc-arm/bin/../lib/gcc/arm-none-eabi/4.9.3/../../../../arm-none-eabi/lib/armv6-m/libc_nano.a(lib_a-memcpy.o)
                0x0001dec2                memcpy
 .text.strlen   0x0001ded4        0xe /arm/opt/gcc-arm/bin/../lib/gcc/arm-none-eabi/4.9.3/../../../../arm-none-eabi/lib/armv6-m/libc_nano.a(lib_a-strlen.o)
                0x0001ded4                strlen
 *(.init)
 *fill*         0x0001dee2        0x2 
 .init          0x0001dee4        0x4 /arm/opt/gcc-arm/bin/../lib/gcc/arm-none-eabi/4.9.3/armv6-m/crti.o
                0x0001dee4                _init
 .init          0x0001dee8        0x8 /arm/opt/gcc-arm/bin/../lib/gcc/arm-none-eabi/4.9.3/armv6-m/crtn.o
 *(.fini)
 .fini          0x0001def0        0x4 /arm/opt/gcc-arm/bin/../lib/gcc/arm-none-eabi/4.9.3/armv6-m/crti.o
                0x0001def0                _fini
 .fini          0x0001def4        0x8 /arm/opt/gcc-arm/bin/../lib/gcc/arm-none-eabi/4.9.3/armv6-m/crtn.o
 *crtbegin.o(.ctors)
 *crtbegin?.o(.ctors)
 *(EXCLUDE_FILE(*crtend.o *crtend?.o) .ctors)
 *(SORT(.ctors.*))
 *(.ctors)
 *crtbegin.o(.dtors)
 *crtbegin?.o(.dtors)
 *(EXCLUDE_FILE(*crtend.o *crtend?.o) .dtors)
 *(SORT(.dtors.*))
 *(.dtors)
 *(.rodata*)
 .rodata.str1.1
                0x0001defc        0x2 /arm/opt/gcc-arm/bin/../lib/gcc/arm-none-eabi/4.9.3/../../../../arm-none-eabi/lib/armv6-m/libc_nano.a(lib_a-impure.o)
 *fill*         0x0001defe        0x2 
 .rodata._global_impure_ptr
                0x0001df00        0x4 /arm/opt/gcc-arm/bin/../lib/gcc/arm-none-eabi/4.9.3/../../../../arm-none-eabi/lib/armv6-m/libc_nano.a(lib_a-impure.o)
                0x0001df00                _global_impure_ptr
 .rodata        0x0001df04       0x10 _build/main.o
 .rodata.our_attribute_lengths
                0x0001df14        0x4 _build/main.o
                0x0001df14                our_attribute_lengths
 .rodata.our_attribute_uuid_list
                0x0001df18        0x4 _build/main.o
                0x0001df18                our_attribute_uuid_list
 .rodata.timer_id
                0x0001df1c        0x4 _build/main.o
 .rodata.str1.4
                0x0001df20        0xc _build/main.o
 .rodata.m_conn_params_timer_id
                0x0001df2c        0x4 _build/ble_conn_params.o
 .rodata.dm_ble_evt_handler
                0x0001df30      0x108 _build/device_manager_peripheral.o
 .rodata.m_service_context_store
                0x0001e038       0x10 _build/device_manager_peripheral.o
                0x0001e038                m_service_context_store
 .rodata.m_service_context_load
                0x0001e048       0x10 _build/device_manager_peripheral.o
                0x0001e048                m_service_context_load
 .rodata.m_service_context_apply
                0x0001e058       0x10 _build/device_manager_peripheral.o
                0x0001e058                m_service_context_apply
 .rodata.m_context_init_len
                0x0001e068        0x4 _build/device_manager_peripheral.o
                0x0001e068                m_context_init_len
 .rodata.swap_sub_state_sm_lut.5962
                0x0001e06c       0x14 _build/pstorage.o
 .rodata.swap_sub_state_sm_lut.5887
                0x0001e080       0x14 _build/pstorage.o
 *(.eh_frame*)
 .eh_frame      0x0001e094        0x0 /arm/opt/gcc-arm/bin/../lib/gcc/arm-none-eabi/4.9.3/armv6-m/crtbegin.o
                0x0001e094                . = ALIGN (0x4)

.glue_7         0x0001e094        0x0
 .glue_7        0x00000000        0x0 linker stubs

.glue_7t        0x0001e094        0x0
 .glue_7t       0x00000000        0x0 linker stubs

.vfp11_veneer   0x0001e094        0x0
 .vfp11_veneer  0x00000000        0x0 linker stubs

.v4_bx          0x0001e094        0x0
 .v4_bx         0x00000000        0x0 linker stubs

.iplt           0x0001e094        0x0
 .iplt          0x00000000        0x0 /arm/opt/gcc-arm/bin/../lib/gcc/arm-none-eabi/4.9.3/armv6-m/crtbegin.o

.ARM.extab      0x0001e094        0x0
 *(.ARM.extab* .gnu.linkonce.armextab.*)
                0x0001e094                . = ALIGN (0x4)
                0x0001e094                __exidx_start = .

.ARM.exidx      0x0001e094        0x8
 *(.ARM.exidx* .gnu.linkonce.armexidx.*)
 .ARM.exidx     0x0001e094        0x8 /arm/opt/gcc-arm/bin/../lib/gcc/arm-none-eabi/4.9.3/../../../../arm-none-eabi/lib/armv6-m/crt0.o
 .ARM.exidx     0x0001e09c        0x0 _build/gcc_startup_nrf51.o
                                  0x8 (size before relaxing)
                0x0001e09c                . = ALIGN (0x4)
                0x0001e09c                __exidx_end = .
                0x0001e09c                __etext = .

.rel.dyn        0x0001e09c        0x0
 .rel.iplt      0x00000000        0x0 /arm/opt/gcc-arm/bin/../lib/gcc/arm-none-eabi/4.9.3/armv6-m/crtbegin.o

.data           0x20002000       0x80 load address 0x0001e09c
                0x20002000                __data_start__ = .
 *(vtable)
 *(.data*)
 .data.impure_data
                0x20002000       0x60 /arm/opt/gcc-arm/bin/../lib/gcc/arm-none-eabi/4.9.3/../../../../arm-none-eabi/lib/armv6-m/libc_nano.a(lib_a-impure.o)
 .data.m_adv_uuids
                0x20002060        0x8 _build/main.o
 .data.m_conn_handle
                0x20002068        0x2 _build/main.o
 *fill*         0x2000206a        0x2 
 .data.our_attribute_pointers
                0x2000206c        0x8 _build/main.o
                0x2000206c                our_attribute_pointers
 .data.current_slave_link_conn_handle.7186
                0x20002074        0x2 _build/ble_advertising.o
                0x20002078                . = ALIGN (0x4)
 *fill*         0x20002076        0x2 
                0x20002078                PROVIDE (__preinit_array_start, .)
 *(.preinit_array)
                0x20002078                PROVIDE (__preinit_array_end, .)
                0x20002078                . = ALIGN (0x4)
                0x20002078                PROVIDE (__init_array_start, .)
 *(SORT(.init_array.*))
 *(.init_array)
 .init_array    0x20002078        0x4 /arm/opt/gcc-arm/bin/../lib/gcc/arm-none-eabi/4.9.3/armv6-m/crtbegin.o
                0x2000207c                PROVIDE (__init_array_end, .)
                0x2000207c                . = ALIGN (0x4)
                0x2000207c                PROVIDE (__fini_array_start, .)
 *(SORT(.fini_array.*))
 *(.fini_array)
 .fini_array    0x2000207c        0x4 /arm/opt/gcc-arm/bin/../lib/gcc/arm-none-eabi/4.9.3/armv6-m/crtbegin.o
                0x20002080                PROVIDE (__fini_array_end, .)
 *(.jcr)
 .jcr           0x20002080        0x0 /arm/opt/gcc-arm/bin/../lib/gcc/arm-none-eabi/4.9.3/armv6-m/crtbegin.o
                0x20002080                . = ALIGN (0x4)
                0x20002080                __data_end__ = .

.igot.plt       0x20002080        0x0 load address 0x0001e11c
 .igot.plt      0x00000000        0x0 /arm/opt/gcc-arm/bin/../lib/gcc/arm-none-eabi/4.9.3/armv6-m/crtbegin.o

.bss            0x20002080      0x760 load address 0x0001e11c
                0x20002080                . = ALIGN (0x4)
                0x20002080                __bss_start__ = .
 *(.bss*)
 .bss           0x20002080       0x1c /arm/opt/gcc-arm/bin/../lib/gcc/arm-none-eabi/4.9.3/armv6-m/crtbegin.o
 .bss.m_ticks_latest
                0x2000209c        0x4 _build/app_timer.o
 .bss.mp_timer_id_head
                0x200020a0        0x4 _build/app_timer.o
 .bss.m_evt_schedule_func
                0x200020a4        0x4 _build/app_timer.o
 .bss.m_user_array_size
                0x200020a8        0x1 _build/app_timer.o
 *fill*         0x200020a9        0x3 
 .bss.mp_users  0x200020ac        0x4 _build/app_timer.o
 .bss.m_ticks_elapsed_q_read_ind
                0x200020b0        0x1 _build/app_timer.o
 .bss.m_ticks_elapsed_q_write_ind
                0x200020b1        0x1 _build/app_timer.o
 .bss.m_rtc1_reset
                0x200020b2        0x1 _build/app_timer.o
 *fill*         0x200020b3        0x1 
 .bss.m_ticks_elapsed
                0x200020b4        0x8 _build/app_timer.o
 .bss.m_rtc1_running
                0x200020bc        0x1 _build/app_timer.o
 *fill*         0x200020bd        0x3 
 .bss.m_cb      0x200020c0       0x48 _build/nrf_drv_gpiote.o
 .bss.m_cb      0x20002108       0x18 _build/nrf_drv_uart.o
 .bss.m_app_handle
                0x20002120        0x1 _build/main.o
 *fill*         0x20002121        0x3 
 .bss.our_attributes
                0x20002124       0x78 _build/main.o
 .bss.clock     0x2000219c        0x4 _build/main.o
 .bss.BLE_EVT_BUFFER.8504
                0x200021a0       0x48 _build/main.o
 .bss.timer_id_data
                0x200021e8       0x20 _build/main.o
 .bss.setclock  0x20002208        0x4 _build/main.o
 .bss.APP_TIMER_BUF.8441
                0x2000220c      0x180 _build/main.o
 .bss.m_our_service
                0x2000238c       0x14 _build/main.o
 .bss.connected
                0x200023a0        0x1 _build/main.o
                0x200023a0                connected
 *fill*         0x200023a1        0x3 
 .bss.m_advdata
                0x200023a4       0x38 _build/ble_advertising.o
 .bss.m_manuf_specific_data
                0x200023dc        0xc _build/ble_advertising.o
 .bss.m_evt_handler
                0x200023e8        0x4 _build/ble_advertising.o
 .bss.m_manuf_data_array
                0x200023ec       0x20 _build/ble_advertising.o
 .bss.m_whitelist_temporarily_disabled
                0x2000240c        0x1 _build/ble_advertising.o
 *fill*         0x2000240d        0x3 
 .bss.m_error_handler
                0x20002410        0x4 _build/ble_advertising.o
 .bss.m_peer_address
                0x20002414        0x8 _build/ble_advertising.o
 .bss.m_adv_modes_config
                0x2000241c       0x24 _build/ble_advertising.o
 .bss.mp_whitelist_addr
                0x20002440       0x20 _build/ble_advertising.o
 .bss.m_tx_power_level
                0x20002460        0x1 _build/ble_advertising.o
 *fill*         0x20002461        0x3 
 .bss.m_whitelist
                0x20002464       0x10 _build/ble_advertising.o
 .bss.m_service_data_array
                0x20002474       0x20 _build/ble_advertising.o
 .bss.m_peer_addr_reply_expected
                0x20002494        0x1 _build/ble_advertising.o
 .bss.m_whitelist_reply_expected
                0x20002495        0x1 _build/ble_advertising.o
 *fill*         0x20002496        0x2 
 .bss.mp_whitelist_irk
                0x20002498       0x20 _build/ble_advertising.o
 .bss.m_adv_mode_current
                0x200024b8        0x1 _build/ble_advertising.o
 .bss.m_advertising_start_pending
                0x200024b9        0x1 _build/ble_advertising.o
 *fill*         0x200024ba        0x2 
 .bss.m_slave_conn_int
                0x200024bc        0x4 _build/ble_advertising.o
 .bss.m_service_data
                0x200024c0        0xc _build/ble_advertising.o
 .bss.m_adv_evt
                0x200024cc        0x1 _build/ble_advertising.o
 *fill*         0x200024cd        0x3 
 .bss.sw_rev_handles
                0x200024d0        0x8 _build/ble_dis.o
 .bss.model_num_handles
                0x200024d8        0x8 _build/ble_dis.o
 .bss.sys_id_handles
                0x200024e0        0x8 _build/ble_dis.o
 .bss.manufact_name_handles
                0x200024e8        0x8 _build/ble_dis.o
 .bss.reg_cert_data_list_handles
                0x200024f0        0x8 _build/ble_dis.o
 .bss.pnp_id_handles
                0x200024f8        0x8 _build/ble_dis.o
 .bss.hw_rev_handles
                0x20002500        0x8 _build/ble_dis.o
 .bss.serial_num_handles
                0x20002508        0x8 _build/ble_dis.o
 .bss.fw_rev_handles
                0x20002510        0x8 _build/ble_dis.o
 .bss.service_handle
                0x20002518        0x2 _build/ble_dis.o
 .bss.m_change_param
                0x2000251a        0x1 _build/ble_conn_params.o
 *fill*         0x2000251b        0x1 
 .bss.m_current_conn_params
                0x2000251c        0x8 _build/ble_conn_params.o
 .bss.m_update_count
                0x20002524        0x1 _build/ble_conn_params.o
 *fill*         0x20002525        0x3 
 .bss.m_conn_params_config
                0x20002528       0x1c _build/ble_conn_params.o
 .bss.m_conn_params_timer_id_data
                0x20002544       0x20 _build/ble_conn_params.o
 .bss.m_conn_handle
                0x20002564        0x2 _build/ble_conn_params.o
 *fill*         0x20002566        0x2 
 .bss.m_preferred_conn_params
                0x20002568        0x8 _build/ble_conn_params.o
 .bss.m_app_context_table
                0x20002570       0x1c _build/device_manager_peripheral.o
 .bss.m_irk_index_table
                0x2000258c        0x8 _build/device_manager_peripheral.o
 .bss.m_module_initialized
                0x20002594        0x1 _build/device_manager_peripheral.o
 *fill*         0x20002595        0x3 
 .bss.m_connection_table
                0x20002598        0xc _build/device_manager_peripheral.o
 .bss.m_peer_table
                0x200025a4       0xc4 _build/device_manager_peripheral.o
 .bss.m_storage_handle
                0x20002668        0x8 _build/device_manager_peripheral.o
 .bss.m_bond_table
                0x20002670       0x1c _build/device_manager_peripheral.o
 .bss.m_gatts_table
                0x2000268c       0x24 _build/device_manager_peripheral.o
 .bss.m_peer_addr_update
                0x200026b0        0x4 _build/device_manager_peripheral.o
 .bss.m_application_table
                0x200026b4        0xc _build/device_manager_peripheral.o
 .bss.m_softdevice_enabled
                0x200026c0        0x1 _build/softdevice_handler.o
 *fill*         0x200026c1        0x1 
 .bss.m_ble_evt_buffer_size
                0x200026c2        0x2 _build/softdevice_handler.o
 .bss.mp_ble_evt_buffer
                0x200026c4        0x4 _build/softdevice_handler.o
 .bss.m_sys_evt_handler
                0x200026c8        0x4 _build/softdevice_handler.o
 .bss.m_ble_evt_handler
                0x200026cc        0x4 _build/softdevice_handler.o
 .bss.m_evt_schedule_func
                0x200026d0        0x4 _build/softdevice_handler.o
 .bss.m_cmd_queue
                0x200026d4       0xcc _build/pstorage.o
 .bss.m_num_of_bytes_written
                0x200027a0        0x4 _build/pstorage.o
 .bss.m_tail_word_size
                0x200027a4        0x4 _build/pstorage.o
 .bss.m_app_table
                0x200027a8       0x18 _build/pstorage.o
 .bss.m_next_app_instance
                0x200027c0        0x2 _build/pstorage.o
 *fill*         0x200027c2        0x2 
 .bss.m_next_page_addr
                0x200027c4        0x4 _build/pstorage.o
 .bss.m_flags   0x200027c8        0x4 _build/pstorage.o
 .bss.m_swap_sub_state
                0x200027cc        0x1 _build/pstorage.o
 .bss.m_state   0x200027cd        0x1 _build/pstorage.o
 *fill*         0x200027ce        0x2 
 .bss.m_app_data_size
                0x200027d0        0x4 _build/pstorage.o
 .bss.m_num_of_command_retries
                0x200027d4        0x4 _build/pstorage.o
 .bss.m_head_word_size
                0x200027d8        0x4 _build/pstorage.o
 .bss.m_current_page_id
                0x200027dc        0x4 _build/pstorage.o
 *(COMMON)
                0x200027e0                . = ALIGN (0x4)
                0x200027e0                __bss_end__ = .

.heap           0x200027e0      0x800
                0x200027e0                __end__ = .
                0x200027e0                end = __end__
 *(.heap*)
 .heap          0x200027e0      0x800 _build/gcc_startup_nrf51.o
                0x200027e0                __HeapBase
                0x20002fe0                __HeapLimit = .

.stack_dummy    0x200027e0      0x800
 *(.stack*)
 .stack         0x200027e0      0x800 _build/gcc_startup_nrf51.o
                0x20004000                __StackTop = (ORIGIN (RAM) + 0x2000)
                0x20003800                __StackLimit = (__StackTop - SIZEOF (.stack_dummy))
                0x20004000                PROVIDE (__stack, __StackTop)
                0x00000001                ASSERT ((__StackLimit >= __HeapLimit), region RAM overflowed with stack)
OUTPUT(_build/nrf51422_xxaa_s110.out elf32-littlearm)

.ARM.attributes
                0x00000000       0x28
 .ARM.attributes
                0x00000000       0x1e /arm/opt/gcc-arm/bin/../lib/gcc/arm-none-eabi/4.9.3/armv6-m/crti.o
 .ARM.attributes
                0x0000001e       0x2c /arm/opt/gcc-arm/bin/../lib/gcc/arm-none-eabi/4.9.3/armv6-m/crtbegin.o
 .ARM.attributes
                0x0000004a       0x1b /arm/opt/gcc-arm/bin/../lib/gcc/arm-none-eabi/4.9.3/../../../../arm-none-eabi/lib/armv6-m/crt0.o
 .ARM.attributes
                0x00000065       0x2c /arm/opt/gcc-arm/bin/../lib/gcc/arm-none-eabi/4.9.3/../../../../arm-none-eabi/lib/armv6-m/libc_nano.a(lib_a-exit.o)
 .ARM.attributes
                0x00000091       0x2c /arm/opt/gcc-arm/bin/../lib/gcc/arm-none-eabi/4.9.3/../../../../arm-none-eabi/lib/armv6-m/libc_nano.a(lib_a-impure.o)
 .ARM.attributes
                0x000000bd       0x2c /arm/opt/gcc-arm/bin/../lib/gcc/arm-none-eabi/4.9.3/../../../../arm-none-eabi/lib/armv6-m/libc_nano.a(lib_a-init.o)
 .ARM.attributes
                0x000000e9       0x2c /arm/opt/gcc-arm/bin/../lib/gcc/arm-none-eabi/4.9.3/../../../../arm-none-eabi/lib/armv6-m/libc_nano.a(lib_a-memset.o)
 .ARM.attributes
                0x00000115       0x2c /arm/opt/gcc-arm/bin/../lib/gcc/arm-none-eabi/4.9.3/../../../../arm-none-eabi/lib/armv6-m/libnosys.a(_exit.o)
 .ARM.attributes
                0x00000141       0x31 _build/app_error.o
 .ARM.attributes
                0x00000172       0x31 _build/app_timer.o
 .ARM.attributes
                0x000001a3       0x31 _build/nrf_drv_common.o
 .ARM.attributes
                0x000001d4       0x31 _build/nrf_drv_gpiote.o
 .ARM.attributes
                0x00000205       0x31 _build/nrf_drv_uart.o
 .ARM.attributes
                0x00000236       0x31 _build/main.o
 .ARM.attributes
                0x00000267       0x31 _build/ble_advdata.o
 .ARM.attributes
                0x00000298       0x31 _build/ble_advertising.o
 .ARM.attributes
                0x000002c9       0x31 _build/ble_dis.o
 .ARM.attributes
                0x000002fa       0x31 _build/ble_conn_params.o
 .ARM.attributes
                0x0000032b       0x31 _build/ble_srv_common.o
 .ARM.attributes
                0x0000035c       0x31 _build/device_manager_peripheral.o
 .ARM.attributes
                0x0000038d       0x31 _build/system_nrf51.o
 .ARM.attributes
                0x000003be       0x31 _build/softdevice_handler.o
 .ARM.attributes
                0x000003ef       0x31 _build/pstorage.o
 .ARM.attributes
                0x00000420       0x1b _build/gcc_startup_nrf51.o
 .ARM.attributes
                0x0000043b       0x1e /arm/opt/gcc-arm/bin/../lib/gcc/arm-none-eabi/4.9.3/armv6-m/libgcc.a(_udivsi3.o)
 .ARM.attributes
                0x00000459       0x1e /arm/opt/gcc-arm/bin/../lib/gcc/arm-none-eabi/4.9.3/armv6-m/libgcc.a(_divsi3.o)
 .ARM.attributes
                0x00000477       0x1e /arm/opt/gcc-arm/bin/../lib/gcc/arm-none-eabi/4.9.3/armv6-m/libgcc.a(_dvmd_tls.o)
 .ARM.attributes
                0x00000495       0x2c /arm/opt/gcc-arm/bin/../lib/gcc/arm-none-eabi/4.9.3/../../../../arm-none-eabi/lib/armv6-m/libc_nano.a(lib_a-memcmp.o)
 .ARM.attributes
                0x000004c1       0x2c /arm/opt/gcc-arm/bin/../lib/gcc/arm-none-eabi/4.9.3/../../../../arm-none-eabi/lib/armv6-m/libc_nano.a(lib_a-memcpy.o)
 .ARM.attributes
                0x000004ed       0x2c /arm/opt/gcc-arm/bin/../lib/gcc/arm-none-eabi/4.9.3/../../../../arm-none-eabi/lib/armv6-m/libc_nano.a(lib_a-strlen.o)
 .ARM.attributes
                0x00000519       0x1e /arm/opt/gcc-arm/bin/../lib/gcc/arm-none-eabi/4.9.3/armv6-m/crtn.o

.comment        0x00000000       0x70
 .comment       0x00000000       0x70 _build/app_error.o
                                 0x71 (size before relaxing)
 .comment       0x00000000       0x71 _build/app_timer.o
 .comment       0x00000000       0x71 _build/nrf_drv_common.o
 .comment       0x00000000       0x71 _build/nrf_drv_gpiote.o
 .comment       0x00000000       0x71 _build/nrf_drv_uart.o
 .comment       0x00000000       0x71 _build/main.o
 .comment       0x00000000       0x71 _build/ble_advdata.o
 .comment       0x00000000       0x71 _build/ble_advertising.o
 .comment       0x00000000       0x71 _build/ble_dis.o
 .comment       0x00000000       0x71 _build/ble_conn_params.o
 .comment       0x00000000       0x71 _build/ble_srv_common.o
 .comment       0x00000000       0x71 _build/device_manager_peripheral.o
 .comment       0x00000000       0x71 _build/system_nrf51.o
 .comment       0x00000000       0x71 _build/softdevice_handler.o
 .comment       0x00000000       0x71 _build/pstorage.o

.debug_frame    0x00000000      0x148
 .debug_frame   0x00000000       0x28 /arm/opt/gcc-arm/bin/../lib/gcc/arm-none-eabi/4.9.3/../../../../arm-none-eabi/lib/armv6-m/libc_nano.a(lib_a-exit.o)
 .debug_frame   0x00000028       0x2c /arm/opt/gcc-arm/bin/../lib/gcc/arm-none-eabi/4.9.3/../../../../arm-none-eabi/lib/armv6-m/libc_nano.a(lib_a-init.o)
 .debug_frame   0x00000054       0x20 /arm/opt/gcc-arm/bin/../lib/gcc/arm-none-eabi/4.9.3/../../../../arm-none-eabi/lib/armv6-m/libc_nano.a(lib_a-memset.o)
 .debug_frame   0x00000074       0x20 /arm/opt/gcc-arm/bin/../lib/gcc/arm-none-eabi/4.9.3/../../../../arm-none-eabi/lib/armv6-m/libnosys.a(_exit.o)
 .debug_frame   0x00000094       0x20 /arm/opt/gcc-arm/bin/../lib/gcc/arm-none-eabi/4.9.3/armv6-m/libgcc.a(_udivsi3.o)
 .debug_frame   0x000000b4       0x20 /arm/opt/gcc-arm/bin/../lib/gcc/arm-none-eabi/4.9.3/armv6-m/libgcc.a(_divsi3.o)
 .debug_frame   0x000000d4       0x2c /arm/opt/gcc-arm/bin/../lib/gcc/arm-none-eabi/4.9.3/../../../../arm-none-eabi/lib/armv6-m/libc_nano.a(lib_a-memcmp.o)
 .debug_frame   0x00000100       0x28 /arm/opt/gcc-arm/bin/../lib/gcc/arm-none-eabi/4.9.3/../../../../arm-none-eabi/lib/armv6-m/libc_nano.a(lib_a-memcpy.o)
 .debug_frame   0x00000128       0x20 /arm/opt/gcc-arm/bin/../lib/gcc/arm-none-eabi/4.9.3/../../../../arm-none-eabi/lib/armv6-m/libc_nano.a(lib_a-strlen.o)
