Archive member included because of file (symbol)

/arm/opt/gcc-arm/bin/../lib/gcc/arm-none-eabi/4.9.3/../../../../arm-none-eabi/lib/armv6-m/libc.a(lib_a-exit.o)
                              /arm/opt/gcc-arm/bin/../lib/gcc/arm-none-eabi/4.9.3/../../../../arm-none-eabi/lib/armv6-m/crt0.o (exit)
/arm/opt/gcc-arm/bin/../lib/gcc/arm-none-eabi/4.9.3/../../../../arm-none-eabi/lib/armv6-m/libc.a(lib_a-impure.o)
                              /arm/opt/gcc-arm/bin/../lib/gcc/arm-none-eabi/4.9.3/../../../../arm-none-eabi/lib/armv6-m/libc.a(lib_a-exit.o) (_global_impure_ptr)
/arm/opt/gcc-arm/bin/../lib/gcc/arm-none-eabi/4.9.3/../../../../arm-none-eabi/lib/armv6-m/libc.a(lib_a-init.o)
                              /arm/opt/gcc-arm/bin/../lib/gcc/arm-none-eabi/4.9.3/../../../../arm-none-eabi/lib/armv6-m/crt0.o (__libc_init_array)
/arm/opt/gcc-arm/bin/../lib/gcc/arm-none-eabi/4.9.3/../../../../arm-none-eabi/lib/armv6-m/libc.a(lib_a-memset.o)
                              /arm/opt/gcc-arm/bin/../lib/gcc/arm-none-eabi/4.9.3/../../../../arm-none-eabi/lib/armv6-m/crt0.o (memset)
/arm/opt/gcc-arm/bin/../lib/gcc/arm-none-eabi/4.9.3/../../../../arm-none-eabi/lib/armv6-m/libc.a(lib_a-__call_atexit.o)
                              /arm/opt/gcc-arm/bin/../lib/gcc/arm-none-eabi/4.9.3/../../../../arm-none-eabi/lib/armv6-m/libc.a(lib_a-exit.o) (__call_exitprocs)
/arm/opt/gcc-arm/bin/../lib/gcc/arm-none-eabi/4.9.3/../../../../arm-none-eabi/lib/armv6-m/libc.a(lib_a-atexit.o)
                              /arm/opt/gcc-arm/bin/../lib/gcc/arm-none-eabi/4.9.3/../../../../arm-none-eabi/lib/armv6-m/libc.a(lib_a-__call_atexit.o) (atexit)
/arm/opt/gcc-arm/bin/../lib/gcc/arm-none-eabi/4.9.3/../../../../arm-none-eabi/lib/armv6-m/libc.a(lib_a-fini.o)
                              /arm/opt/gcc-arm/bin/../lib/gcc/arm-none-eabi/4.9.3/../../../../arm-none-eabi/lib/armv6-m/libc.a(lib_a-__call_atexit.o) (__libc_fini_array)
/arm/opt/gcc-arm/bin/../lib/gcc/arm-none-eabi/4.9.3/../../../../arm-none-eabi/lib/armv6-m/libc.a(lib_a-__atexit.o)
                              /arm/opt/gcc-arm/bin/../lib/gcc/arm-none-eabi/4.9.3/../../../../arm-none-eabi/lib/armv6-m/libc.a(lib_a-atexit.o) (__register_exitproc)
/arm/opt/gcc-arm/bin/../lib/gcc/arm-none-eabi/4.9.3/../../../../arm-none-eabi/lib/armv6-m/libnosys.a(_exit.o)
                              /arm/opt/gcc-arm/bin/../lib/gcc/arm-none-eabi/4.9.3/../../../../arm-none-eabi/lib/armv6-m/libc.a(lib_a-exit.o) (_exit)
/arm/opt/gcc-arm/bin/../lib/gcc/arm-none-eabi/4.9.3/armv6-m/libgcc.a(_udivsi3.o)
                              _build/bsp.o (__aeabi_uidiv)
/arm/opt/gcc-arm/bin/../lib/gcc/arm-none-eabi/4.9.3/armv6-m/libgcc.a(_dvmd_tls.o)
                              /arm/opt/gcc-arm/bin/../lib/gcc/arm-none-eabi/4.9.3/armv6-m/libgcc.a(_udivsi3.o) (__aeabi_idiv0)
/arm/opt/gcc-arm/bin/../lib/gcc/arm-none-eabi/4.9.3/../../../../arm-none-eabi/lib/armv6-m/libc.a(lib_a-memcpy.o)
                              _build/ble_advdata.o (memcpy)
/arm/opt/gcc-arm/bin/../lib/gcc/arm-none-eabi/4.9.3/../../../../arm-none-eabi/lib/armv6-m/libc.a(lib_a-strlen.o)
                              _build/ble_srv_common.o (strlen)

Discarded input sections

 .text          0x00000000        0x0 /arm/opt/gcc-arm/bin/../lib/gcc/arm-none-eabi/4.9.3/armv6-m/crti.o
 .data          0x00000000        0x0 /arm/opt/gcc-arm/bin/../lib/gcc/arm-none-eabi/4.9.3/armv6-m/crti.o
 .bss           0x00000000        0x0 /arm/opt/gcc-arm/bin/../lib/gcc/arm-none-eabi/4.9.3/armv6-m/crti.o
 .data          0x00000000        0x4 /arm/opt/gcc-arm/bin/../lib/gcc/arm-none-eabi/4.9.3/armv6-m/crtbegin.o
 .data          0x00000000        0x0 /arm/opt/gcc-arm/bin/../lib/gcc/arm-none-eabi/4.9.3/../../../../arm-none-eabi/lib/armv6-m/crt0.o
 .bss           0x00000000        0x0 /arm/opt/gcc-arm/bin/../lib/gcc/arm-none-eabi/4.9.3/../../../../arm-none-eabi/lib/armv6-m/crt0.o
 .ARM.extab     0x00000000        0x0 /arm/opt/gcc-arm/bin/../lib/gcc/arm-none-eabi/4.9.3/../../../../arm-none-eabi/lib/armv6-m/crt0.o
 .text          0x00000000        0x0 /arm/opt/gcc-arm/bin/../lib/gcc/arm-none-eabi/4.9.3/../../../../arm-none-eabi/lib/armv6-m/libc.a(lib_a-exit.o)
 .data          0x00000000        0x0 /arm/opt/gcc-arm/bin/../lib/gcc/arm-none-eabi/4.9.3/../../../../arm-none-eabi/lib/armv6-m/libc.a(lib_a-exit.o)
 .bss           0x00000000        0x0 /arm/opt/gcc-arm/bin/../lib/gcc/arm-none-eabi/4.9.3/../../../../arm-none-eabi/lib/armv6-m/libc.a(lib_a-exit.o)
 .text          0x00000000        0x0 /arm/opt/gcc-arm/bin/../lib/gcc/arm-none-eabi/4.9.3/../../../../arm-none-eabi/lib/armv6-m/libc.a(lib_a-impure.o)
 .data          0x00000000        0x0 /arm/opt/gcc-arm/bin/../lib/gcc/arm-none-eabi/4.9.3/../../../../arm-none-eabi/lib/armv6-m/libc.a(lib_a-impure.o)
 .bss           0x00000000        0x0 /arm/opt/gcc-arm/bin/../lib/gcc/arm-none-eabi/4.9.3/../../../../arm-none-eabi/lib/armv6-m/libc.a(lib_a-impure.o)
 .data._impure_ptr
                0x00000000        0x4 /arm/opt/gcc-arm/bin/../lib/gcc/arm-none-eabi/4.9.3/../../../../arm-none-eabi/lib/armv6-m/libc.a(lib_a-impure.o)
 .text          0x00000000        0x0 /arm/opt/gcc-arm/bin/../lib/gcc/arm-none-eabi/4.9.3/../../../../arm-none-eabi/lib/armv6-m/libc.a(lib_a-init.o)
 .data          0x00000000        0x0 /arm/opt/gcc-arm/bin/../lib/gcc/arm-none-eabi/4.9.3/../../../../arm-none-eabi/lib/armv6-m/libc.a(lib_a-init.o)
 .bss           0x00000000        0x0 /arm/opt/gcc-arm/bin/../lib/gcc/arm-none-eabi/4.9.3/../../../../arm-none-eabi/lib/armv6-m/libc.a(lib_a-init.o)
 .text          0x00000000        0x0 /arm/opt/gcc-arm/bin/../lib/gcc/arm-none-eabi/4.9.3/../../../../arm-none-eabi/lib/armv6-m/libc.a(lib_a-memset.o)
 .data          0x00000000        0x0 /arm/opt/gcc-arm/bin/../lib/gcc/arm-none-eabi/4.9.3/../../../../arm-none-eabi/lib/armv6-m/libc.a(lib_a-memset.o)
 .bss           0x00000000        0x0 /arm/opt/gcc-arm/bin/../lib/gcc/arm-none-eabi/4.9.3/../../../../arm-none-eabi/lib/armv6-m/libc.a(lib_a-memset.o)
 .text          0x00000000        0x0 /arm/opt/gcc-arm/bin/../lib/gcc/arm-none-eabi/4.9.3/../../../../arm-none-eabi/lib/armv6-m/libc.a(lib_a-__call_atexit.o)
 .data          0x00000000        0x0 /arm/opt/gcc-arm/bin/../lib/gcc/arm-none-eabi/4.9.3/../../../../arm-none-eabi/lib/armv6-m/libc.a(lib_a-__call_atexit.o)
 .bss           0x00000000        0x0 /arm/opt/gcc-arm/bin/../lib/gcc/arm-none-eabi/4.9.3/../../../../arm-none-eabi/lib/armv6-m/libc.a(lib_a-__call_atexit.o)
 .text.startup.register_fini
                0x00000000       0x18 /arm/opt/gcc-arm/bin/../lib/gcc/arm-none-eabi/4.9.3/../../../../arm-none-eabi/lib/armv6-m/libc.a(lib_a-__call_atexit.o)
 .init_array.00000
                0x00000000        0x4 /arm/opt/gcc-arm/bin/../lib/gcc/arm-none-eabi/4.9.3/../../../../arm-none-eabi/lib/armv6-m/libc.a(lib_a-__call_atexit.o)
 .text          0x00000000        0x0 /arm/opt/gcc-arm/bin/../lib/gcc/arm-none-eabi/4.9.3/../../../../arm-none-eabi/lib/armv6-m/libc.a(lib_a-atexit.o)
 .data          0x00000000        0x0 /arm/opt/gcc-arm/bin/../lib/gcc/arm-none-eabi/4.9.3/../../../../arm-none-eabi/lib/armv6-m/libc.a(lib_a-atexit.o)
 .bss           0x00000000        0x0 /arm/opt/gcc-arm/bin/../lib/gcc/arm-none-eabi/4.9.3/../../../../arm-none-eabi/lib/armv6-m/libc.a(lib_a-atexit.o)
 .text          0x00000000        0x0 /arm/opt/gcc-arm/bin/../lib/gcc/arm-none-eabi/4.9.3/../../../../arm-none-eabi/lib/armv6-m/libc.a(lib_a-fini.o)
 .data          0x00000000        0x0 /arm/opt/gcc-arm/bin/../lib/gcc/arm-none-eabi/4.9.3/../../../../arm-none-eabi/lib/armv6-m/libc.a(lib_a-fini.o)
 .bss           0x00000000        0x0 /arm/opt/gcc-arm/bin/../lib/gcc/arm-none-eabi/4.9.3/../../../../arm-none-eabi/lib/armv6-m/libc.a(lib_a-fini.o)
 .text          0x00000000        0x0 /arm/opt/gcc-arm/bin/../lib/gcc/arm-none-eabi/4.9.3/../../../../arm-none-eabi/lib/armv6-m/libc.a(lib_a-__atexit.o)
 .data          0x00000000        0x0 /arm/opt/gcc-arm/bin/../lib/gcc/arm-none-eabi/4.9.3/../../../../arm-none-eabi/lib/armv6-m/libc.a(lib_a-__atexit.o)
 .bss           0x00000000        0x0 /arm/opt/gcc-arm/bin/../lib/gcc/arm-none-eabi/4.9.3/../../../../arm-none-eabi/lib/armv6-m/libc.a(lib_a-__atexit.o)
 .text          0x00000000        0x0 /arm/opt/gcc-arm/bin/../lib/gcc/arm-none-eabi/4.9.3/../../../../arm-none-eabi/lib/armv6-m/libnosys.a(_exit.o)
 .data          0x00000000        0x0 /arm/opt/gcc-arm/bin/../lib/gcc/arm-none-eabi/4.9.3/../../../../arm-none-eabi/lib/armv6-m/libnosys.a(_exit.o)
 .bss           0x00000000        0x0 /arm/opt/gcc-arm/bin/../lib/gcc/arm-none-eabi/4.9.3/../../../../arm-none-eabi/lib/armv6-m/libnosys.a(_exit.o)
 .text          0x00000000        0x0 _build/app_button.o
 .data          0x00000000        0x0 _build/app_button.o
 .bss           0x00000000        0x0 _build/app_button.o
 .text.app_button_disable
                0x00000000       0x34 _build/app_button.o
 .text.app_button_is_pushed
                0x00000000       0x2c _build/app_button.o
 .text          0x00000000        0x0 _build/app_error.o
 .data          0x00000000        0x0 _build/app_error.o
 .bss           0x00000000        0x0 _build/app_error.o
 .text          0x00000000        0x0 _build/app_fifo.o
 .data          0x00000000        0x0 _build/app_fifo.o
 .bss           0x00000000        0x0 _build/app_fifo.o
 .text.app_fifo_init
                0x00000000       0x28 _build/app_fifo.o
 .text.app_fifo_put
                0x00000000       0x28 _build/app_fifo.o
 .text.app_fifo_get
                0x00000000       0x24 _build/app_fifo.o
 .text.app_fifo_flush
                0x00000000        0x8 _build/app_fifo.o
 .text.app_fifo_read
                0x00000000       0x50 _build/app_fifo.o
 .text.app_fifo_write
                0x00000000       0x54 _build/app_fifo.o
 .comment       0x00000000       0x71 _build/app_fifo.o
 .ARM.attributes
                0x00000000       0x31 _build/app_fifo.o
 .text          0x00000000        0x0 _build/app_timer.o
 .data          0x00000000        0x0 _build/app_timer.o
 .bss           0x00000000        0x0 _build/app_timer.o
 .text.app_timer_stop_all
                0x00000000       0xbc _build/app_timer.o
 .text.app_timer_cnt_get
                0x00000000       0x14 _build/app_timer.o
 .text.app_timer_cnt_diff_compute
                0x00000000        0xc _build/app_timer.o
 .text          0x00000000        0x0 _build/nrf_assert.o
 .data          0x00000000        0x0 _build/nrf_assert.o
 .bss           0x00000000        0x0 _build/nrf_assert.o
 .comment       0x00000000       0x71 _build/nrf_assert.o
 .ARM.attributes
                0x00000000       0x31 _build/nrf_assert.o
 .text          0x00000000        0x0 _build/app_uart_fifo.o
 .data          0x00000000        0x0 _build/app_uart_fifo.o
 .bss           0x00000000        0x0 _build/app_uart_fifo.o
 .text.uart_event_handler
                0x00000000       0xc0 _build/app_uart_fifo.o
 .text.app_uart_init
                0x00000000       0xa4 _build/app_uart_fifo.o
 .text.app_uart_flush
                0x00000000       0x1c _build/app_uart_fifo.o
 .text.app_uart_get
                0x00000000       0x34 _build/app_uart_fifo.o
 .text.app_uart_put
                0x00000000       0x28 _build/app_uart_fifo.o
 .text.app_uart_close
                0x00000000        0xc _build/app_uart_fifo.o
 .rodata        0x00000000       0x20 _build/app_uart_fifo.o
 .bss.tx_buffer
                0x00000000        0x4 _build/app_uart_fifo.o
 .bss.m_event_handler
                0x00000000        0x4 _build/app_uart_fifo.o
 .bss.rx_buffer
                0x00000000        0x4 _build/app_uart_fifo.o
 .bss.m_tx_fifo
                0x00000000       0x10 _build/app_uart_fifo.o
 .bss.m_rx_fifo
                0x00000000       0x10 _build/app_uart_fifo.o
 .bss.tx_tmp    0x00000000        0x1 _build/app_uart_fifo.o
 .comment       0x00000000       0x71 _build/app_uart_fifo.o
 .ARM.attributes
                0x00000000       0x31 _build/app_uart_fifo.o
 .text          0x00000000        0x0 _build/nrf_delay.o
 .data          0x00000000        0x0 _build/nrf_delay.o
 .bss           0x00000000        0x0 _build/nrf_delay.o
 .text.nrf_delay_ms
                0x00000000       0x3c _build/nrf_delay.o
 .comment       0x00000000       0x71 _build/nrf_delay.o
 .ARM.attributes
                0x00000000       0x31 _build/nrf_delay.o
 .text          0x00000000        0x0 _build/nrf_drv_common.o
 .data          0x00000000        0x0 _build/nrf_drv_common.o
 .bss           0x00000000        0x0 _build/nrf_drv_common.o
 .text          0x00000000        0x0 _build/nrf_drv_gpiote.o
 .data          0x00000000        0x0 _build/nrf_drv_gpiote.o
 .bss           0x00000000        0x0 _build/nrf_drv_gpiote.o
 .text.nrf_drv_gpiote_uninit
                0x00000000       0xec _build/nrf_drv_gpiote.o
 .text.nrf_drv_gpiote_out_init
                0x00000000       0xdc _build/nrf_drv_gpiote.o
 .text.nrf_drv_gpiote_out_uninit
                0x00000000       0x48 _build/nrf_drv_gpiote.o
 .text.nrf_drv_gpiote_out_set
                0x00000000       0x14 _build/nrf_drv_gpiote.o
 .text.nrf_drv_gpiote_out_clear
                0x00000000       0x14 _build/nrf_drv_gpiote.o
 .text.nrf_drv_gpiote_out_toggle
                0x00000000       0x2c _build/nrf_drv_gpiote.o
 .text.nrf_drv_gpiote_out_task_enable
                0x00000000       0x38 _build/nrf_drv_gpiote.o
 .text.nrf_drv_gpiote_out_task_disable
                0x00000000       0x28 _build/nrf_drv_gpiote.o
 .text.nrf_drv_gpiote_out_task_addr_get
                0x00000000       0x20 _build/nrf_drv_gpiote.o
 .text.nrf_drv_gpiote_out_task_force
                0x00000000       0x38 _build/nrf_drv_gpiote.o
 .text.nrf_drv_gpiote_out_task_trigger
                0x00000000       0x20 _build/nrf_drv_gpiote.o
 .text.nrf_drv_gpiote_in_event_disable
                0x00000000       0x60 _build/nrf_drv_gpiote.o
 .text.nrf_drv_gpiote_in_uninit
                0x00000000       0xa8 _build/nrf_drv_gpiote.o
 .text.nrf_drv_gpiote_in_event_addr_get
                0x00000000       0x20 _build/nrf_drv_gpiote.o
 .text          0x00000000        0x0 _build/nrf_drv_uart.o
 .data          0x00000000        0x0 _build/nrf_drv_uart.o
 .bss           0x00000000        0x0 _build/nrf_drv_uart.o
 .text.nrf_drv_uart_init
                0x00000000      0x110 _build/nrf_drv_uart.o
 .text.nrf_drv_uart_uninit
                0x00000000       0xbc _build/nrf_drv_uart.o
 .text.nrf_drv_uart_tx
                0x00000000       0xb4 _build/nrf_drv_uart.o
 .text.nrf_drv_uart_rx
                0x00000000      0x108 _build/nrf_drv_uart.o
 .text.nrf_drv_uart_rx_enable
                0x00000000       0x2c _build/nrf_drv_uart.o
 .text.nrf_drv_uart_rx_disable
                0x00000000       0x18 _build/nrf_drv_uart.o
 .text.nrf_drv_uart_errorsrc_get
                0x00000000       0x1c _build/nrf_drv_uart.o
 .text.nrf_drv_uart_tx_abort
                0x00000000       0x3c _build/nrf_drv_uart.o
 .text.nrf_drv_uart_rx_abort
                0x00000000       0x1c _build/nrf_drv_uart.o
 .rodata.m_default_config
                0x00000000       0x20 _build/nrf_drv_uart.o
 .text          0x00000000        0x0 _build/bsp.o
 .data          0x00000000        0x0 _build/bsp.o
 .bss           0x00000000        0x0 _build/bsp.o
 .text.bsp_buttons_state_get
                0x00000000       0x40 _build/bsp.o
 .text.bsp_button_is_pressed
                0x00000000       0x2c _build/bsp.o
 .text.bsp_indication_text_set
                0x00000000      0x394 _build/bsp.o
 .rodata.bsp_indication_text_set
                0x00000000       0x60 _build/bsp.o
 .text.bsp_event_to_button_action_assign
                0x00000000       0x58 _build/bsp.o
 .text.bsp_buttons_enable
                0x00000000        0x8 _build/bsp.o
 .text.bsp_buttons_disable
                0x00000000        0x8 _build/bsp.o
 .text.bsp_wakeup_buttons_set
                0x00000000       0x8c _build/bsp.o
 .rodata.m_buttons_list
                0x00000000       0x10 _build/bsp.o
 .text          0x00000000        0x0 _build/main.o
 .data          0x00000000        0x0 _build/main.o
 .bss           0x00000000        0x0 _build/main.o
 .text          0x00000000        0x0 _build/ble_advdata.o
 .data          0x00000000        0x0 _build/ble_advdata.o
 .bss           0x00000000        0x0 _build/ble_advdata.o
 .text          0x00000000        0x0 _build/ble_conn_params.o
 .data          0x00000000        0x0 _build/ble_conn_params.o
 .bss           0x00000000        0x0 _build/ble_conn_params.o
 .text.sd_ble_gap_conn_param_update
                0x00000000        0x4 _build/ble_conn_params.o
 .text.sd_ble_gap_disconnect
                0x00000000        0x4 _build/ble_conn_params.o
 .text.sd_ble_gap_ppcp_set
                0x00000000        0x4 _build/ble_conn_params.o
 .text.sd_ble_gap_ppcp_get
                0x00000000        0x4 _build/ble_conn_params.o
 .text.update_timeout_handler
                0x00000000       0x78 _build/ble_conn_params.o
 .text.conn_params_negotiation
                0x00000000       0x88 _build/ble_conn_params.o
 .text.ble_conn_params_init
                0x00000000       0x78 _build/ble_conn_params.o
 .text.ble_conn_params_stop
                0x00000000       0x10 _build/ble_conn_params.o
 .text.ble_conn_params_on_ble_evt
                0x00000000       0xac _build/ble_conn_params.o
 .text.ble_conn_params_change_conn_params
                0x00000000       0x70 _build/ble_conn_params.o
 .bss.m_change_param
                0x00000000        0x1 _build/ble_conn_params.o
 .bss.m_current_conn_params
                0x00000000        0x8 _build/ble_conn_params.o
 .bss.m_update_count
                0x00000000        0x1 _build/ble_conn_params.o
 .bss.m_conn_params_config
                0x00000000       0x1c _build/ble_conn_params.o
 .bss.m_conn_params_timer_id_data
                0x00000000       0x20 _build/ble_conn_params.o
 .rodata.m_conn_params_timer_id
                0x00000000        0x4 _build/ble_conn_params.o
 .bss.m_conn_handle
                0x00000000        0x2 _build/ble_conn_params.o
 .bss.m_preferred_conn_params
                0x00000000        0x8 _build/ble_conn_params.o
 .comment       0x00000000       0x71 _build/ble_conn_params.o
 .ARM.attributes
                0x00000000       0x31 _build/ble_conn_params.o
 .text          0x00000000        0x0 _build/ble_srv_common.o
 .data          0x00000000        0x0 _build/ble_srv_common.o
 .bss           0x00000000        0x0 _build/ble_srv_common.o
 .text.sd_ble_gatts_characteristic_add
                0x00000000        0x4 _build/ble_srv_common.o
 .text.sd_ble_gatts_descriptor_add
                0x00000000        0x4 _build/ble_srv_common.o
 .text.ble_srv_report_ref_encode
                0x00000000        0xc _build/ble_srv_common.o
 .text.ble_srv_ascii_to_utf8
                0x00000000       0x14 _build/ble_srv_common.o
 .text.characteristic_add
                0x00000000      0x368 _build/ble_srv_common.o
 .rodata.characteristic_add
                0x00000000       0x78 _build/ble_srv_common.o
 .text.descriptor_add
                0x00000000      0x15c _build/ble_srv_common.o
 .rodata.descriptor_add
                0x00000000       0x30 _build/ble_srv_common.o
 .comment       0x00000000       0x71 _build/ble_srv_common.o
 .ARM.attributes
                0x00000000       0x31 _build/ble_srv_common.o
 .text          0x00000000        0x0 _build/system_nrf51.o
 .data          0x00000000        0x0 _build/system_nrf51.o
 .bss           0x00000000        0x0 _build/system_nrf51.o
 .text.SystemCoreClockUpdate
                0x00000000       0x10 _build/system_nrf51.o
 .data.SystemCoreClock
                0x00000000        0x4 _build/system_nrf51.o
 .text          0x00000000        0x0 _build/softdevice_handler.o
 .data          0x00000000        0x0 _build/softdevice_handler.o
 .bss           0x00000000        0x0 _build/softdevice_handler.o
 .text.sd_softdevice_disable
                0x00000000        0x4 _build/softdevice_handler.o
 .text.intern_softdevice_events_execute
                0x00000000       0x14 _build/softdevice_handler.o
 .text.softdevice_handler_isEnabled
                0x00000000        0xc _build/softdevice_handler.o
 .text.softdevice_handler_sd_disable
                0x00000000       0x18 _build/softdevice_handler.o
 .text.softdevice_ble_evt_handler_set
                0x00000000       0x14 _build/softdevice_handler.o
 .text.softdevice_sys_evt_handler_set
                0x00000000       0x14 _build/softdevice_handler.o
 .data          0x00000000        0x0 _build/gcc_startup_nrf51.o
 .bss           0x00000000        0x0 _build/gcc_startup_nrf51.o
 .ARM.extab     0x00000000        0x0 _build/gcc_startup_nrf51.o
 .data          0x00000000        0x0 /arm/opt/gcc-arm/bin/../lib/gcc/arm-none-eabi/4.9.3/armv6-m/libgcc.a(_udivsi3.o)
 .bss           0x00000000        0x0 /arm/opt/gcc-arm/bin/../lib/gcc/arm-none-eabi/4.9.3/armv6-m/libgcc.a(_udivsi3.o)
 .data          0x00000000        0x0 /arm/opt/gcc-arm/bin/../lib/gcc/arm-none-eabi/4.9.3/armv6-m/libgcc.a(_dvmd_tls.o)
 .bss           0x00000000        0x0 /arm/opt/gcc-arm/bin/../lib/gcc/arm-none-eabi/4.9.3/armv6-m/libgcc.a(_dvmd_tls.o)
 .text          0x00000000        0x0 /arm/opt/gcc-arm/bin/../lib/gcc/arm-none-eabi/4.9.3/../../../../arm-none-eabi/lib/armv6-m/libc.a(lib_a-memcpy.o)
 .data          0x00000000        0x0 /arm/opt/gcc-arm/bin/../lib/gcc/arm-none-eabi/4.9.3/../../../../arm-none-eabi/lib/armv6-m/libc.a(lib_a-memcpy.o)
 .bss           0x00000000        0x0 /arm/opt/gcc-arm/bin/../lib/gcc/arm-none-eabi/4.9.3/../../../../arm-none-eabi/lib/armv6-m/libc.a(lib_a-memcpy.o)
 .text          0x00000000        0x0 /arm/opt/gcc-arm/bin/../lib/gcc/arm-none-eabi/4.9.3/../../../../arm-none-eabi/lib/armv6-m/libc.a(lib_a-strlen.o)
 .data          0x00000000        0x0 /arm/opt/gcc-arm/bin/../lib/gcc/arm-none-eabi/4.9.3/../../../../arm-none-eabi/lib/armv6-m/libc.a(lib_a-strlen.o)
 .bss           0x00000000        0x0 /arm/opt/gcc-arm/bin/../lib/gcc/arm-none-eabi/4.9.3/../../../../arm-none-eabi/lib/armv6-m/libc.a(lib_a-strlen.o)
 .text.strlen   0x00000000       0x68 /arm/opt/gcc-arm/bin/../lib/gcc/arm-none-eabi/4.9.3/../../../../arm-none-eabi/lib/armv6-m/libc.a(lib_a-strlen.o)
 .debug_frame   0x00000000       0x28 /arm/opt/gcc-arm/bin/../lib/gcc/arm-none-eabi/4.9.3/../../../../arm-none-eabi/lib/armv6-m/libc.a(lib_a-strlen.o)
 .ARM.attributes
                0x00000000       0x2c /arm/opt/gcc-arm/bin/../lib/gcc/arm-none-eabi/4.9.3/../../../../arm-none-eabi/lib/armv6-m/libc.a(lib_a-strlen.o)
 .text          0x00000000        0x0 /arm/opt/gcc-arm/bin/../lib/gcc/arm-none-eabi/4.9.3/armv6-m/crtend.o
 .data          0x00000000        0x0 /arm/opt/gcc-arm/bin/../lib/gcc/arm-none-eabi/4.9.3/armv6-m/crtend.o
 .bss           0x00000000        0x0 /arm/opt/gcc-arm/bin/../lib/gcc/arm-none-eabi/4.9.3/armv6-m/crtend.o
 .eh_frame      0x00000000        0x4 /arm/opt/gcc-arm/bin/../lib/gcc/arm-none-eabi/4.9.3/armv6-m/crtend.o
 .jcr           0x00000000        0x4 /arm/opt/gcc-arm/bin/../lib/gcc/arm-none-eabi/4.9.3/armv6-m/crtend.o
 .ARM.attributes
                0x00000000       0x2c /arm/opt/gcc-arm/bin/../lib/gcc/arm-none-eabi/4.9.3/armv6-m/crtend.o
 .text          0x00000000        0x0 /arm/opt/gcc-arm/bin/../lib/gcc/arm-none-eabi/4.9.3/armv6-m/crtn.o
 .data          0x00000000        0x0 /arm/opt/gcc-arm/bin/../lib/gcc/arm-none-eabi/4.9.3/armv6-m/crtn.o
 .bss           0x00000000        0x0 /arm/opt/gcc-arm/bin/../lib/gcc/arm-none-eabi/4.9.3/armv6-m/crtn.o

Memory Configuration

Name             Origin             Length             Attributes
FLASH            0x00018000         0x00028000         xr
RAM              0x20002000         0x00002000         xrw
*default*        0x00000000         0xffffffff

Linker script and memory map

LOAD /arm/opt/gcc-arm/bin/../lib/gcc/arm-none-eabi/4.9.3/armv6-m/crti.o
LOAD /arm/opt/gcc-arm/bin/../lib/gcc/arm-none-eabi/4.9.3/armv6-m/crtbegin.o
LOAD /arm/opt/gcc-arm/bin/../lib/gcc/arm-none-eabi/4.9.3/../../../../arm-none-eabi/lib/armv6-m/crt0.o
LOAD /arm/opt/gcc-arm/bin/../lib/gcc/arm-none-eabi/4.9.3/../../../../arm-none-eabi/lib/armv6-m/libc.a
LOAD /arm/opt/gcc-arm/bin/../lib/gcc/arm-none-eabi/4.9.3/../../../../arm-none-eabi/lib/armv6-m/libnosys.a
LOAD _build/app_button.o
LOAD _build/app_error.o
LOAD _build/app_fifo.o
LOAD _build/app_timer.o
LOAD _build/nrf_assert.o
LOAD _build/app_uart_fifo.o
LOAD _build/nrf_delay.o
LOAD _build/nrf_drv_common.o
LOAD _build/nrf_drv_gpiote.o
LOAD _build/nrf_drv_uart.o
LOAD _build/bsp.o
LOAD _build/main.o
LOAD _build/ble_advdata.o
LOAD _build/ble_conn_params.o
LOAD _build/ble_srv_common.o
LOAD _build/system_nrf51.o
LOAD _build/softdevice_handler.o
LOAD _build/gcc_startup_nrf51.o
START GROUP
LOAD /arm/opt/gcc-arm/bin/../lib/gcc/arm-none-eabi/4.9.3/armv6-m/libgcc.a
LOAD /arm/opt/gcc-arm/bin/../lib/gcc/arm-none-eabi/4.9.3/../../../../arm-none-eabi/lib/armv6-m/libc.a
END GROUP
LOAD /arm/opt/gcc-arm/bin/../lib/gcc/arm-none-eabi/4.9.3/armv6-m/crtend.o
LOAD /arm/opt/gcc-arm/bin/../lib/gcc/arm-none-eabi/4.9.3/armv6-m/crtn.o
START GROUP
LOAD /arm/opt/gcc-arm/bin/../lib/gcc/arm-none-eabi/4.9.3/armv6-m/libgcc.a
LOAD /arm/opt/gcc-arm/bin/../lib/gcc/arm-none-eabi/4.9.3/../../../../arm-none-eabi/lib/armv6-m/libc.a
LOAD /arm/opt/gcc-arm/bin/../lib/gcc/arm-none-eabi/4.9.3/../../../../arm-none-eabi/lib/armv6-m/libnosys.a
END GROUP

.fs_data_out    0x00000000        0x0
                0x00000000                PROVIDE (__start_fs_data, .)
 *(fs_data)
                0x00000000                PROVIDE (__stop_fs_data, .)

.text           0x00018000     0x325c
 *(.Vectors)
 .Vectors       0x00018000       0xc0 _build/gcc_startup_nrf51.o
                0x00018000                __Vectors
 *(.text*)
 .text          0x000180c0       0x60 /arm/opt/gcc-arm/bin/../lib/gcc/arm-none-eabi/4.9.3/armv6-m/crtbegin.o
 .text          0x00018120       0x78 /arm/opt/gcc-arm/bin/../lib/gcc/arm-none-eabi/4.9.3/../../../../arm-none-eabi/lib/armv6-m/crt0.o
                0x00018120                _mainCRTStartup
                0x00018120                _start
 .text.exit     0x00018198       0x20 /arm/opt/gcc-arm/bin/../lib/gcc/arm-none-eabi/4.9.3/../../../../arm-none-eabi/lib/armv6-m/libc.a(lib_a-exit.o)
                0x00018198                exit
 .text.__libc_init_array
                0x000181b8       0x48 /arm/opt/gcc-arm/bin/../lib/gcc/arm-none-eabi/4.9.3/../../../../arm-none-eabi/lib/armv6-m/libc.a(lib_a-init.o)
                0x000181b8                __libc_init_array
 .text.memset   0x00018200       0x8c /arm/opt/gcc-arm/bin/../lib/gcc/arm-none-eabi/4.9.3/../../../../arm-none-eabi/lib/armv6-m/libc.a(lib_a-memset.o)
                0x00018200                memset
 .text.__call_exitprocs
                0x0001828c      0x108 /arm/opt/gcc-arm/bin/../lib/gcc/arm-none-eabi/4.9.3/../../../../arm-none-eabi/lib/armv6-m/libc.a(lib_a-__call_atexit.o)
                0x0001828c                __call_exitprocs
 .text.atexit   0x00018394       0x10 /arm/opt/gcc-arm/bin/../lib/gcc/arm-none-eabi/4.9.3/../../../../arm-none-eabi/lib/armv6-m/libc.a(lib_a-atexit.o)
                0x00018394                atexit
 .text.__libc_fini_array
                0x000183a4       0x34 /arm/opt/gcc-arm/bin/../lib/gcc/arm-none-eabi/4.9.3/../../../../arm-none-eabi/lib/armv6-m/libc.a(lib_a-fini.o)
                0x000183a4                __libc_fini_array
 .text.__register_exitproc
                0x000183d8       0xd4 /arm/opt/gcc-arm/bin/../lib/gcc/arm-none-eabi/4.9.3/../../../../arm-none-eabi/lib/armv6-m/libc.a(lib_a-__atexit.o)
                0x000183d8                __register_exitproc
 .text._exit    0x000184ac        0x4 /arm/opt/gcc-arm/bin/../lib/gcc/arm-none-eabi/4.9.3/../../../../arm-none-eabi/lib/armv6-m/libnosys.a(_exit.o)
                0x000184ac                _exit
 .text.detection_delay_timeout_handler
                0x000184b0       0xa8 _build/app_button.o
 .text.gpiote_event_handler
                0x00018558       0x5c _build/app_button.o
 .text.app_button_init
                0x000185b4       0xb4 _build/app_button.o
                0x000185b4                app_button_init
 .text.app_button_enable
                0x00018668       0x30 _build/app_button.o
                0x00018668                app_button_enable
 .text.app_error_handler
                0x00018698       0x18 _build/app_error.o
                0x00018698                app_error_handler
 .text.rtc1_stop
                0x000186b0       0x78 _build/app_timer.o
 .text.RTC1_IRQHandler
                0x00018728       0xe0 _build/app_timer.o
                0x00018728                RTC1_IRQHandler
 .text.SWI0_IRQHandler
                0x00018808      0x448 _build/app_timer.o
                0x00018808                SWI0_IRQHandler
 .text.app_timer_init
                0x00018c50       0xe4 _build/app_timer.o
                0x00018c50                app_timer_init
 .text.app_timer_create
                0x00018d34       0x34 _build/app_timer.o
                0x00018d34                app_timer_create
 .text.app_timer_start
                0x00018d68       0xfc _build/app_timer.o
                0x00018d68                app_timer_start
 .text.app_timer_stop
                0x00018e64       0xc8 _build/app_timer.o
                0x00018e64                app_timer_stop
 .text.nrf_drv_common_irq_enable
                0x00018f2c       0x80 _build/nrf_drv_common.o
                0x00018f2c                nrf_drv_common_irq_enable
 .text.nrf_drv_gpiote_init
                0x00018fac       0x68 _build/nrf_drv_gpiote.o
                0x00018fac                nrf_drv_gpiote_init
 .text.nrf_drv_gpiote_is_init
                0x00019014       0x14 _build/nrf_drv_gpiote.o
                0x00019014                nrf_drv_gpiote_is_init
 .text.nrf_drv_gpiote_in_init
                0x00019028      0x15c _build/nrf_drv_gpiote.o
                0x00019028                nrf_drv_gpiote_in_init
 .text.nrf_drv_gpiote_in_event_enable
                0x00019184       0xa8 _build/nrf_drv_gpiote.o
                0x00019184                nrf_drv_gpiote_in_event_enable
 .text.nrf_drv_gpiote_in_is_set
                0x0001922c       0x14 _build/nrf_drv_gpiote.o
                0x0001922c                nrf_drv_gpiote_in_is_set
 .text.GPIOTE_IRQHandler
                0x00019240      0x3bc _build/nrf_drv_gpiote.o
                0x00019240                GPIOTE_IRQHandler
 .text.UART0_IRQHandler
                0x000195fc      0x16c _build/nrf_drv_uart.o
                0x000195fc                UART0_IRQHandler
 .text.alert_timer_handler
                0x00019768       0x28 _build/bsp.o
 .text.bsp_button_event_handler
                0x00019790       0xcc _build/bsp.o
 .text.leds_timer_handler
                0x0001985c      0x344 _build/bsp.o
 .text.button_timer_handler
                0x00019ba0       0x48 _build/bsp.o
 .text.bsp_indication_set
                0x00019be8      0x394 _build/bsp.o
                0x00019be8                bsp_indication_set
 .text.bsp_init
                0x00019f7c       0xc0 _build/bsp.o
                0x00019f7c                bsp_init
 .text.sd_ble_gap_adv_start
                0x0001a03c        0x4 _build/main.o
 .text.sd_ble_enable
                0x0001a040        0x4 _build/main.o
 .text.sd_app_evt_wait
                0x0001a044        0x4 _build/main.o
 .text.assert_nrf_callback
                0x0001a048       0x14 _build/main.o
                0x0001a048                assert_nrf_callback
 .text.startup.main
                0x0001a05c      0x104 _build/main.o
                0x0001a05c                main
 .text.sd_ble_gap_address_get
                0x0001a160        0x4 _build/ble_advdata.o
 .text.sd_ble_gap_adv_data_set
                0x0001a164        0x4 _build/ble_advdata.o
 .text.sd_ble_gap_appearance_get
                0x0001a168        0x4 _build/ble_advdata.o
 .text.sd_ble_gap_device_name_get
                0x0001a16c        0x4 _build/ble_advdata.o
 .text.sd_ble_uuid_encode
                0x0001a170        0x4 _build/ble_advdata.o
 .text.name_encode
                0x0001a174       0x8c _build/ble_advdata.o
 .text.uuid_list_sized_encode
                0x0001a200       0xe8 _build/ble_advdata.o
 .text.adv_data_encode
                0x0001a2e8      0x550 _build/ble_advdata.o
                0x0001a2e8                adv_data_encode
 .text.ble_advdata_set
                0x0001a838      0x508 _build/ble_advdata.o
                0x0001a838                ble_advdata_set
 .text.SystemInit
                0x0001ad40       0x9c _build/system_nrf51.o
                0x0001ad40                SystemInit
 .text.sd_nvic_EnableIRQ
                0x0001addc        0x4 _build/softdevice_handler.o
 .text.sd_evt_get
                0x0001ade0        0x4 _build/softdevice_handler.o
 .text.sd_softdevice_enable
                0x0001ade4        0x4 _build/softdevice_handler.o
 .text.sd_ble_evt_get
                0x0001ade8        0x4 _build/softdevice_handler.o
 .text.softdevice_assertion_handler
                0x0001adec        0xc _build/softdevice_handler.o
                0x0001adec                softdevice_assertion_handler
 .text.intern_softdevice_events_execute.part.0
                0x0001adf8       0xe0 _build/softdevice_handler.o
 .text.softdevice_handler_init
                0x0001aed8       0x4c _build/softdevice_handler.o
                0x0001aed8                softdevice_handler_init
 .text.SWI2_IRQHandler
                0x0001af24       0x34 _build/softdevice_handler.o
                0x0001af24                SWI2_IRQHandler
 .text          0x0001af58       0x54 _build/gcc_startup_nrf51.o
                0x0001af58                Reset_Handler
                0x0001afa0                NMI_Handler
                0x0001afa2                HardFault_Handler
                0x0001afa4                SVC_Handler
                0x0001afa6                PendSV_Handler
                0x0001afa8                SysTick_Handler
                0x0001afaa                TIMER2_IRQHandler
                0x0001afaa                SPI0_TWI0_IRQHandler
                0x0001afaa                RTC0_IRQHandler
                0x0001afaa                POWER_CLOCK_IRQHandler
                0x0001afaa                RADIO_IRQHandler
                0x0001afaa                LPCOMP_IRQHandler
                0x0001afaa                SWI4_IRQHandler
                0x0001afaa                TEMP_IRQHandler
                0x0001afaa                QDEC_IRQHandler
                0x0001afaa                SWI5_IRQHandler
                0x0001afaa                TIMER0_IRQHandler
                0x0001afaa                TIMER1_IRQHandler
                0x0001afaa                ECB_IRQHandler
                0x0001afaa                Default_Handler
                0x0001afaa                ADC_IRQHandler
                0x0001afaa                SWI3_IRQHandler
                0x0001afaa                CCM_AAR_IRQHandler
                0x0001afaa                WDT_IRQHandler
                0x0001afaa                RNG_IRQHandler
                0x0001afaa                SPI1_TWI1_IRQHandler
                0x0001afaa                SWI1_IRQHandler
 .text          0x0001afac      0x120 /arm/opt/gcc-arm/bin/../lib/gcc/arm-none-eabi/4.9.3/armv6-m/libgcc.a(_udivsi3.o)
                0x0001afac                __udivsi3
                0x0001afac                __aeabi_uidiv
                0x0001b0b8                __aeabi_uidivmod
 .text          0x0001b0cc        0x4 /arm/opt/gcc-arm/bin/../lib/gcc/arm-none-eabi/4.9.3/armv6-m/libgcc.a(_dvmd_tls.o)
                0x0001b0cc                __aeabi_ldiv0
                0x0001b0cc                __aeabi_idiv0
 .text.memcpy   0x0001b0d0       0x7c /arm/opt/gcc-arm/bin/../lib/gcc/arm-none-eabi/4.9.3/../../../../arm-none-eabi/lib/armv6-m/libc.a(lib_a-memcpy.o)
                0x0001b0d0                memcpy
 *(.init)
 .init          0x0001b14c        0x4 /arm/opt/gcc-arm/bin/../lib/gcc/arm-none-eabi/4.9.3/armv6-m/crti.o
                0x0001b14c                _init
 .init          0x0001b150        0x8 /arm/opt/gcc-arm/bin/../lib/gcc/arm-none-eabi/4.9.3/armv6-m/crtn.o
 *(.fini)
 .fini          0x0001b158        0x4 /arm/opt/gcc-arm/bin/../lib/gcc/arm-none-eabi/4.9.3/armv6-m/crti.o
                0x0001b158                _fini
 .fini          0x0001b15c        0x8 /arm/opt/gcc-arm/bin/../lib/gcc/arm-none-eabi/4.9.3/armv6-m/crtn.o
 *crtbegin.o(.ctors)
 *crtbegin?.o(.ctors)
 *(EXCLUDE_FILE(*crtend.o *crtend?.o) .ctors)
 *(SORT(.ctors.*))
 *(.ctors)
 *crtbegin.o(.dtors)
 *crtbegin?.o(.dtors)
 *(EXCLUDE_FILE(*crtend.o *crtend?.o) .dtors)
 *(SORT(.dtors.*))
 *(.dtors)
 *(.rodata*)
 .rodata.str1.4
                0x0001b164        0x4 /arm/opt/gcc-arm/bin/../lib/gcc/arm-none-eabi/4.9.3/../../../../arm-none-eabi/lib/armv6-m/libc.a(lib_a-impure.o)
 .rodata._global_impure_ptr
                0x0001b168        0x4 /arm/opt/gcc-arm/bin/../lib/gcc/arm-none-eabi/4.9.3/../../../../arm-none-eabi/lib/armv6-m/libc.a(lib_a-impure.o)
                0x0001b168                _global_impure_ptr
 .rodata.m_detection_delay_timer_id
                0x0001b16c        0x4 _build/app_button.o
 .rodata.leds_timer_handler
                0x0001b170       0x60 _build/bsp.o
 .rodata.bsp_indication_set
                0x0001b1d0       0x60 _build/bsp.o
 .rodata.m_button_timer_id
                0x0001b230        0x4 _build/bsp.o
 .rodata.m_leds_timer_id
                0x0001b234        0x4 _build/bsp.o
 .rodata.app_buttons
                0x0001b238       0x20 _build/bsp.o
 .rodata.m_alert_timer_id
                0x0001b258        0x4 _build/bsp.o
 *(.eh_frame*)
 .eh_frame      0x0001b25c        0x0 /arm/opt/gcc-arm/bin/../lib/gcc/arm-none-eabi/4.9.3/armv6-m/crtbegin.o
                0x0001b25c                . = ALIGN (0x4)

.glue_7         0x0001b25c        0x0
 .glue_7        0x00000000        0x0 linker stubs

.glue_7t        0x0001b25c        0x0
 .glue_7t       0x00000000        0x0 linker stubs

.vfp11_veneer   0x0001b25c        0x0
 .vfp11_veneer  0x00000000        0x0 linker stubs

.v4_bx          0x0001b25c        0x0
 .v4_bx         0x00000000        0x0 linker stubs

.iplt           0x0001b25c        0x0
 .iplt          0x00000000        0x0 /arm/opt/gcc-arm/bin/../lib/gcc/arm-none-eabi/4.9.3/armv6-m/crtbegin.o

.ARM.extab      0x0001b25c        0x0
 *(.ARM.extab* .gnu.linkonce.armextab.*)
                0x0001b25c                . = ALIGN (0x4)
                0x0001b25c                __exidx_start = .

.ARM.exidx      0x0001b25c        0x8
 *(.ARM.exidx* .gnu.linkonce.armexidx.*)
 .ARM.exidx     0x0001b25c        0x8 /arm/opt/gcc-arm/bin/../lib/gcc/arm-none-eabi/4.9.3/../../../../arm-none-eabi/lib/armv6-m/crt0.o
 .ARM.exidx     0x0001b264        0x0 _build/gcc_startup_nrf51.o
                                  0x8 (size before relaxing)
                0x0001b264                . = ALIGN (0x4)
                0x0001b264                __exidx_end = .
                0x0001b264                __etext = .

.rel.dyn        0x0001b264        0x0
 .rel.iplt      0x00000000        0x0 /arm/opt/gcc-arm/bin/../lib/gcc/arm-none-eabi/4.9.3/armv6-m/crtbegin.o

.data           0x20002000      0x448 load address 0x0001b264
                0x20002000                __data_start__ = .
 *(vtable)
 *(.data*)
 .data.impure_data
                0x20002000      0x428 /arm/opt/gcc-arm/bin/../lib/gcc/arm-none-eabi/4.9.3/../../../../arm-none-eabi/lib/armv6-m/libc.a(lib_a-impure.o)
 .data.m_beacon_info
                0x20002428       0x18 _build/main.o
                0x20002440                . = ALIGN (0x4)
                0x20002440                PROVIDE (__preinit_array_start, .)
 *(.preinit_array)
                0x20002440                PROVIDE (__preinit_array_end, .)
                0x20002440                . = ALIGN (0x4)
                0x20002440                PROVIDE (__init_array_start, .)
 *(SORT(.init_array.*))
 *(.init_array)
 .init_array    0x20002440        0x4 /arm/opt/gcc-arm/bin/../lib/gcc/arm-none-eabi/4.9.3/armv6-m/crtbegin.o
                0x20002444                PROVIDE (__init_array_end, .)
                0x20002444                . = ALIGN (0x4)
                0x20002444                PROVIDE (__fini_array_start, .)
 *(SORT(.fini_array.*))
 *(.fini_array)
 .fini_array    0x20002444        0x4 /arm/opt/gcc-arm/bin/../lib/gcc/arm-none-eabi/4.9.3/armv6-m/crtbegin.o
                0x20002448                PROVIDE (__fini_array_end, .)
 *(.jcr)
 .jcr           0x20002448        0x0 /arm/opt/gcc-arm/bin/../lib/gcc/arm-none-eabi/4.9.3/armv6-m/crtbegin.o
                0x20002448                . = ALIGN (0x4)
                0x20002448                __data_end__ = .

.igot.plt       0x20002448        0x0 load address 0x0001b6ac
 .igot.plt      0x00000000        0x0 /arm/opt/gcc-arm/bin/../lib/gcc/arm-none-eabi/4.9.3/armv6-m/crtbegin.o

.bss            0x20002448      0x398 load address 0x0001b6ac
                0x20002448                . = ALIGN (0x4)
                0x20002448                __bss_start__ = .
 *(.bss*)
 .bss           0x20002448       0x1c /arm/opt/gcc-arm/bin/../lib/gcc/arm-none-eabi/4.9.3/armv6-m/crtbegin.o
 .bss.m_detection_delay
                0x20002464        0x4 _build/app_button.o
 .bss.mp_buttons
                0x20002468        0x4 _build/app_button.o
 .bss.m_button_count
                0x2000246c        0x1 _build/app_button.o
 *fill*         0x2000246d        0x3 
 .bss.m_detection_delay_timer_id_data
                0x20002470       0x20 _build/app_button.o
 .bss.m_pin_state
                0x20002490        0x4 _build/app_button.o
 .bss.m_pin_transition
                0x20002494        0x4 _build/app_button.o
 .bss.m_ticks_latest
                0x20002498        0x4 _build/app_timer.o
 .bss.mp_timer_id_head
                0x2000249c        0x4 _build/app_timer.o
 .bss.m_evt_schedule_func
                0x200024a0        0x4 _build/app_timer.o
 .bss.m_user_array_size
                0x200024a4        0x1 _build/app_timer.o
 *fill*         0x200024a5        0x3 
 .bss.mp_users  0x200024a8        0x4 _build/app_timer.o
 .bss.m_ticks_elapsed_q_read_ind
                0x200024ac        0x1 _build/app_timer.o
 .bss.m_ticks_elapsed_q_write_ind
                0x200024ad        0x1 _build/app_timer.o
 .bss.m_rtc1_reset
                0x200024ae        0x1 _build/app_timer.o
 *fill*         0x200024af        0x1 
 .bss.m_ticks_elapsed
                0x200024b0        0x8 _build/app_timer.o
 .bss.m_rtc1_running
                0x200024b8        0x1 _build/app_timer.o
 *fill*         0x200024b9        0x3 
 .bss.m_cb      0x200024bc       0x48 _build/nrf_drv_gpiote.o
 .bss.m_cb      0x20002504       0x18 _build/nrf_drv_uart.o
 .bss.m_leds_timer_id_data
                0x2000251c       0x20 _build/bsp.o
 .bss.m_alert_mask
                0x2000253c        0x4 _build/bsp.o
 .bss.release_event_at_push.5976
                0x20002540        0x4 _build/bsp.o
 .bss.m_indication_type
                0x20002544        0x4 _build/bsp.o
 .bss.m_app_ticks_per_100ms
                0x20002548        0x4 _build/bsp.o
 .bss.m_registered_callback
                0x2000254c        0x4 _build/bsp.o
 .bss.m_button_timer_id_data
                0x20002550       0x20 _build/bsp.o
 .bss.m_stable_state
                0x20002570        0x1 _build/bsp.o
 *fill*         0x20002571        0x3 
 .bss.m_alert_timer_id_data
                0x20002574       0x20 _build/bsp.o
 .bss.current_long_push_pin_no.5975
                0x20002594        0x1 _build/bsp.o
 *fill*         0x20002595        0x3 
 .bss.m_events_list
                0x20002598        0xc _build/bsp.o
 .bss.APP_TIMER_BUF.7915
                0x200025a4      0x1c8 _build/main.o
 .bss.BLE_EVT_BUFFER.7902
                0x2000276c       0x48 _build/main.o
 .bss.m_adv_params
                0x200027b4       0x18 _build/main.o
 .bss.m_softdevice_enabled
                0x200027cc        0x1 _build/softdevice_handler.o
 *fill*         0x200027cd        0x1 
 .bss.m_ble_evt_buffer_size
                0x200027ce        0x2 _build/softdevice_handler.o
 .bss.mp_ble_evt_buffer
                0x200027d0        0x4 _build/softdevice_handler.o
 .bss.m_sys_evt_handler
                0x200027d4        0x4 _build/softdevice_handler.o
 .bss.m_ble_evt_handler
                0x200027d8        0x4 _build/softdevice_handler.o
 .bss.m_evt_schedule_func
                0x200027dc        0x4 _build/softdevice_handler.o
 *(COMMON)
                0x200027e0                . = ALIGN (0x4)
                0x200027e0                __bss_end__ = .

.heap           0x200027e0      0x800
                0x200027e0                __end__ = .
                0x200027e0                end = __end__
 *(.heap*)
 .heap          0x200027e0      0x800 _build/gcc_startup_nrf51.o
                0x200027e0                __HeapBase
                0x20002fe0                __HeapLimit = .

.stack_dummy    0x200027e0      0x800
 *(.stack*)
 .stack         0x200027e0      0x800 _build/gcc_startup_nrf51.o
                0x20004000                __StackTop = (ORIGIN (RAM) + 0x2000)
                0x20003800                __StackLimit = (__StackTop - SIZEOF (.stack_dummy))
                0x20004000                PROVIDE (__stack, __StackTop)
                0x00000001                ASSERT ((__StackLimit >= __HeapLimit), region RAM overflowed with stack)
OUTPUT(_build/nrf51422_xxaa_s110.out elf32-littlearm)

.ARM.attributes
                0x00000000       0x28
 .ARM.attributes
                0x00000000       0x1e /arm/opt/gcc-arm/bin/../lib/gcc/arm-none-eabi/4.9.3/armv6-m/crti.o
 .ARM.attributes
                0x0000001e       0x2c /arm/opt/gcc-arm/bin/../lib/gcc/arm-none-eabi/4.9.3/armv6-m/crtbegin.o
 .ARM.attributes
                0x0000004a       0x1b /arm/opt/gcc-arm/bin/../lib/gcc/arm-none-eabi/4.9.3/../../../../arm-none-eabi/lib/armv6-m/crt0.o
 .ARM.attributes
                0x00000065       0x2c /arm/opt/gcc-arm/bin/../lib/gcc/arm-none-eabi/4.9.3/../../../../arm-none-eabi/lib/armv6-m/libc.a(lib_a-exit.o)
 .ARM.attributes
                0x00000091       0x2c /arm/opt/gcc-arm/bin/../lib/gcc/arm-none-eabi/4.9.3/../../../../arm-none-eabi/lib/armv6-m/libc.a(lib_a-impure.o)
 .ARM.attributes
                0x000000bd       0x2c /arm/opt/gcc-arm/bin/../lib/gcc/arm-none-eabi/4.9.3/../../../../arm-none-eabi/lib/armv6-m/libc.a(lib_a-init.o)
 .ARM.attributes
                0x000000e9       0x2c /arm/opt/gcc-arm/bin/../lib/gcc/arm-none-eabi/4.9.3/../../../../arm-none-eabi/lib/armv6-m/libc.a(lib_a-memset.o)
 .ARM.attributes
                0x00000115       0x2c /arm/opt/gcc-arm/bin/../lib/gcc/arm-none-eabi/4.9.3/../../../../arm-none-eabi/lib/armv6-m/libc.a(lib_a-__call_atexit.o)
 .ARM.attributes
                0x00000141       0x2c /arm/opt/gcc-arm/bin/../lib/gcc/arm-none-eabi/4.9.3/../../../../arm-none-eabi/lib/armv6-m/libc.a(lib_a-atexit.o)
 .ARM.attributes
                0x0000016d       0x2c /arm/opt/gcc-arm/bin/../lib/gcc/arm-none-eabi/4.9.3/../../../../arm-none-eabi/lib/armv6-m/libc.a(lib_a-fini.o)
 .ARM.attributes
                0x00000199       0x2c /arm/opt/gcc-arm/bin/../lib/gcc/arm-none-eabi/4.9.3/../../../../arm-none-eabi/lib/armv6-m/libc.a(lib_a-__atexit.o)
 .ARM.attributes
                0x000001c5       0x2c /arm/opt/gcc-arm/bin/../lib/gcc/arm-none-eabi/4.9.3/../../../../arm-none-eabi/lib/armv6-m/libnosys.a(_exit.o)
 .ARM.attributes
                0x000001f1       0x31 _build/app_button.o
 .ARM.attributes
                0x00000222       0x31 _build/app_error.o
 .ARM.attributes
                0x00000253       0x31 _build/app_timer.o
 .ARM.attributes
                0x00000284       0x31 _build/nrf_drv_common.o
 .ARM.attributes
                0x000002b5       0x31 _build/nrf_drv_gpiote.o
 .ARM.attributes
                0x000002e6       0x31 _build/nrf_drv_uart.o
 .ARM.attributes
                0x00000317       0x31 _build/bsp.o
 .ARM.attributes
                0x00000348       0x31 _build/main.o
 .ARM.attributes
                0x00000379       0x31 _build/ble_advdata.o
 .ARM.attributes
                0x000003aa       0x31 _build/system_nrf51.o
 .ARM.attributes
                0x000003db       0x31 _build/softdevice_handler.o
 .ARM.attributes
                0x0000040c       0x1b _build/gcc_startup_nrf51.o
 .ARM.attributes
                0x00000427       0x1e /arm/opt/gcc-arm/bin/../lib/gcc/arm-none-eabi/4.9.3/armv6-m/libgcc.a(_udivsi3.o)
 .ARM.attributes
                0x00000445       0x1e /arm/opt/gcc-arm/bin/../lib/gcc/arm-none-eabi/4.9.3/armv6-m/libgcc.a(_dvmd_tls.o)
 .ARM.attributes
                0x00000463       0x2c /arm/opt/gcc-arm/bin/../lib/gcc/arm-none-eabi/4.9.3/../../../../arm-none-eabi/lib/armv6-m/libc.a(lib_a-memcpy.o)
 .ARM.attributes
                0x0000048f       0x1e /arm/opt/gcc-arm/bin/../lib/gcc/arm-none-eabi/4.9.3/armv6-m/crtn.o

.comment        0x00000000       0x70
 .comment       0x00000000       0x70 _build/app_button.o
                                 0x71 (size before relaxing)
 .comment       0x00000000       0x71 _build/app_error.o
 .comment       0x00000000       0x71 _build/app_timer.o
 .comment       0x00000000       0x71 _build/nrf_drv_common.o
 .comment       0x00000000       0x71 _build/nrf_drv_gpiote.o
 .comment       0x00000000       0x71 _build/nrf_drv_uart.o
 .comment       0x00000000       0x71 _build/bsp.o
 .comment       0x00000000       0x71 _build/main.o
 .comment       0x00000000       0x71 _build/ble_advdata.o
 .comment       0x00000000       0x71 _build/system_nrf51.o
 .comment       0x00000000       0x71 _build/softdevice_handler.o

.debug_frame    0x00000000      0x1d0
 .debug_frame   0x00000000       0x28 /arm/opt/gcc-arm/bin/../lib/gcc/arm-none-eabi/4.9.3/../../../../arm-none-eabi/lib/armv6-m/libc.a(lib_a-exit.o)
 .debug_frame   0x00000028       0x2c /arm/opt/gcc-arm/bin/../lib/gcc/arm-none-eabi/4.9.3/../../../../arm-none-eabi/lib/armv6-m/libc.a(lib_a-init.o)
 .debug_frame   0x00000054       0x2c /arm/opt/gcc-arm/bin/../lib/gcc/arm-none-eabi/4.9.3/../../../../arm-none-eabi/lib/armv6-m/libc.a(lib_a-memset.o)
 .debug_frame   0x00000080       0x54 /arm/opt/gcc-arm/bin/../lib/gcc/arm-none-eabi/4.9.3/../../../../arm-none-eabi/lib/armv6-m/libc.a(lib_a-__call_atexit.o)
 .debug_frame   0x000000d4       0x28 /arm/opt/gcc-arm/bin/../lib/gcc/arm-none-eabi/4.9.3/../../../../arm-none-eabi/lib/armv6-m/libc.a(lib_a-atexit.o)
 .debug_frame   0x000000fc       0x2c /arm/opt/gcc-arm/bin/../lib/gcc/arm-none-eabi/4.9.3/../../../../arm-none-eabi/lib/armv6-m/libc.a(lib_a-fini.o)
 .debug_frame   0x00000128       0x3c /arm/opt/gcc-arm/bin/../lib/gcc/arm-none-eabi/4.9.3/../../../../arm-none-eabi/lib/armv6-m/libc.a(lib_a-__atexit.o)
 .debug_frame   0x00000164       0x20 /arm/opt/gcc-arm/bin/../lib/gcc/arm-none-eabi/4.9.3/../../../../arm-none-eabi/lib/armv6-m/libnosys.a(_exit.o)
 .debug_frame   0x00000184       0x20 /arm/opt/gcc-arm/bin/../lib/gcc/arm-none-eabi/4.9.3/armv6-m/libgcc.a(_udivsi3.o)
 .debug_frame   0x000001a4       0x2c /arm/opt/gcc-arm/bin/../lib/gcc/arm-none-eabi/4.9.3/../../../../arm-none-eabi/lib/armv6-m/libc.a(lib_a-memcpy.o)
